Archive member included to satisfy reference by file (symbol)

c:/st/stm32cubeide_1.5.1/stm32cubeide/plugins/com.st.stm32cube.ide.mcu.externaltools.gnu-tools-for-stm32.9-2020-q2-update.win32_2.0.0.202105311346/tools/bin/../lib/gcc/arm-none-eabi/9.3.1/../../../../arm-none-eabi/lib/thumb/v7e-m+fp/hard\libc_nano.a(lib_a-errno.o)
                              ./Core/Src/syscalls.o (__errno)
c:/st/stm32cubeide_1.5.1/stm32cubeide/plugins/com.st.stm32cube.ide.mcu.externaltools.gnu-tools-for-stm32.9-2020-q2-update.win32_2.0.0.202105311346/tools/bin/../lib/gcc/arm-none-eabi/9.3.1/../../../../arm-none-eabi/lib/thumb/v7e-m+fp/hard\libc_nano.a(lib_a-exit.o)
                              c:/st/stm32cubeide_1.5.1/stm32cubeide/plugins/com.st.stm32cube.ide.mcu.externaltools.gnu-tools-for-stm32.9-2020-q2-update.win32_2.0.0.202105311346/tools/bin/../lib/gcc/arm-none-eabi/9.3.1/../../../../arm-none-eabi/lib/thumb/v7e-m+fp/hard/crt0.o (exit)
c:/st/stm32cubeide_1.5.1/stm32cubeide/plugins/com.st.stm32cube.ide.mcu.externaltools.gnu-tools-for-stm32.9-2020-q2-update.win32_2.0.0.202105311346/tools/bin/../lib/gcc/arm-none-eabi/9.3.1/../../../../arm-none-eabi/lib/thumb/v7e-m+fp/hard\libc_nano.a(lib_a-impure.o)
                              c:/st/stm32cubeide_1.5.1/stm32cubeide/plugins/com.st.stm32cube.ide.mcu.externaltools.gnu-tools-for-stm32.9-2020-q2-update.win32_2.0.0.202105311346/tools/bin/../lib/gcc/arm-none-eabi/9.3.1/../../../../arm-none-eabi/lib/thumb/v7e-m+fp/hard\libc_nano.a(lib_a-exit.o) (_global_impure_ptr)
c:/st/stm32cubeide_1.5.1/stm32cubeide/plugins/com.st.stm32cube.ide.mcu.externaltools.gnu-tools-for-stm32.9-2020-q2-update.win32_2.0.0.202105311346/tools/bin/../lib/gcc/arm-none-eabi/9.3.1/../../../../arm-none-eabi/lib/thumb/v7e-m+fp/hard\libc_nano.a(lib_a-init.o)
                              c:/st/stm32cubeide_1.5.1/stm32cubeide/plugins/com.st.stm32cube.ide.mcu.externaltools.gnu-tools-for-stm32.9-2020-q2-update.win32_2.0.0.202105311346/tools/bin/../lib/gcc/arm-none-eabi/9.3.1/../../../../arm-none-eabi/lib/thumb/v7e-m+fp/hard/crt0.o (__libc_init_array)
c:/st/stm32cubeide_1.5.1/stm32cubeide/plugins/com.st.stm32cube.ide.mcu.externaltools.gnu-tools-for-stm32.9-2020-q2-update.win32_2.0.0.202105311346/tools/bin/../lib/gcc/arm-none-eabi/9.3.1/../../../../arm-none-eabi/lib/thumb/v7e-m+fp/hard\libc_nano.a(lib_a-memset.o)
                              c:/st/stm32cubeide_1.5.1/stm32cubeide/plugins/com.st.stm32cube.ide.mcu.externaltools.gnu-tools-for-stm32.9-2020-q2-update.win32_2.0.0.202105311346/tools/bin/../lib/gcc/arm-none-eabi/9.3.1/../../../../arm-none-eabi/lib/thumb/v7e-m+fp/hard/crt0.o (memset)
c:/st/stm32cubeide_1.5.1/stm32cubeide/plugins/com.st.stm32cube.ide.mcu.externaltools.gnu-tools-for-stm32.9-2020-q2-update.win32_2.0.0.202105311346/tools/bin/../lib/gcc/arm-none-eabi/9.3.1/../../../../arm-none-eabi/lib/thumb/v7e-m+fp/hard\libm.a(lib_a-s_cos.o)
                              ./Core/Src/GAS_Shock.o (cos)
c:/st/stm32cubeide_1.5.1/stm32cubeide/plugins/com.st.stm32cube.ide.mcu.externaltools.gnu-tools-for-stm32.9-2020-q2-update.win32_2.0.0.202105311346/tools/bin/../lib/gcc/arm-none-eabi/9.3.1/../../../../arm-none-eabi/lib/thumb/v7e-m+fp/hard\libm.a(lib_a-s_sin.o)
                              ./Core/Src/GAS_Shock.o (sin)
c:/st/stm32cubeide_1.5.1/stm32cubeide/plugins/com.st.stm32cube.ide.mcu.externaltools.gnu-tools-for-stm32.9-2020-q2-update.win32_2.0.0.202105311346/tools/bin/../lib/gcc/arm-none-eabi/9.3.1/../../../../arm-none-eabi/lib/thumb/v7e-m+fp/hard\libm.a(lib_a-w_pow.o)
                              ./Core/Src/GAS_Shock.o (pow)
c:/st/stm32cubeide_1.5.1/stm32cubeide/plugins/com.st.stm32cube.ide.mcu.externaltools.gnu-tools-for-stm32.9-2020-q2-update.win32_2.0.0.202105311346/tools/bin/../lib/gcc/arm-none-eabi/9.3.1/../../../../arm-none-eabi/lib/thumb/v7e-m+fp/hard\libm.a(lib_a-e_pow.o)
                              c:/st/stm32cubeide_1.5.1/stm32cubeide/plugins/com.st.stm32cube.ide.mcu.externaltools.gnu-tools-for-stm32.9-2020-q2-update.win32_2.0.0.202105311346/tools/bin/../lib/gcc/arm-none-eabi/9.3.1/../../../../arm-none-eabi/lib/thumb/v7e-m+fp/hard\libm.a(lib_a-w_pow.o) (__ieee754_pow)
c:/st/stm32cubeide_1.5.1/stm32cubeide/plugins/com.st.stm32cube.ide.mcu.externaltools.gnu-tools-for-stm32.9-2020-q2-update.win32_2.0.0.202105311346/tools/bin/../lib/gcc/arm-none-eabi/9.3.1/../../../../arm-none-eabi/lib/thumb/v7e-m+fp/hard\libm.a(lib_a-e_rem_pio2.o)
                              c:/st/stm32cubeide_1.5.1/stm32cubeide/plugins/com.st.stm32cube.ide.mcu.externaltools.gnu-tools-for-stm32.9-2020-q2-update.win32_2.0.0.202105311346/tools/bin/../lib/gcc/arm-none-eabi/9.3.1/../../../../arm-none-eabi/lib/thumb/v7e-m+fp/hard\libm.a(lib_a-s_cos.o) (__ieee754_rem_pio2)
c:/st/stm32cubeide_1.5.1/stm32cubeide/plugins/com.st.stm32cube.ide.mcu.externaltools.gnu-tools-for-stm32.9-2020-q2-update.win32_2.0.0.202105311346/tools/bin/../lib/gcc/arm-none-eabi/9.3.1/../../../../arm-none-eabi/lib/thumb/v7e-m+fp/hard\libm.a(lib_a-e_sqrt.o)
[...]
Memory Configuration

Name             Origin             Length             Attributes
CCMRAM           0x0000000010000000 0x0000000000010000 xrw
RAM              0x0000000020000000 0x0000000000020000 xrw
FLASH            0x0000000008000000 0x0000000000100000 xr
*default*        0x0000000000000000 0xffffffffffffffff

Linker script and memory map

LOAD c:/st/stm32cubeide_1.5.1/stm32cubeide/plugins/com.st.stm32cube.ide.mcu.externaltools.gnu-tools-for-stm32.9-2020-q2-update.win32_2.0.0.202105311346/tools/bin/../lib/gcc/arm-none-eabi/9.3.1/thumb/v7e-m+fp/hard/crti.o
LOAD c:/st/stm32cubeide_1.5.1/stm32cubeide/plugins/com.st.stm32cube.ide.mcu.externaltools.gnu-tools-for-stm32.9-2020-q2-update.win32_2.0.0.202105311346/tools/bin/../lib/gcc/arm-none-eabi/9.3.1/thumb/v7e-m+fp/hard/crtbegin.o
LOAD c:/st/stm32cubeide_1.5.1/stm32cubeide/plugins/com.st.stm32cube.ide.mcu.externaltools.gnu-tools-for-stm32.9-2020-q2-update.win32_2.0.0.202105311346/tools/bin/../lib/gcc/arm-none-eabi/9.3.1/../../../../arm-none-eabi/lib/thumb/v7e-m+fp/hard/crt0.o
LOAD ./Core/Src/GAS_Can.o
LOAD ./Core/Src/GAS_PWM.o
LOAD ./Core/Src/GAS_Scheduler.o
LOAD ./Core/Src/GAS_Shock.o
LOAD ./Core/Src/GAS_Vadc.o
LOAD ./Core/Src/adc.o
LOAD ./Core/Src/can.o
LOAD ./Core/Src/crc.o
LOAD ./Core/Src/dac.o
LOAD ./Core/Src/dma.o
LOAD ./Core/Src/gpio.o
LOAD ./Core/Src/main.o
LOAD ./Core/Src/stm32f4xx_hal_msp.o
LOAD ./Core/Src/stm32f4xx_it.o
LOAD ./Core/Src/syscalls.o
LOAD ./Core/Src/sysmem.o
LOAD ./Core/Src/system_stm32f4xx.o
LOAD ./Core/Src/tim.o
LOAD ./Core/Startup/startup_stm32f405rgtx.o
LOAD ./Drivers/STM32F4xx_HAL_Driver/Src/stm32f4xx_hal.o
LOAD ./Drivers/STM32F4xx_HAL_Driver/Src/stm32f4xx_hal_adc.o
LOAD ./Drivers/STM32F4xx_HAL_Driver/Src/stm32f4xx_hal_adc_ex.o
LOAD ./Drivers/STM32F4xx_HAL_Driver/Src/stm32f4xx_hal_can.o
LOAD ./Drivers/STM32F4xx_HAL_Driver/Src/stm32f4xx_hal_cortex.o
LOAD ./Drivers/STM32F4xx_HAL_Driver/Src/stm32f4xx_hal_crc.o
LOAD ./Drivers/STM32F4xx_HAL_Driver/Src/stm32f4xx_hal_dac.o
LOAD ./Drivers/STM32F4xx_HAL_Driver/Src/stm32f4xx_hal_dac_ex.o
LOAD ./Drivers/STM32F4xx_HAL_Driver/Src/stm32f4xx_hal_dma.o
LOAD ./Drivers/STM32F4xx_HAL_Driver/Src/stm32f4xx_hal_dma_ex.o
LOAD ./Drivers/STM32F4xx_HAL_Driver/Src/stm32f4xx_hal_exti.o
LOAD ./Drivers/STM32F4xx_HAL_Driver/Src/stm32f4xx_hal_flash.o
LOAD ./Drivers/STM32F4xx_HAL_Driver/Src/stm32f4xx_hal_flash_ex.o
LOAD ./Drivers/STM32F4xx_HAL_Driver/Src/stm32f4xx_hal_flash_ramfunc.o
LOAD ./Drivers/STM32F4xx_HAL_Driver/Src/stm32f4xx_hal_gpio.o
LOAD ./Drivers/STM32F4xx_HAL_Driver/Src/stm32f4xx_hal_pwr.o
LOAD ./Drivers/STM32F4xx_HAL_Driver/Src/stm32f4xx_hal_pwr_ex.o
LOAD ./Drivers/STM32F4xx_HAL_Driver/Src/stm32f4xx_hal_rcc.o
LOAD ./Drivers/STM32F4xx_HAL_Driver/Src/stm32f4xx_hal_rcc_ex.o
LOAD ./Drivers/STM32F4xx_HAL_Driver/Src/stm32f4xx_hal_tim.o
LOAD ./Drivers/STM32F4xx_HAL_Driver/Src/stm32f4xx_hal_tim_ex.o
START GROUP
LOAD c:/st/stm32cubeide_1.5.1/stm32cubeide/plugins/com.st.stm32cube.ide.mcu.externaltools.gnu-tools-for-stm32.9-2020-q2-update.win32_2.0.0.202105311346/tools/bin/../lib/gcc/arm-none-eabi/9.3.1/../../../../arm-none-eabi/lib/thumb/v7e-m+fp/hard\libc_nano.a
LOAD c:/st/stm32cubeide_1.5.1/stm32cubeide/plugins/com.st.stm32cube.ide.mcu.externaltools.gnu-tools-for-stm32.9-2020-q2-update.win32_2.0.0.202105311346/tools/bin/../lib/gcc/arm-none-eabi/9.3.1/../../../../arm-none-eabi/lib/thumb/v7e-m+fp/hard\libm.a
END GROUP
START GROUP
LOAD c:/st/stm32cubeide_1.5.1/stm32cubeide/plugins/com.st.stm32cube.ide.mcu.externaltools.gnu-tools-for-stm32.9-2020-q2-update.win32_2.0.0.202105311346/tools/bin/../lib/gcc/arm-none-eabi/9.3.1/thumb/v7e-m+fp/hard\libgcc.a
LOAD c:/st/stm32cubeide_1.5.1/stm32cubeide/plugins/com.st.stm32cube.ide.mcu.externaltools.gnu-tools-for-stm32.9-2020-q2-update.win32_2.0.0.202105311346/tools/bin/../lib/gcc/arm-none-eabi/9.3.1/../../../../arm-none-eabi/lib/thumb/v7e-m+fp/hard\libc_nano.a
END GROUP
START GROUP
LOAD c:/st/stm32cubeide_1.5.1/stm32cubeide/plugins/com.st.stm32cube.ide.mcu.externaltools.gnu-tools-for-stm32.9-2020-q2-update.win32_2.0.0.202105311346/tools/bin/../lib/gcc/arm-none-eabi/9.3.1/thumb/v7e-m+fp/hard\libgcc.a
LOAD c:/st/stm32cubeide_1.5.1/stm32cubeide/plugins/com.st.stm32cube.ide.mcu.externaltools.gnu-tools-for-stm32.9-2020-q2-update.win32_2.0.0.202105311346/tools/bin/../lib/gcc/arm-none-eabi/9.3.1/../../../../arm-none-eabi/lib/thumb/v7e-m+fp/hard\libc_nano.a
LOAD c:/st/stm32cubeide_1.5.1/stm32cubeide/plugins/com.st.stm32cube.ide.mcu.externaltools.gnu-tools-for-stm32.9-2020-q2-update.win32_2.0.0.202105311346/tools/bin/../lib/gcc/arm-none-eabi/9.3.1/../../../../arm-none-eabi/lib/thumb/v7e-m+fp/hard\libnosys.a
END GROUP
START GROUP
LOAD c:/st/stm32cubeide_1.5.1/stm32cubeide/plugins/com.st.stm32cube.ide.mcu.externaltools.gnu-tools-for-stm32.9-2020-q2-update.win32_2.0.0.202105311346/tools/bin/../lib/gcc/arm-none-eabi/9.3.1/thumb/v7e-m+fp/hard\libgcc.a
LOAD c:/st/stm32cubeide_1.5.1/stm32cubeide/plugins/com.st.stm32cube.ide.mcu.externaltools.gnu-tools-for-stm32.9-2020-q2-update.win32_2.0.0.202105311346/tools/bin/../lib/gcc/arm-none-eabi/9.3.1/../../../../arm-none-eabi/lib/thumb/v7e-m+fp/hard\libc_nano.a
LOAD c:/st/stm32cubeide_1.5.1/stm32cubeide/plugins/com.st.stm32cube.ide.mcu.externaltools.gnu-tools-for-stm32.9-2020-q2-update.win32_2.0.0.202105311346/tools/bin/../lib/gcc/arm-none-eabi/9.3.1/../../../../arm-none-eabi/lib/thumb/v7e-m+fp/hard\libnosys.a
END GROUP
LOAD c:/st/stm32cubeide_1.5.1/stm32cubeide/plugins/com.st.stm32cube.ide.mcu.externaltools.gnu-tools-for-stm32.9-2020-q2-update.win32_2.0.0.202105311346/tools/bin/../lib/gcc/arm-none-eabi/9.3.1/thumb/v7e-m+fp/hard/crtend.o
LOAD c:/st/stm32cubeide_1.5.1/stm32cubeide/plugins/com.st.stm32cube.ide.mcu.externaltools.gnu-tools-for-stm32.9-2020-q2-update.win32_2.0.0.202105311346/tools/bin/../lib/gcc/arm-none-eabi/9.3.1/thumb/v7e-m+fp/hard/crtn.o
                0x0000000020020000                _estack = (ORIGIN (RAM) + LENGTH (RAM))
                0x0000000000000200                _Min_Heap_Size = 0x200
                0x0000000000000400                _Min_Stack_Size = 0x400

.isr_vector     0x0000000008000000      0x188
                0x0000000008000000                . = ALIGN (0x4)
 *(.isr_vector)
 .isr_vector    0x0000000008000000      0x188 ./Core/Startup/startup_stm32f405rgtx.o
                0x0000000008000000                g_pfnVectors
                0x0000000008000188                . = ALIGN (0x4)

.text           0x0000000008000188     0x8464
                0x0000000008000188                . = ALIGN (0x4)
 *(.text)
 .text          0x0000000008000188       0x40 c:/st/stm32cubeide_1.5.1/stm32cubeide/plugins/com.st.stm32cube.ide.mcu.externaltools.gnu-tools-for-stm32.9-2020-q2-update.win32_2.0.0.202105311346/tools/bin/../lib/gcc/arm-none-eabi/9.3.1/thumb/v7e-m+fp/hard/crtbegin.o
 .text          0x00000000080001c8      0x378 c:/st/stm32cubeide_1.5.1/stm32cubeide/plugins/com.st.stm32cube.ide.mcu.externaltools.gnu-tools-for-stm32.9-2020-q2-update.win32_2.0.0.202105311346/tools/bin/../lib/gcc/arm-none-eabi/9.3.1/thumb/v7e-m+fp/hard\libgcc.a(_arm_addsubdf3.o)
                0x00000000080001c8                __aeabi_drsub
                0x00000000080001d0                __aeabi_dsub
                0x00000000080001d0                __subdf3
                0x00000000080001d4                __aeabi_dadd
                0x00000000080001d4                __adddf3
                0x000000000800044c                __floatunsidf
                0x000000000800044c                __aeabi_ui2d
                0x000000000800046c                __floatsidf
                0x000000000800046c                __aeabi_i2d
                0x0000000008000490                __aeabi_f2d
                0x0000000008000490                __extendsfdf2
                0x00000000080004d4                __floatundidf
                0x00000000080004d4                __aeabi_ul2d
                0x00000000080004e4                __floatdidf
                0x00000000080004e4                __aeabi_l2d
 .text          0x0000000008000540      0x424 c:/st/stm32cubeide_1.5.1/stm32cubeide/plugins/com.st.stm32cube.ide.mcu.externaltools.gnu-tools-for-stm32.9-2020-q2-update.win32_2.0.0.202105311346/tools/bin/../lib/gcc/arm-none-eabi/9.3.1/thumb/v7e-m+fp/hard\libgcc.a(_arm_muldivdf3.o)
                0x0000000008000540                __aeabi_dmul
                0x0000000008000540                __muldf3
                0x0000000008000794                __divdf3
                0x0000000008000794                __aeabi_ddiv
 .text          0x0000000008000964      0x110 c:/st/stm32cubeide_1.5.1/stm32cubeide/plugins/com.st.stm32cube.ide.mcu.externaltools.gnu-tools-for-stm32.9-2020-q2-update.win32_2.0.0.202105311346/tools/bin/../lib/gcc/arm-none-eabi/9.3.1/thumb/v7e-m+fp/hard\libgcc.a(_arm_cmpdf2.o)
                0x0000000008000964                __gtdf2
                0x0000000008000964                __gedf2
                0x000000000800096c                __ltdf2
                0x000000000800096c                __ledf2
                0x0000000008000974                __nedf2
                0x0000000008000974                __eqdf2
                0x0000000008000974                __cmpdf2
                0x00000000080009f0                __aeabi_cdrcmple
                0x0000000008000a00                __aeabi_cdcmpeq
                0x0000000008000a00                __aeabi_cdcmple
                0x0000000008000a10                __aeabi_dcmpeq
                0x0000000008000a24                __aeabi_dcmplt
                0x0000000008000a38                __aeabi_dcmple
                0x0000000008000a4c                __aeabi_dcmpge
                0x0000000008000a60                __aeabi_dcmpgt
 .text          0x0000000008000a74       0x2c c:/st/stm32cubeide_1.5.1/stm32cubeide/plugins/com.st.stm32cube.ide.mcu.externaltools.gnu-tools-for-stm32.9-2020-q2-update.win32_2.0.0.202105311346/tools/bin/../lib/gcc/arm-none-eabi/9.3.1/thumb/v7e-m+fp/hard\libgcc.a(_arm_unorddf2.o)
                0x0000000008000a74                __unorddf2
                0x0000000008000a74                __aeabi_dcmpun
 .text          0x0000000008000aa0       0x50 c:/st/stm32cubeide_1.5.1/stm32cubeide/plugins/com.st.stm32cube.ide.mcu.externaltools.gnu-tools-for-stm32.9-2020-q2-update.win32_2.0.0.202105311346/tools/bin/../lib/gcc/arm-none-eabi/9.3.1/thumb/v7e-m+fp/hard\libgcc.a(_arm_fixdfsi.o)
                0x0000000008000aa0                __aeabi_d2iz
                0x0000000008000aa0                __fixdfsi
 .text          0x0000000008000af0       0xa0 c:/st/stm32cubeide_1.5.1/stm32cubeide/plugins/com.st.stm32cube.ide.mcu.externaltools.gnu-tools-for-stm32.9-2020-q2-update.win32_2.0.0.202105311346/tools/bin/../lib/gcc/arm-none-eabi/9.3.1/thumb/v7e-m+fp/hard\libgcc.a(_arm_truncdfsf2.o)
                0x0000000008000af0                __truncdfsf2
                0x0000000008000af0                __aeabi_d2f
 .text          0x0000000008000b90       0x30 c:/st/stm32cubeide_1.5.1/stm32cubeide/plugins/com.st.stm32cube.ide.mcu.externaltools.gnu-tools-for-stm32.9-2020-q2-update.win32_2.0.0.202105311346/tools/bin/../lib/gcc/arm-none-eabi/9.3.1/thumb/v7e-m+fp/hard\libgcc.a(_aeabi_uldivmod.o)
                0x0000000008000b90                __aeabi_uldivmod
 .text          0x0000000008000bc0      0x2c4 c:/st/stm32cubeide_1.5.1/stm32cubeide/plugins/com.st.stm32cube.ide.mcu.externaltools.gnu-tools-for-stm32.9-2020-q2-update.win32_2.0.0.202105311346/tools/bin/../lib/gcc/arm-none-eabi/9.3.1/thumb/v7e-m+fp/hard\libgcc.a(_udivmoddi4.o)
                0x0000000008000bc0                __udivmoddi4
 .text          0x0000000008000e84        0x4 c:/st/stm32cubeide_1.5.1/stm32cubeide/plugins/com.st.stm32cube.ide.mcu.externaltools.gnu-tools-for-stm32.9-2020-q2-update.win32_2.0.0.202105311346/tools/bin/../lib/gcc/arm-none-eabi/9.3.1/thumb/v7e-m+fp/hard\libgcc.a(_dvmd_tls.o)
                0x0000000008000e84                __aeabi_idiv0
                0x0000000008000e84                __aeabi_ldiv0
 *(.text*)
 .text.GAS_Can_txSetting
                0x0000000008000e88       0x30 ./Core/Src/GAS_Can.o
                0x0000000008000e88                GAS_Can_txSetting
 .text.GAS_Can_rxSetting
                0x0000000008000eb8       0xcc ./Core/Src/GAS_Can.o
                0x0000000008000eb8                GAS_Can_rxSetting
 .text.GAS_Can_init
                0x0000000008000f84       0x40 ./Core/Src/GAS_Can.o
                0x0000000008000f84                GAS_Can_init
 .text.HAL_CAN_RxFifo0MsgPendingCallback
                0x0000000008000fc4       0x34 ./Core/Src/GAS_Can.o
                0x0000000008000fc4                HAL_CAN_RxFifo0MsgPendingCallback
 .text.HAL_CAN_RxFifo1MsgPendingCallback
                0x0000000008000ff8       0x34 ./Core/Src/GAS_Can.o
                0x0000000008000ff8                HAL_CAN_RxFifo1MsgPendingCallback
 .text.GAS_PWM_inputInit
                0x000000000800102c       0x30 ./Core/Src/GAS_PWM.o
                0x000000000800102c                GAS_PWM_inputInit
 .text.HAL_TIM_IC_CaptureCallback
                0x000000000800105c       0x58 ./Core/Src/GAS_PWM.o
                0x000000000800105c                HAL_TIM_IC_CaptureCallback
 .text.GAS_PWM_Check
                0x00000000080010b4       0x90 ./Core/Src/GAS_PWM.o
                0x00000000080010b4                GAS_PWM_Check
 .text.GAS_PWM_Check2
                0x0000000008001144       0x94 ./Core/Src/GAS_PWM.o
                0x0000000008001144                GAS_PWM_Check2
 .text.__NVIC_SetPriority
                0x00000000080011d8       0x54 ./Core/Src/GAS_Scheduler.o
 .text.SysTick_Config
                0x000000000800122c       0x44 ./Core/Src/GAS_Scheduler.o
 .text.GAS_Scheduler_init
                0x0000000008001270       0x58 ./Core/Src/GAS_Scheduler.o
                0x0000000008001270                GAS_Scheduler_init
 .text.GAS_Scheduler_taskCounter_1ms
                0x00000000080012c8       0x28 ./Core/Src/GAS_Scheduler.o
                0x00000000080012c8                GAS_Scheduler_taskCounter_1ms
 .text.GAS_Scheduler_taskCounter_10ms
                0x00000000080012f0        0xe ./Core/Src/GAS_Scheduler.o
                0x00000000080012f0                GAS_Scheduler_taskCounter_10ms
 .text.GAS_Scheduler_taskCounter_100ms
                0x00000000080012fe        0xe ./Core/Src/GAS_Scheduler.o
                0x00000000080012fe                GAS_Scheduler_taskCounter_100ms
 .text.GAS_Scheduler_taskCounter_1000ms
                0x000000000800130c        0xe ./Core/Src/GAS_Scheduler.o
                0x000000000800130c                GAS_Scheduler_taskCounter_1000ms
 *fill*         0x000000000800131a        0x2 
 .text.HAL_SYSTICK_Callback
                0x000000000800131c       0x8c ./Core/Src/GAS_Scheduler.o
                0x000000000800131c                HAL_SYSTICK_Callback
 .text.GAS_Scheduler
                0x00000000080013a8       0x5c ./Core/Src/GAS_Scheduler.o
                0x00000000080013a8                GAS_Scheduler
 .text.GAS_Shock_init
                0x0000000008001404       0x28 ./Core/Src/GAS_Shock.o
                0x0000000008001404                GAS_Shock_init
 *fill*         0x000000000800142c        0x4 
 .text.Front_Encoder
                0x0000000008001430      0x660 ./Core/Src/GAS_Shock.o
                0x0000000008001430                Front_Encoder
 .text.GAS_Shock_Run
                0x0000000008001a90       0x9c ./Core/Src/GAS_Shock.o
                0x0000000008001a90                GAS_Shock_Run
 .text.MX_ADC1_Init
                0x0000000008001b2c       0xa4 ./Core/Src/adc.o
                0x0000000008001b2c                MX_ADC1_Init
 .text.MX_ADC2_Init
                0x0000000008001bd0       0xa4 ./Core/Src/adc.o
                0x0000000008001bd0                MX_ADC2_Init
 .text.MX_ADC3_Init
                0x0000000008001c74       0xa4 ./Core/Src/adc.o
                0x0000000008001c74                MX_ADC3_Init
 .text.HAL_ADC_MspInit
                0x0000000008001d18      0x288 ./Core/Src/adc.o
                0x0000000008001d18                HAL_ADC_MspInit
 .text.MX_CAN2_Init
                0x0000000008001fa0       0x6c ./Core/Src/can.o
                0x0000000008001fa0                MX_CAN2_Init
 .text.HAL_CAN_MspInit
                0x000000000800200c       0xcc ./Core/Src/can.o
                0x000000000800200c                HAL_CAN_MspInit
 .text.MX_CRC_Init
                0x00000000080020d8       0x28 ./Core/Src/crc.o
                0x00000000080020d8                MX_CRC_Init
 .text.HAL_CRC_MspInit
                0x0000000008002100       0x44 ./Core/Src/crc.o
                0x0000000008002100                HAL_CRC_MspInit
 .text.MX_DAC_Init
                0x0000000008002144       0x54 ./Core/Src/dac.o
                0x0000000008002144                MX_DAC_Init
 .text.HAL_DAC_MspInit
                0x0000000008002198       0x88 ./Core/Src/dac.o
                0x0000000008002198                HAL_DAC_MspInit
 .text.MX_DMA_Init
                0x0000000008002220       0x40 ./Core/Src/dma.o
                0x0000000008002220                MX_DMA_Init
 .text.MX_GPIO_Init
                0x0000000008002260      0x198 ./Core/Src/gpio.o
                0x0000000008002260                MX_GPIO_Init
 .text.main     0x00000000080023f8       0x4a ./Core/Src/main.o
                0x00000000080023f8                main
 *fill*         0x0000000008002442        0x2 
 .text.SystemClock_Config
                0x0000000008002444       0xd8 ./Core/Src/main.o
                0x0000000008002444                SystemClock_Config
 .text.Error_Handler
                0x000000000800251c        0xa ./Core/Src/main.o
                0x000000000800251c                Error_Handler
 *fill*         0x0000000008002526        0x2 
 .text.HAL_MspInit
                0x0000000008002528       0x50 ./Core/Src/stm32f4xx_hal_msp.o
                0x0000000008002528                HAL_MspInit
 .text.NMI_Handler
                0x0000000008002578        0xa ./Core/Src/stm32f4xx_it.o
                0x0000000008002578                NMI_Handler
 .text.HardFault_Handler
                0x0000000008002582        0x6 ./Core/Src/stm32f4xx_it.o
                0x0000000008002582                HardFault_Handler
 .text.MemManage_Handler
                0x0000000008002588        0x6 ./Core/Src/stm32f4xx_it.o
                0x0000000008002588                MemManage_Handler
 .text.BusFault_Handler
                0x000000000800258e        0x6 ./Core/Src/stm32f4xx_it.o
                0x000000000800258e                BusFault_Handler
 .text.UsageFault_Handler
                0x0000000008002594        0x6 ./Core/Src/stm32f4xx_it.o
                0x0000000008002594                UsageFault_Handler
 .text.SVC_Handler
                0x000000000800259a        0xe ./Core/Src/stm32f4xx_it.o
                0x000000000800259a                SVC_Handler
 .text.DebugMon_Handler
                0x00000000080025a8        0xe ./Core/Src/stm32f4xx_it.o
                0x00000000080025a8                DebugMon_Handler
 .text.PendSV_Handler
                0x00000000080025b6        0xe ./Core/Src/stm32f4xx_it.o
                0x00000000080025b6                PendSV_Handler
 .text.SysTick_Handler
                0x00000000080025c4       0x10 ./Core/Src/stm32f4xx_it.o
                0x00000000080025c4                SysTick_Handler
 .text.TIM1_CC_IRQHandler
                0x00000000080025d4       0x14 ./Core/Src/stm32f4xx_it.o
                0x00000000080025d4                TIM1_CC_IRQHandler
 .text.TIM4_IRQHandler
                0x00000000080025e8       0x14 ./Core/Src/stm32f4xx_it.o
                0x00000000080025e8                TIM4_IRQHandler
 .text.TIM8_CC_IRQHandler
                0x00000000080025fc       0x14 ./Core/Src/stm32f4xx_it.o
                0x00000000080025fc                TIM8_CC_IRQHandler
 .text.DMA2_Stream0_IRQHandler
                0x0000000008002610       0x14 ./Core/Src/stm32f4xx_it.o
                0x0000000008002610                DMA2_Stream0_IRQHandler
 .text.CAN2_RX0_IRQHandler
                0x0000000008002624       0x14 ./Core/Src/stm32f4xx_it.o
                0x0000000008002624                CAN2_RX0_IRQHandler
 .text.CAN2_RX1_IRQHandler
                0x0000000008002638       0x14 ./Core/Src/stm32f4xx_it.o
                0x0000000008002638                CAN2_RX1_IRQHandler
 .text.SystemInit
                0x000000000800264c       0x2c ./Core/Src/system_stm32f4xx.o
                0x000000000800264c                SystemInit
 .text.MX_TIM1_Init
                0x0000000008002678      0x114 ./Core/Src/tim.o
                0x0000000008002678                MX_TIM1_Init
 .text.MX_TIM3_Init
                0x000000000800278c      0x114 ./Core/Src/tim.o
                0x000000000800278c                MX_TIM3_Init
 .text.MX_TIM4_Init
                0x00000000080028a0      0x138 ./Core/Src/tim.o
                0x00000000080028a0                MX_TIM4_Init
 .text.MX_TIM8_Init
                0x00000000080029d8      0x110 ./Core/Src/tim.o
                0x00000000080029d8                MX_TIM8_Init
 .text.MX_TIM12_Init
                0x0000000008002ae8      0x110 ./Core/Src/tim.o
                0x0000000008002ae8                MX_TIM12_Init
 .text.HAL_TIM_Base_MspInit
                0x0000000008002bf8      0x26c ./Core/Src/tim.o
                0x0000000008002bf8                HAL_TIM_Base_MspInit
 .text.Reset_Handler
                0x0000000008002e64       0x50 ./Core/Startup/startup_stm32f405rgtx.o
                0x0000000008002e64                Reset_Handler
 .text.Default_Handler
                0x0000000008002eb4        0x2 ./Core/Startup/startup_stm32f405rgtx.o
                0x0000000008002eb4                RTC_Alarm_IRQHandler
                0x0000000008002eb4                HASH_RNG_IRQHandler
                0x0000000008002eb4                EXTI2_IRQHandler
                0x0000000008002eb4                DMA2_Stream5_IRQHandler
                0x0000000008002eb4                DMA1_Stream5_IRQHandler
                0x0000000008002eb4                PVD_IRQHandler
                0x0000000008002eb4                SDIO_IRQHandler
                0x0000000008002eb4                TAMP_STAMP_IRQHandler
                0x0000000008002eb4                EXTI3_IRQHandler
                0x0000000008002eb4                TIM8_TRG_COM_TIM14_IRQHandler
                0x0000000008002eb4                TIM1_UP_TIM10_IRQHandler
                0x0000000008002eb4                TIM8_UP_TIM13_IRQHandler
                0x0000000008002eb4                I2C3_ER_IRQHandler
                0x0000000008002eb4                EXTI0_IRQHandler
                0x0000000008002eb4                I2C2_EV_IRQHandler
                0x0000000008002eb4                DMA1_Stream2_IRQHandler
                0x0000000008002eb4                CAN1_RX0_IRQHandler
                0x0000000008002eb4                FPU_IRQHandler
                0x0000000008002eb4                OTG_HS_WKUP_IRQHandler
                0x0000000008002eb4                CAN2_SCE_IRQHandler
                0x0000000008002eb4                DMA2_Stream2_IRQHandler
                0x0000000008002eb4                SPI1_IRQHandler
                0x0000000008002eb4                TIM6_DAC_IRQHandler
                0x0000000008002eb4                TIM1_BRK_TIM9_IRQHandler
                0x0000000008002eb4                DMA2_Stream3_IRQHandler
                0x0000000008002eb4                USART6_IRQHandler
                0x0000000008002eb4                USART3_IRQHandler
                0x0000000008002eb4                CAN1_RX1_IRQHandler
                0x0000000008002eb4                UART5_IRQHandler
                0x0000000008002eb4                I2C1_EV_IRQHandler
                0x0000000008002eb4                DMA1_Stream6_IRQHandler
                0x0000000008002eb4                DMA1_Stream1_IRQHandler
                0x0000000008002eb4                UART4_IRQHandler
                0x0000000008002eb4                TIM3_IRQHandler
                0x0000000008002eb4                RCC_IRQHandler
                0x0000000008002eb4                TIM8_BRK_TIM12_IRQHandler
                0x0000000008002eb4                Default_Handler
                0x0000000008002eb4                EXTI15_10_IRQHandler
                0x0000000008002eb4                ADC_IRQHandler
                0x0000000008002eb4                DMA1_Stream7_IRQHandler
                0x0000000008002eb4                TIM7_IRQHandler
                0x0000000008002eb4                CAN2_TX_IRQHandler
                0x0000000008002eb4                TIM5_IRQHandler
                0x0000000008002eb4                DMA2_Stream7_IRQHandler
                0x0000000008002eb4                I2C3_EV_IRQHandler
                0x0000000008002eb4                EXTI9_5_IRQHandler
                0x0000000008002eb4                RTC_WKUP_IRQHandler
                0x0000000008002eb4                SPI2_IRQHandler
                0x0000000008002eb4                OTG_HS_EP1_IN_IRQHandler
                0x0000000008002eb4                DMA1_Stream0_IRQHandler
                0x0000000008002eb4                CAN1_TX_IRQHandler
                0x0000000008002eb4                EXTI4_IRQHandler
                0x0000000008002eb4                FSMC_IRQHandler
                0x0000000008002eb4                OTG_HS_EP1_OUT_IRQHandler
                0x0000000008002eb4                WWDG_IRQHandler
                0x0000000008002eb4                TIM2_IRQHandler
                0x0000000008002eb4                OTG_FS_WKUP_IRQHandler
                0x0000000008002eb4                TIM1_TRG_COM_TIM11_IRQHandler
                0x0000000008002eb4                OTG_HS_IRQHandler
                0x0000000008002eb4                EXTI1_IRQHandler
                0x0000000008002eb4                USART2_IRQHandler
                0x0000000008002eb4                I2C2_ER_IRQHandler
                0x0000000008002eb4                DMA2_Stream1_IRQHandler
                0x0000000008002eb4                CAN1_SCE_IRQHandler
                0x0000000008002eb4                FLASH_IRQHandler
                0x0000000008002eb4                DMA2_Stream4_IRQHandler
                0x0000000008002eb4                USART1_IRQHandler
                0x0000000008002eb4                OTG_FS_IRQHandler
                0x0000000008002eb4                SPI3_IRQHandler
                0x0000000008002eb4                DMA1_Stream4_IRQHandler
                0x0000000008002eb4                I2C1_ER_IRQHandler
                0x0000000008002eb4                DMA2_Stream6_IRQHandler
                0x0000000008002eb4                DMA1_Stream3_IRQHandler
 *fill*         0x0000000008002eb6        0x2 
 .text.HAL_Init
                0x0000000008002eb8       0x44 ./Drivers/STM32F4xx_HAL_Driver/Src/stm32f4xx_hal.o
                0x0000000008002eb8                HAL_Init
 .text.HAL_InitTick
                0x0000000008002efc       0x60 ./Drivers/STM32F4xx_HAL_Driver/Src/stm32f4xx_hal.o
                0x0000000008002efc                HAL_InitTick
 .text.HAL_IncTick
                0x0000000008002f5c       0x28 ./Drivers/STM32F4xx_HAL_Driver/Src/stm32f4xx_hal.o
                0x0000000008002f5c                HAL_IncTick
 .text.HAL_GetTick
                0x0000000008002f84       0x18 ./Drivers/STM32F4xx_HAL_Driver/Src/stm32f4xx_hal.o
                0x0000000008002f84                HAL_GetTick
 .text.HAL_ADC_Init
                0x0000000008002f9c       0x86 ./Drivers/STM32F4xx_HAL_Driver/Src/stm32f4xx_hal_adc.o
                0x0000000008002f9c                HAL_ADC_Init
 *fill*         0x0000000008003022        0x2 
 .text.HAL_ADC_ConfigChannel
                0x0000000008003024      0x244 ./Drivers/STM32F4xx_HAL_Driver/Src/stm32f4xx_hal_adc.o
                0x0000000008003024                HAL_ADC_ConfigChannel
 .text.ADC_Init
                0x0000000008003268      0x1f8 ./Drivers/STM32F4xx_HAL_Driver/Src/stm32f4xx_hal_adc.o
 .text.HAL_CAN_Init
                0x0000000008003460      0x1f6 ./Drivers/STM32F4xx_HAL_Driver/Src/stm32f4xx_hal_can.o
                0x0000000008003460                HAL_CAN_Init
 *fill*         0x0000000008003656        0x2 
 .text.HAL_CAN_ConfigFilter
                0x0000000008003658      0x1c0 ./Drivers/STM32F4xx_HAL_Driver/Src/stm32f4xx_hal_can.o
                0x0000000008003658                HAL_CAN_ConfigFilter
 .text.HAL_CAN_Start
                0x0000000008003818       0x88 ./Drivers/STM32F4xx_HAL_Driver/Src/stm32f4xx_hal_can.o
                0x0000000008003818                HAL_CAN_Start
 .text.HAL_CAN_AddTxMessage
                0x00000000080038a0      0x1b6 ./Drivers/STM32F4xx_HAL_Driver/Src/stm32f4xx_hal_can.o
                0x00000000080038a0                HAL_CAN_AddTxMessage
 .text.HAL_CAN_GetTxMailboxesFreeLevel
                0x0000000008003a56       0x6a ./Drivers/STM32F4xx_HAL_Driver/Src/stm32f4xx_hal_can.o
                0x0000000008003a56                HAL_CAN_GetTxMailboxesFreeLevel
 .text.HAL_CAN_GetRxMessage
                0x0000000008003ac0      0x224 ./Drivers/STM32F4xx_HAL_Driver/Src/stm32f4xx_hal_can.o
                0x0000000008003ac0                HAL_CAN_GetRxMessage
 .text.HAL_CAN_ActivateNotification
                0x0000000008003ce4       0x4c ./Drivers/STM32F4xx_HAL_Driver/Src/stm32f4xx_hal_can.o
                0x0000000008003ce4                HAL_CAN_ActivateNotification
 .text.HAL_CAN_IRQHandler
                0x0000000008003d30      0x36e ./Drivers/STM32F4xx_HAL_Driver/Src/stm32f4xx_hal_can.o
                0x0000000008003d30                HAL_CAN_IRQHandler
 .text.HAL_CAN_TxMailbox0CompleteCallback
                0x000000000800409e       0x14 ./Drivers/STM32F4xx_HAL_Driver/Src/stm32f4xx_hal_can.o
                0x000000000800409e                HAL_CAN_TxMailbox0CompleteCallback
 .text.HAL_CAN_TxMailbox1CompleteCallback
                0x00000000080040b2       0x14 ./Drivers/STM32F4xx_HAL_Driver/Src/stm32f4xx_hal_can.o
                0x00000000080040b2                HAL_CAN_TxMailbox1CompleteCallback
 .text.HAL_CAN_TxMailbox2CompleteCallback
                0x00000000080040c6       0x14 ./Drivers/STM32F4xx_HAL_Driver/Src/stm32f4xx_hal_can.o
                0x00000000080040c6                HAL_CAN_TxMailbox2CompleteCallback
 .text.HAL_CAN_TxMailbox0AbortCallback
                0x00000000080040da       0x14 ./Drivers/STM32F4xx_HAL_Driver/Src/stm32f4xx_hal_can.o
                0x00000000080040da                HAL_CAN_TxMailbox0AbortCallback
 .text.HAL_CAN_TxMailbox1AbortCallback
                0x00000000080040ee       0x14 ./Drivers/STM32F4xx_HAL_Driver/Src/stm32f4xx_hal_can.o
                0x00000000080040ee                HAL_CAN_TxMailbox1AbortCallback
 .text.HAL_CAN_TxMailbox2AbortCallback
                0x0000000008004102       0x14 ./Drivers/STM32F4xx_HAL_Driver/Src/stm32f4xx_hal_can.o
                0x0000000008004102                HAL_CAN_TxMailbox2AbortCallback
 .text.HAL_CAN_RxFifo0FullCallback
                0x0000000008004116       0x14 ./Drivers/STM32F4xx_HAL_Driver/Src/stm32f4xx_hal_can.o
                0x0000000008004116                HAL_CAN_RxFifo0FullCallback
 .text.HAL_CAN_RxFifo1FullCallback
                0x000000000800412a       0x14 ./Drivers/STM32F4xx_HAL_Driver/Src/stm32f4xx_hal_can.o
                0x000000000800412a                HAL_CAN_RxFifo1FullCallback
 .text.HAL_CAN_SleepCallback
                0x000000000800413e       0x14 ./Drivers/STM32F4xx_HAL_Driver/Src/stm32f4xx_hal_can.o
                0x000000000800413e                HAL_CAN_SleepCallback
 .text.HAL_CAN_WakeUpFromRxMsgCallback
                0x0000000008004152       0x14 ./Drivers/STM32F4xx_HAL_Driver/Src/stm32f4xx_hal_can.o
                0x0000000008004152                HAL_CAN_WakeUpFromRxMsgCallback
 .text.HAL_CAN_ErrorCallback
                0x0000000008004166       0x14 ./Drivers/STM32F4xx_HAL_Driver/Src/stm32f4xx_hal_can.o
                0x0000000008004166                HAL_CAN_ErrorCallback
 *fill*         0x000000000800417a        0x2 
 .text.__NVIC_SetPriorityGrouping
                0x000000000800417c       0x48 ./Drivers/STM32F4xx_HAL_Driver/Src/stm32f4xx_hal_cortex.o
 .text.__NVIC_GetPriorityGrouping
                0x00000000080041c4       0x1c ./Drivers/STM32F4xx_HAL_Driver/Src/stm32f4xx_hal_cortex.o
 .text.__NVIC_EnableIRQ
                0x00000000080041e0       0x3c ./Drivers/STM32F4xx_HAL_Driver/Src/stm32f4xx_hal_cortex.o
 .text.__NVIC_SetPriority
                0x000000000800421c       0x54 ./Drivers/STM32F4xx_HAL_Driver/Src/stm32f4xx_hal_cortex.o
 .text.NVIC_EncodePriority
                0x0000000008004270       0x66 ./Drivers/STM32F4xx_HAL_Driver/Src/stm32f4xx_hal_cortex.o
 *fill*         0x00000000080042d6        0x2 
 .text.SysTick_Config
                0x00000000080042d8       0x44 ./Drivers/STM32F4xx_HAL_Driver/Src/stm32f4xx_hal_cortex.o
 .text.HAL_NVIC_SetPriorityGrouping
                0x000000000800431c       0x16 ./Drivers/STM32F4xx_HAL_Driver/Src/stm32f4xx_hal_cortex.o
                0x000000000800431c                HAL_NVIC_SetPriorityGrouping
 .text.HAL_NVIC_SetPriority
                0x0000000008004332       0x38 ./Drivers/STM32F4xx_HAL_Driver/Src/stm32f4xx_hal_cortex.o
                0x0000000008004332                HAL_NVIC_SetPriority
 .text.HAL_NVIC_EnableIRQ
                0x000000000800436a       0x1c ./Drivers/STM32F4xx_HAL_Driver/Src/stm32f4xx_hal_cortex.o
                0x000000000800436a                HAL_NVIC_EnableIRQ
 .text.HAL_SYSTICK_Config
                0x0000000008004386       0x18 ./Drivers/STM32F4xx_HAL_Driver/Src/stm32f4xx_hal_cortex.o
                0x0000000008004386                HAL_SYSTICK_Config
 .text.HAL_SYSTICK_IRQHandler
                0x000000000800439e        0xc ./Drivers/STM32F4xx_HAL_Driver/Src/stm32f4xx_hal_cortex.o
                0x000000000800439e                HAL_SYSTICK_IRQHandler
 .text.HAL_CRC_Init
                0x00000000080043aa       0x38 ./Drivers/STM32F4xx_HAL_Driver/Src/stm32f4xx_hal_crc.o
                0x00000000080043aa                HAL_CRC_Init
 .text.HAL_DAC_Init
                0x00000000080043e2       0x44 ./Drivers/STM32F4xx_HAL_Driver/Src/stm32f4xx_hal_dac.o
                0x00000000080043e2                HAL_DAC_Init
 .text.HAL_DAC_ConfigChannel
                0x0000000008004426       0x9a ./Drivers/STM32F4xx_HAL_Driver/Src/stm32f4xx_hal_dac.o
                0x0000000008004426                HAL_DAC_ConfigChannel
 .text.HAL_DMA_Init
                0x00000000080044c0      0x15c ./Drivers/STM32F4xx_HAL_Driver/Src/stm32f4xx_hal_dma.o
                0x00000000080044c0                HAL_DMA_Init
 .text.HAL_DMA_IRQHandler
                0x000000000800461c      0x314 ./Drivers/STM32F4xx_HAL_Driver/Src/stm32f4xx_hal_dma.o
                0x000000000800461c                HAL_DMA_IRQHandler
 .text.DMA_CalcBaseAndBitshift
                0x0000000008004930       0x6c ./Drivers/STM32F4xx_HAL_Driver/Src/stm32f4xx_hal_dma.o
 .text.DMA_CheckFifoParam
                0x000000000800499c       0xf8 ./Drivers/STM32F4xx_HAL_Driver/Src/stm32f4xx_hal_dma.o
 .text.HAL_GPIO_Init
                0x0000000008004a94      0x338 ./Drivers/STM32F4xx_HAL_Driver/Src/stm32f4xx_hal_gpio.o
                0x0000000008004a94                HAL_GPIO_Init
 .text.HAL_GPIO_WritePin
                0x0000000008004dcc       0x32 ./Drivers/STM32F4xx_HAL_Driver/Src/stm32f4xx_hal_gpio.o
                0x0000000008004dcc                HAL_GPIO_WritePin
 *fill*         0x0000000008004dfe        0x2 
 .text.HAL_RCC_OscConfig
                0x0000000008004e00      0x4e0 ./Drivers/STM32F4xx_HAL_Driver/Src/stm32f4xx_hal_rcc.o
                0x0000000008004e00                HAL_RCC_OscConfig
 .text.HAL_RCC_ClockConfig
                0x00000000080052e0      0x1cc ./Drivers/STM32F4xx_HAL_Driver/Src/stm32f4xx_hal_rcc.o
                0x00000000080052e0                HAL_RCC_ClockConfig
 .text.HAL_RCC_EnableCSS
                0x00000000080054ac       0x18 ./Drivers/STM32F4xx_HAL_Driver/Src/stm32f4xx_hal_rcc.o
                0x00000000080054ac                HAL_RCC_EnableCSS
 .text.HAL_RCC_GetSysClockFreq
                0x00000000080054c4      0x1c4 ./Drivers/STM32F4xx_HAL_Driver/Src/stm32f4xx_hal_rcc.o
                0x00000000080054c4                HAL_RCC_GetSysClockFreq
 .text.HAL_RCC_NMI_IRQHandler
                0x0000000008005688       0x28 ./Drivers/STM32F4xx_HAL_Driver/Src/stm32f4xx_hal_rcc.o
                0x0000000008005688                HAL_RCC_NMI_IRQHandler
 .text.HAL_RCC_CSSCallback
                0x00000000080056b0        0xe ./Drivers/STM32F4xx_HAL_Driver/Src/stm32f4xx_hal_rcc.o
                0x00000000080056b0                HAL_RCC_CSSCallback
 .text.HAL_TIM_Base_Init
                0x00000000080056be       0x56 ./Drivers/STM32F4xx_HAL_Driver/Src/stm32f4xx_hal_tim.o
                0x00000000080056be                HAL_TIM_Base_Init
 .text.HAL_TIM_Base_Start_IT
                0x0000000008005714       0x48 ./Drivers/STM32F4xx_HAL_Driver/Src/stm32f4xx_hal_tim.o
                0x0000000008005714                HAL_TIM_Base_Start_IT
 .text.HAL_TIM_IC_Init
                0x000000000800575c       0x56 ./Drivers/STM32F4xx_HAL_Driver/Src/stm32f4xx_hal_tim.o
                0x000000000800575c                HAL_TIM_IC_Init
 .text.HAL_TIM_IC_MspInit
                0x00000000080057b2       0x14 ./Drivers/STM32F4xx_HAL_Driver/Src/stm32f4xx_hal_tim.o
                0x00000000080057b2                HAL_TIM_IC_MspInit
 *fill*         0x00000000080057c6        0x2 
 .text.HAL_TIM_IC_Start_IT
                0x00000000080057c8       0xd0 ./Drivers/STM32F4xx_HAL_Driver/Src/stm32f4xx_hal_tim.o
                0x00000000080057c8                HAL_TIM_IC_Start_IT
 .text.HAL_TIM_IRQHandler
                0x0000000008005898      0x210 ./Drivers/STM32F4xx_HAL_Driver/Src/stm32f4xx_hal_tim.o
                0x0000000008005898                HAL_TIM_IRQHandler
 .text.HAL_TIM_IC_ConfigChannel
                0x0000000008005aa8      0x138 ./Drivers/STM32F4xx_HAL_Driver/Src/stm32f4xx_hal_tim.o
                0x0000000008005aa8                HAL_TIM_IC_ConfigChannel
 .text.HAL_TIM_ConfigClockSource
                0x0000000008005be0      0x188 ./Drivers/STM32F4xx_HAL_Driver/Src/stm32f4xx_hal_tim.o
                0x0000000008005be0                HAL_TIM_ConfigClockSource
 .text.HAL_TIM_SlaveConfigSynchro
                0x0000000008005d68       0x84 ./Drivers/STM32F4xx_HAL_Driver/Src/stm32f4xx_hal_tim.o
                0x0000000008005d68                HAL_TIM_SlaveConfigSynchro
 .text.HAL_TIM_ReadCapturedValue
                0x0000000008005dec       0x88 ./Drivers/STM32F4xx_HAL_Driver/Src/stm32f4xx_hal_tim.o
                0x0000000008005dec                HAL_TIM_ReadCapturedValue
 .text.HAL_TIM_PeriodElapsedCallback
                0x0000000008005e74       0x14 ./Drivers/STM32F4xx_HAL_Driver/Src/stm32f4xx_hal_tim.o
                0x0000000008005e74                HAL_TIM_PeriodElapsedCallback
 .text.HAL_TIM_OC_DelayElapsedCallback
                0x0000000008005e88       0x14 ./Drivers/STM32F4xx_HAL_Driver/Src/stm32f4xx_hal_tim.o
                0x0000000008005e88                HAL_TIM_OC_DelayElapsedCallback
 .text.HAL_TIM_PWM_PulseFinishedCallback
                0x0000000008005e9c       0x14 ./Drivers/STM32F4xx_HAL_Driver/Src/stm32f4xx_hal_tim.o
                0x0000000008005e9c                HAL_TIM_PWM_PulseFinishedCallback
 .text.HAL_TIM_TriggerCallback
                0x0000000008005eb0       0x14 ./Drivers/STM32F4xx_HAL_Driver/Src/stm32f4xx_hal_tim.o
                0x0000000008005eb0                HAL_TIM_TriggerCallback
 .text.TIM_Base_SetConfig
                0x0000000008005ec4      0x140 ./Drivers/STM32F4xx_HAL_Driver/Src/stm32f4xx_hal_tim.o
                0x0000000008005ec4                TIM_Base_SetConfig
 .text.TIM_SlaveTimer_SetConfig
                0x0000000008006004      0x11c ./Drivers/STM32F4xx_HAL_Driver/Src/stm32f4xx_hal_tim.o
 .text.TIM_TI1_SetConfig
                0x0000000008006120       0xe8 ./Drivers/STM32F4xx_HAL_Driver/Src/stm32f4xx_hal_tim.o
                0x0000000008006120                TIM_TI1_SetConfig
 .text.TIM_TI1_ConfigInputStage
                0x0000000008006208       0x5e ./Drivers/STM32F4xx_HAL_Driver/Src/stm32f4xx_hal_tim.o
 .text.TIM_TI2_SetConfig
                0x0000000008006266       0x7a ./Drivers/STM32F4xx_HAL_Driver/Src/stm32f4xx_hal_tim.o
 .text.TIM_TI2_ConfigInputStage
                0x00000000080062e0       0x60 ./Drivers/STM32F4xx_HAL_Driver/Src/stm32f4xx_hal_tim.o
 .text.TIM_TI3_SetConfig
                0x0000000008006340       0x78 ./Drivers/STM32F4xx_HAL_Driver/Src/stm32f4xx_hal_tim.o
 .text.TIM_TI4_SetConfig
                0x00000000080063b8       0x7a ./Drivers/STM32F4xx_HAL_Driver/Src/stm32f4xx_hal_tim.o
 .text.TIM_ITRx_SetConfig
                0x0000000008006432       0x36 ./Drivers/STM32F4xx_HAL_Driver/Src/stm32f4xx_hal_tim.o
 .text.TIM_ETR_SetConfig
                0x0000000008006468       0x40 ./Drivers/STM32F4xx_HAL_Driver/Src/stm32f4xx_hal_tim.o
                0x0000000008006468                TIM_ETR_SetConfig
 .text.TIM_CCxChannelCmd
                0x00000000080064a8       0x4a ./Drivers/STM32F4xx_HAL_Driver/Src/stm32f4xx_hal_tim.o
                0x00000000080064a8                TIM_CCxChannelCmd
 *fill*         0x00000000080064f2        0x2 
 .text.HAL_TIMEx_MasterConfigSynchronization
                0x00000000080064f4       0xf8 ./Drivers/STM32F4xx_HAL_Driver/Src/stm32f4xx_hal_tim_ex.o
                0x00000000080064f4                HAL_TIMEx_MasterConfigSynchronization
 .text.HAL_TIMEx_CommutCallback
                0x00000000080065ec       0x14 ./Drivers/STM32F4xx_HAL_Driver/Src/stm32f4xx_hal_tim_ex.o
                0x00000000080065ec                HAL_TIMEx_CommutCallback
 .text.HAL_TIMEx_BreakCallback
                0x0000000008006600       0x14 ./Drivers/STM32F4xx_HAL_Driver/Src/stm32f4xx_hal_tim_ex.o
                0x0000000008006600                HAL_TIMEx_BreakCallback
 .text.__errno  0x0000000008006614        0xc c:/st/stm32cubeide_1.5.1/stm32cubeide/plugins/com.st.stm32cube.ide.mcu.externaltools.gnu-tools-for-stm32.9-2020-q2-update.win32_2.0.0.202105311346/tools/bin/../lib/gcc/arm-none-eabi/9.3.1/../../../../arm-none-eabi/lib/thumb/v7e-m+fp/hard\libc_nano.a(lib_a-errno.o)
                0x0000000008006614                __errno
 .text.__libc_init_array
                0x0000000008006620       0x48 c:/st/stm32cubeide_1.5.1/stm32cubeide/plugins/com.st.stm32cube.ide.mcu.externaltools.gnu-tools-for-stm32.9-2020-q2-update.win32_2.0.0.202105311346/tools/bin/../lib/gcc/arm-none-eabi/9.3.1/../../../../arm-none-eabi/lib/thumb/v7e-m+fp/hard\libc_nano.a(lib_a-init.o)
                0x0000000008006620                __libc_init_array
 .text.memset   0x0000000008006668       0x10 c:/st/stm32cubeide_1.5.1/stm32cubeide/plugins/com.st.stm32cube.ide.mcu.externaltools.gnu-tools-for-stm32.9-2020-q2-update.win32_2.0.0.202105311346/tools/bin/../lib/gcc/arm-none-eabi/9.3.1/../../../../arm-none-eabi/lib/thumb/v7e-m+fp/hard\libc_nano.a(lib_a-memset.o)
                0x0000000008006668                memset
 .text.cos      0x0000000008006678       0xa0 c:/st/stm32cubeide_1.5.1/stm32cubeide/plugins/com.st.stm32cube.ide.mcu.externaltools.gnu-tools-for-stm32.9-2020-q2-update.win32_2.0.0.202105311346/tools/bin/../lib/gcc/arm-none-eabi/9.3.1/../../../../arm-none-eabi/lib/thumb/v7e-m+fp/hard\libm.a(lib_a-s_cos.o)
                0x0000000008006678                cos
 .text.sin      0x0000000008006718       0xa8 c:/st/stm32cubeide_1.5.1/stm32cubeide/plugins/com.st.stm32cube.ide.mcu.externaltools.gnu-tools-for-stm32.9-2020-q2-update.win32_2.0.0.202105311346/tools/bin/../lib/gcc/arm-none-eabi/9.3.1/../../../../arm-none-eabi/lib/thumb/v7e-m+fp/hard\libm.a(lib_a-s_sin.o)
                0x0000000008006718                sin
 .text.pow      0x00000000080067c0      0x15c c:/st/stm32cubeide_1.5.1/stm32cubeide/plugins/com.st.stm32cube.ide.mcu.externaltools.gnu-tools-for-stm32.9-2020-q2-update.win32_2.0.0.202105311346/tools/bin/../lib/gcc/arm-none-eabi/9.3.1/../../../../arm-none-eabi/lib/thumb/v7e-m+fp/hard\libm.a(lib_a-w_pow.o)
                0x00000000080067c0                pow
 *fill*         0x000000000800691c        0x4 
 .text.__ieee754_pow
                0x0000000008006920      0xa44 c:/st/stm32cubeide_1.5.1/stm32cubeide/plugins/com.st.stm32cube.ide.mcu.externaltools.gnu-tools-for-stm32.9-2020-q2-update.win32_2.0.0.202105311346/tools/bin/../lib/gcc/arm-none-eabi/9.3.1/../../../../arm-none-eabi/lib/thumb/v7e-m+fp/hard\libm.a(lib_a-e_pow.o)
                0x0000000008006920                __ieee754_pow
 *fill*         0x0000000008007364        0x4 
 .text.__ieee754_rem_pio2
                0x0000000008007368      0x414 c:/st/stm32cubeide_1.5.1/stm32cubeide/plugins/com.st.stm32cube.ide.mcu.externaltools.gnu-tools-for-stm32.9-2020-q2-update.win32_2.0.0.202105311346/tools/bin/../lib/gcc/arm-none-eabi/9.3.1/../../../../arm-none-eabi/lib/thumb/v7e-m+fp/hard\libm.a(lib_a-e_rem_pio2.o)
                0x0000000008007368                __ieee754_rem_pio2
 .text.__ieee754_sqrt
                0x000000000800777c      0x168 c:/st/stm32cubeide_1.5.1/stm32cubeide/plugins/com.st.stm32cube.ide.mcu.externaltools.gnu-tools-for-stm32.9-2020-q2-update.win32_2.0.0.202105311346/tools/bin/../lib/gcc/arm-none-eabi/9.3.1/../../../../arm-none-eabi/lib/thumb/v7e-m+fp/hard\libm.a(lib_a-e_sqrt.o)
                0x000000000800777c                __ieee754_sqrt
 *fill*         0x00000000080078e4        0x4 
 .text.__kernel_cos
                0x00000000080078e8      0x18c c:/st/stm32cubeide_1.5.1/stm32cubeide/plugins/com.st.stm32cube.ide.mcu.externaltools.gnu-tools-for-stm32.9-2020-q2-update.win32_2.0.0.202105311346/tools/bin/../lib/gcc/arm-none-eabi/9.3.1/../../../../arm-none-eabi/lib/thumb/v7e-m+fp/hard\libm.a(lib_a-k_cos.o)
                0x00000000080078e8                __kernel_cos
 *fill*         0x0000000008007a74        0x4 
 .text.__kernel_rem_pio2
                0x0000000008007a78      0x680 c:/st/stm32cubeide_1.5.1/stm32cubeide/plugins/com.st.stm32cube.ide.mcu.externaltools.gnu-tools-for-stm32.9-2020-q2-update.win32_2.0.0.202105311346/tools/bin/../lib/gcc/arm-none-eabi/9.3.1/../../../../arm-none-eabi/lib/thumb/v7e-m+fp/hard\libm.a(lib_a-k_rem_pio2.o)
                0x0000000008007a78                __kernel_rem_pio2
 .text.__kernel_sin
                0x00000000080080f8      0x17c c:/st/stm32cubeide_1.5.1/stm32cubeide/plugins/com.st.stm32cube.ide.mcu.externaltools.gnu-tools-for-stm32.9-2020-q2-update.win32_2.0.0.202105311346/tools/bin/../lib/gcc/arm-none-eabi/9.3.1/../../../../arm-none-eabi/lib/thumb/v7e-m+fp/hard\libm.a(lib_a-k_sin.o)
                0x00000000080080f8                __kernel_sin
 .text.fabs     0x0000000008008274       0x12 c:/st/stm32cubeide_1.5.1/stm32cubeide/plugins/com.st.stm32cube.ide.mcu.externaltools.gnu-tools-for-stm32.9-2020-q2-update.win32_2.0.0.202105311346/tools/bin/../lib/gcc/arm-none-eabi/9.3.1/../../../../arm-none-eabi/lib/thumb/v7e-m+fp/hard\libm.a(lib_a-s_fabs.o)
                0x0000000008008274                fabs
 .text.finite   0x0000000008008286       0x16 c:/st/stm32cubeide_1.5.1/stm32cubeide/plugins/com.st.stm32cube.ide.mcu.externaltools.gnu-tools-for-stm32.9-2020-q2-update.win32_2.0.0.202105311346/tools/bin/../lib/gcc/arm-none-eabi/9.3.1/../../../../arm-none-eabi/lib/thumb/v7e-m+fp/hard\libm.a(lib_a-s_finite.o)
                0x0000000008008286                finite
 *fill*         0x000000000800829c        0x4 
 .text.floor    0x00000000080082a0      0x100 c:/st/stm32cubeide_1.5.1/stm32cubeide/plugins/com.st.stm32cube.ide.mcu.externaltools.gnu-tools-for-stm32.9-2020-q2-update.win32_2.0.0.202105311346/tools/bin/../lib/gcc/arm-none-eabi/9.3.1/../../../../arm-none-eabi/lib/thumb/v7e-m+fp/hard\libm.a(lib_a-s_floor.o)
                0x00000000080082a0                floor
 .text.nan      0x00000000080083a0       0x10 c:/st/stm32cubeide_1.5.1/stm32cubeide/plugins/com.st.stm32cube.ide.mcu.externaltools.gnu-tools-for-stm32.9-2020-q2-update.win32_2.0.0.202105311346/tools/bin/../lib/gcc/arm-none-eabi/9.3.1/../../../../arm-none-eabi/lib/thumb/v7e-m+fp/hard\libm.a(lib_a-s_nan.o)
                0x00000000080083a0                nan
 .text.rint     0x00000000080083b0      0x114 c:/st/stm32cubeide_1.5.1/stm32cubeide/plugins/com.st.stm32cube.ide.mcu.externaltools.gnu-tools-for-stm32.9-2020-q2-update.win32_2.0.0.202105311346/tools/bin/../lib/gcc/arm-none-eabi/9.3.1/../../../../arm-none-eabi/lib/thumb/v7e-m+fp/hard\libm.a(lib_a-s_rint.o)
                0x00000000080083b0                rint
 *fill*         0x00000000080084c4        0x4 
 .text.scalbn   0x00000000080084c8      0x10c c:/st/stm32cubeide_1.5.1/stm32cubeide/plugins/com.st.stm32cube.ide.mcu.externaltools.gnu-tools-for-stm32.9-2020-q2-update.win32_2.0.0.202105311346/tools/bin/../lib/gcc/arm-none-eabi/9.3.1/../../../../arm-none-eabi/lib/thumb/v7e-m+fp/hard\libm.a(lib_a-s_scalbn.o)
                0x00000000080084c8                scalbn
 *(.glue_7)
 .glue_7        0x00000000080085d4        0x0 linker stubs
 *(.glue_7t)
 .glue_7t       0x00000000080085d4        0x0 linker stubs
 *(.eh_frame)
 .eh_frame      0x00000000080085d4        0x0 c:/st/stm32cubeide_1.5.1/stm32cubeide/plugins/com.st.stm32cube.ide.mcu.externaltools.gnu-tools-for-stm32.9-2020-q2-update.win32_2.0.0.202105311346/tools/bin/../lib/gcc/arm-none-eabi/9.3.1/thumb/v7e-m+fp/hard/crtbegin.o
 *(.init)
 .init          0x00000000080085d4        0x4 c:/st/stm32cubeide_1.5.1/stm32cubeide/plugins/com.st.stm32cube.ide.mcu.externaltools.gnu-tools-for-stm32.9-2020-q2-update.win32_2.0.0.202105311346/tools/bin/../lib/gcc/arm-none-eabi/9.3.1/thumb/v7e-m+fp/hard/crti.o
                0x00000000080085d4                _init
 .init          0x00000000080085d8        0x8 c:/st/stm32cubeide_1.5.1/stm32cubeide/plugins/com.st.stm32cube.ide.mcu.externaltools.gnu-tools-for-stm32.9-2020-q2-update.win32_2.0.0.202105311346/tools/bin/../lib/gcc/arm-none-eabi/9.3.1/thumb/v7e-m+fp/hard/crtn.o
 *(.fini)
 .fini          0x00000000080085e0        0x4 c:/st/stm32cubeide_1.5.1/stm32cubeide/plugins/com.st.stm32cube.ide.mcu.externaltools.gnu-tools-for-stm32.9-2020-q2-update.win32_2.0.0.202105311346/tools/bin/../lib/gcc/arm-none-eabi/9.3.1/thumb/v7e-m+fp/hard/crti.o
                0x00000000080085e0                _fini
 .fini          0x00000000080085e4        0x8 c:/st/stm32cubeide_1.5.1/stm32cubeide/plugins/com.st.stm32cube.ide.mcu.externaltools.gnu-tools-for-stm32.9-2020-q2-update.win32_2.0.0.202105311346/tools/bin/../lib/gcc/arm-none-eabi/9.3.1/thumb/v7e-m+fp/hard/crtn.o
                0x00000000080085ec                . = ALIGN (0x4)
                0x00000000080085ec                _etext = .

.vfp11_veneer   0x00000000080085ec        0x0
 .vfp11_veneer  0x00000000080085ec        0x0 linker stubs

.v4_bx          0x00000000080085ec        0x0
 .v4_bx         0x00000000080085ec        0x0 linker stubs

.iplt           0x00000000080085ec        0x0
 .iplt          0x00000000080085ec        0x0 c:/st/stm32cubeide_1.5.1/stm32cubeide/plugins/com.st.stm32cube.ide.mcu.externaltools.gnu-tools-for-stm32.9-2020-q2-update.win32_2.0.0.202105311346/tools/bin/../lib/gcc/arm-none-eabi/9.3.1/thumb/v7e-m+fp/hard/crtbegin.o

.rodata         0x00000000080085f0      0x238
                0x00000000080085f0                . = ALIGN (0x4)
 *(.rodata)
 *(.rodata*)
 .rodata.AHBPrescTable
                0x00000000080085f0       0x10 ./Core/Src/system_stm32f4xx.o
                0x00000000080085f0                AHBPrescTable
 .rodata.flagBitshiftOffset.8438
                0x0000000008008600        0x8 ./Drivers/STM32F4xx_HAL_Driver/Src/stm32f4xx_hal_dma.o
 .rodata.__ieee754_pow.str1.1
                0x0000000008008608        0x1 c:/st/stm32cubeide_1.5.1/stm32cubeide/plugins/com.st.stm32cube.ide.mcu.externaltools.gnu-tools-for-stm32.9-2020-q2-update.win32_2.0.0.202105311346/tools/bin/../lib/gcc/arm-none-eabi/9.3.1/../../../../arm-none-eabi/lib/thumb/v7e-m+fp/hard\libm.a(lib_a-e_pow.o)
 *fill*         0x0000000008008609        0x7 
 .rodata.bp     0x0000000008008610       0x10 c:/st/stm32cubeide_1.5.1/stm32cubeide/plugins/com.st.stm32cube.ide.mcu.externaltools.gnu-tools-for-stm32.9-2020-q2-update.win32_2.0.0.202105311346/tools/bin/../lib/gcc/arm-none-eabi/9.3.1/../../../../arm-none-eabi/lib/thumb/v7e-m+fp/hard\libm.a(lib_a-e_pow.o)
 .rodata.dp_h   0x0000000008008620       0x10 c:/st/stm32cubeide_1.5.1/stm32cubeide/plugins/com.st.stm32cube.ide.mcu.externaltools.gnu-tools-for-stm32.9-2020-q2-update.win32_2.0.0.202105311346/tools/bin/../lib/gcc/arm-none-eabi/9.3.1/../../../../arm-none-eabi/lib/thumb/v7e-m+fp/hard\libm.a(lib_a-e_pow.o)
 .rodata.dp_l   0x0000000008008630       0x10 c:/st/stm32cubeide_1.5.1/stm32cubeide/plugins/com.st.stm32cube.ide.mcu.externaltools.gnu-tools-for-stm32.9-2020-q2-update.win32_2.0.0.202105311346/tools/bin/../lib/gcc/arm-none-eabi/9.3.1/../../../../arm-none-eabi/lib/thumb/v7e-m+fp/hard\libm.a(lib_a-e_pow.o)
 .rodata.npio2_hw
                0x0000000008008640       0x80 c:/st/stm32cubeide_1.5.1/stm32cubeide/plugins/com.st.stm32cube.ide.mcu.externaltools.gnu-tools-for-stm32.9-2020-q2-update.win32_2.0.0.202105311346/tools/bin/../lib/gcc/arm-none-eabi/9.3.1/../../../../arm-none-eabi/lib/thumb/v7e-m+fp/hard\libm.a(lib_a-e_rem_pio2.o)
 .rodata.two_over_pi
                0x00000000080086c0      0x108 c:/st/stm32cubeide_1.5.1/stm32cubeide/plugins/com.st.stm32cube.ide.mcu.externaltools.gnu-tools-for-stm32.9-2020-q2-update.win32_2.0.0.202105311346/tools/bin/../lib/gcc/arm-none-eabi/9.3.1/../../../../arm-none-eabi/lib/thumb/v7e-m+fp/hard\libm.a(lib_a-e_rem_pio2.o)
 .rodata.PIo2   0x00000000080087c8       0x40 c:/st/stm32cubeide_1.5.1/stm32cubeide/plugins/com.st.stm32cube.ide.mcu.externaltools.gnu-tools-for-stm32.9-2020-q2-update.win32_2.0.0.202105311346/tools/bin/../lib/gcc/arm-none-eabi/9.3.1/../../../../arm-none-eabi/lib/thumb/v7e-m+fp/hard\libm.a(lib_a-k_rem_pio2.o)
 .rodata.init_jk
                0x0000000008008808       0x10 c:/st/stm32cubeide_1.5.1/stm32cubeide/plugins/com.st.stm32cube.ide.mcu.externaltools.gnu-tools-for-stm32.9-2020-q2-update.win32_2.0.0.202105311346/tools/bin/../lib/gcc/arm-none-eabi/9.3.1/../../../../arm-none-eabi/lib/thumb/v7e-m+fp/hard\libm.a(lib_a-k_rem_pio2.o)
 .rodata.TWO52  0x0000000008008818       0x10 c:/st/stm32cubeide_1.5.1/stm32cubeide/plugins/com.st.stm32cube.ide.mcu.externaltools.gnu-tools-for-stm32.9-2020-q2-update.win32_2.0.0.202105311346/tools/bin/../lib/gcc/arm-none-eabi/9.3.1/../../../../arm-none-eabi/lib/thumb/v7e-m+fp/hard\libm.a(lib_a-s_rint.o)
                0x0000000008008828                . = ALIGN (0x4)

.ARM.extab      0x0000000008008828        0x0
                0x0000000008008828                . = ALIGN (0x4)
 *(.ARM.extab* .gnu.linkonce.armextab.*)
                0x0000000008008828                . = ALIGN (0x4)

.ARM            0x0000000008008828        0x8
                0x0000000008008828                . = ALIGN (0x4)
                0x0000000008008828                __exidx_start = .
 *(.ARM.exidx*)
 .ARM.exidx     0x0000000008008828        0x8 c:/st/stm32cubeide_1.5.1/stm32cubeide/plugins/com.st.stm32cube.ide.mcu.externaltools.gnu-tools-for-stm32.9-2020-q2-update.win32_2.0.0.202105311346/tools/bin/../lib/gcc/arm-none-eabi/9.3.1/thumb/v7e-m+fp/hard\libgcc.a(_udivmoddi4.o)
                0x0000000008008830                __exidx_end = .
                0x0000000008008830                . = ALIGN (0x4)

.rel.dyn        0x0000000008008830        0x0
 .rel.iplt      0x0000000008008830        0x0 c:/st/stm32cubeide_1.5.1/stm32cubeide/plugins/com.st.stm32cube.ide.mcu.externaltools.gnu-tools-for-stm32.9-2020-q2-update.win32_2.0.0.202105311346/tools/bin/../lib/gcc/arm-none-eabi/9.3.1/thumb/v7e-m+fp/hard/crtbegin.o

.preinit_array  0x0000000008008830        0x0
                0x0000000008008830                . = ALIGN (0x4)
                0x0000000008008830                PROVIDE (__preinit_array_start = .)
 *(.preinit_array*)
                0x0000000008008830                PROVIDE (__preinit_array_end = .)
                0x0000000008008830                . = ALIGN (0x4)

.init_array     0x0000000008008830        0x4
                0x0000000008008830                . = ALIGN (0x4)
                0x0000000008008830                PROVIDE (__init_array_start = .)
 *(SORT_BY_NAME(.init_array.*))
 *(.init_array*)
 .init_array    0x0000000008008830        0x4 c:/st/stm32cubeide_1.5.1/stm32cubeide/plugins/com.st.stm32cube.ide.mcu.externaltools.gnu-tools-for-stm32.9-2020-q2-update.win32_2.0.0.202105311346/tools/bin/../lib/gcc/arm-none-eabi/9.3.1/thumb/v7e-m+fp/hard/crtbegin.o
                0x0000000008008834                PROVIDE (__init_array_end = .)
                0x0000000008008834                . = ALIGN (0x4)

.fini_array     0x0000000008008834        0x4
                0x0000000008008834                . = ALIGN (0x4)
                [!provide]                        PROVIDE (__fini_array_start = .)
 *(SORT_BY_NAME(.fini_array.*))
 *(.fini_array*)
 .fini_array    0x0000000008008834        0x4 c:/st/stm32cubeide_1.5.1/stm32cubeide/plugins/com.st.stm32cube.ide.mcu.externaltools.gnu-tools-for-stm32.9-2020-q2-update.win32_2.0.0.202105311346/tools/bin/../lib/gcc/arm-none-eabi/9.3.1/thumb/v7e-m+fp/hard/crtbegin.o
                [!provide]                        PROVIDE (__fini_array_end = .)
                0x0000000008008838                . = ALIGN (0x4)
                0x0000000008008838                _sidata = LOADADDR (.data)

.data           0x0000000020000000       0x7c load address 0x0000000008008838
                0x0000000020000000                . = ALIGN (0x4)
                0x0000000020000000                _sdata = .
 *(.data)
 *(.data*)
 .data.STM32_ID
                0x0000000020000000        0x4 ./Core/Src/GAS_Can.o
                0x0000000020000000                STM32_ID
 .data.STM32_ID2
                0x0000000020000004        0x4 ./Core/Src/GAS_Can.o
                0x0000000020000004                STM32_ID2
 .data.SystemCoreClock
                0x0000000020000008        0x4 ./Core/Src/system_stm32f4xx.o
                0x0000000020000008                SystemCoreClock
 .data.uwTickPrio
                0x000000002000000c        0x4 ./Drivers/STM32F4xx_HAL_Driver/Src/stm32f4xx_hal.o
                0x000000002000000c                uwTickPrio
 .data.uwTickFreq
                0x0000000020000010        0x1 ./Drivers/STM32F4xx_HAL_Driver/Src/stm32f4xx_hal.o
                0x0000000020000010                uwTickFreq
 *fill*         0x0000000020000011        0x3 
 .data._impure_ptr
                0x0000000020000014        0x4 c:/st/stm32cubeide_1.5.1/stm32cubeide/plugins/com.st.stm32cube.ide.mcu.externaltools.gnu-tools-for-stm32.9-2020-q2-update.win32_2.0.0.202105311346/tools/bin/../lib/gcc/arm-none-eabi/9.3.1/../../../../arm-none-eabi/lib/thumb/v7e-m+fp/hard\libc_nano.a(lib_a-impure.o)
                0x0000000020000014                _impure_ptr
 .data.impure_data
                0x0000000020000018       0x60 c:/st/stm32cubeide_1.5.1/stm32cubeide/plugins/com.st.stm32cube.ide.mcu.externaltools.gnu-tools-for-stm32.9-2020-q2-update.win32_2.0.0.202105311346/tools/bin/../lib/gcc/arm-none-eabi/9.3.1/../../../../arm-none-eabi/lib/thumb/v7e-m+fp/hard\libc_nano.a(lib_a-impure.o)
 .data.__fdlib_version
                0x0000000020000078        0x1 c:/st/stm32cubeide_1.5.1/stm32cubeide/plugins/com.st.stm32cube.ide.mcu.externaltools.gnu-tools-for-stm32.9-2020-q2-update.win32_2.0.0.202105311346/tools/bin/../lib/gcc/arm-none-eabi/9.3.1/../../../../arm-none-eabi/lib/thumb/v7e-m+fp/hard\libm.a(lib_a-s_lib_ver.o)
                0x0000000020000078                __fdlib_version
 *(.RamFunc)
 *(.RamFunc*)
                0x000000002000007c                . = ALIGN (0x4)
 *fill*         0x0000000020000079        0x3 
                0x000000002000007c                _edata = .

.igot.plt       0x000000002000007c        0x0 load address 0x00000000080088b4
 .igot.plt      0x000000002000007c        0x0 c:/st/stm32cubeide_1.5.1/stm32cubeide/plugins/com.st.stm32cube.ide.mcu.externaltools.gnu-tools-for-stm32.9-2020-q2-update.win32_2.0.0.202105311346/tools/bin/../lib/gcc/arm-none-eabi/9.3.1/thumb/v7e-m+fp/hard/crtbegin.o
                0x000000002000007c                . = ALIGN (0x4)

.bss            0x000000002000007c      0x400 load address 0x00000000080088b4
                0x000000002000007c                _sbss = .
                0x000000002000007c                __bss_start__ = _sbss
 *(.bss)
 .bss           0x000000002000007c       0x1c c:/st/stm32cubeide_1.5.1/stm32cubeide/plugins/com.st.stm32cube.ide.mcu.externaltools.gnu-tools-for-stm32.9-2020-q2-update.win32_2.0.0.202105311346/tools/bin/../lib/gcc/arm-none-eabi/9.3.1/thumb/v7e-m+fp/hard/crtbegin.o
 *(.bss*)
 .bss.pwmChangeFlag
                0x0000000020000098        0x1 ./Core/Src/GAS_PWM.o
                0x0000000020000098                pwmChangeFlag
 *(COMMON)
 *fill*         0x0000000020000099        0x3 
 COMMON         0x000000002000009c       0xa8 ./Core/Src/GAS_Can.o
                0x000000002000009c                sFilterConfig
                0x00000000200000c4                canTxHeader
                0x00000000200000dc                stm32_1
                0x00000000200000e4                TC237
                0x00000000200000ec                TxMailBox
                0x00000000200000f0                canRx0Data
                0x00000000200000f8                canRxHeader
                0x0000000020000114                stm32_2
                0x000000002000011c                sFilterConfig2
 COMMON         0x0000000020000144       0x54 ./Core/Src/GAS_PWM.o
                0x0000000020000144                pwmIn1
                0x0000000020000160                pwmIn3
                0x000000002000017c                pwmIn2
 COMMON         0x0000000020000198        0xc ./Core/Src/GAS_Scheduler.o
                0x0000000020000198                gTask
                0x000000002000019c                pin_state
                0x00000000200001a0                gTimerCnt
 COMMON         0x00000000200001a4       0x18 ./Core/Src/GAS_Shock.o
                0x00000000200001a4                angle
 COMMON         0x00000000200001bc      0x138 ./Core/Src/adc.o
                0x00000000200001bc                hadc2
                0x0000000020000204                hadc1
                0x000000002000024c                hadc3
                0x0000000020000294                hdma_adc1
 COMMON         0x00000000200002f4       0x28 ./Core/Src/can.o
                0x00000000200002f4                hcan2
 COMMON         0x000000002000031c        0x8 ./Core/Src/crc.o
                0x000000002000031c                hcrc
 COMMON         0x0000000020000324       0x14 ./Core/Src/dac.o
                0x0000000020000324                hdac
 COMMON         0x0000000020000338      0x140 ./Core/Src/tim.o
                0x0000000020000338                htim8
                0x0000000020000378                htim4
                0x00000000200003b8                htim3
                0x00000000200003f8                htim1
                0x0000000020000438                htim12
 COMMON         0x0000000020000478        0x4 ./Drivers/STM32F4xx_HAL_Driver/Src/stm32f4xx_hal.o
                0x0000000020000478                uwTick
                0x000000002000047c                . = ALIGN (0x4)
                0x000000002000047c                _ebss = .
                0x000000002000047c                __bss_end__ = _ebss

._user_heap_stack
                0x000000002000047c      0x604 load address 0x00000000080088b4
                0x0000000020000480                . = ALIGN (0x8)
 *fill*         0x000000002000047c        0x4 
                [!provide]                        PROVIDE (end = .)
                0x0000000020000480                PROVIDE (_end = .)
                0x0000000020000680                . = (. + _Min_Heap_Size)
 *fill*         0x0000000020000480      0x200 
                0x0000000020000a80                . = (. + _Min_Stack_Size)
 *fill*         0x0000000020000680      0x400 
                0x0000000020000a80                . = ALIGN (0x8)

/DISCARD/
 libc.a(*)
 libm.a(*)
 libgcc.a(*)

.ARM.attributes
                0x0000000000000000       0x30
 *(.ARM.attributes)
 .ARM.attributes
                0x0000000000000000       0x1e c:/st/stm32cubeide_1.5.1/stm32cubeide/plugins/com.st.stm32cube.ide.mcu.externaltools.gnu-tools-for-stm32.9-2020-q2-update.win32_2.0.0.202105311346/tools/bin/../lib/gcc/arm-none-eabi/9.3.1/thumb/v7e-m+fp/hard/crti.o
 .ARM.attributes
                0x000000000000001e       0x34 c:/st/stm32cubeide_1.5.1/stm32cubeide/plugins/com.st.stm32cube.ide.mcu.externaltools.gnu-tools-for-stm32.9-2020-q2-update.win32_2.0.0.202105311346/tools/bin/../lib/gcc/arm-none-eabi/9.3.1/thumb/v7e-m+fp/hard/crtbegin.o
 .ARM.attributes
                0x0000000000000052       0x34 ./Core/Src/GAS_Can.o
 .ARM.attributes
                0x0000000000000086       0x34 ./Core/Src/GAS_PWM.o
 .ARM.attributes
                0x00000000000000ba       0x34 ./Core/Src/GAS_Scheduler.o
 .ARM.attributes
                0x00000000000000ee       0x34 ./Core/Src/GAS_Shock.o
 .ARM.attributes
                0x0000000000000122       0x34 ./Core/Src/adc.o
 .ARM.attributes
                0x0000000000000156       0x34 ./Core/Src/can.o
 .ARM.attributes
                0x000000000000018a       0x34 ./Core/Src/crc.o
 .ARM.attributes
                0x00000000000001be       0x34 ./Core/Src/dac.o
 .ARM.attributes
                0x00000000000001f2       0x34 ./Core/Src/dma.o
 .ARM.attributes
                0x0000000000000226       0x34 ./Core/Src/gpio.o
 .ARM.attributes
                0x000000000000025a       0x34 ./Core/Src/main.o
 .ARM.attributes
                0x000000000000028e       0x34 ./Core/Src/stm32f4xx_hal_msp.o
 .ARM.attributes
                0x00000000000002c2       0x34 ./Core/Src/stm32f4xx_it.o
 .ARM.attributes
                0x00000000000002f6       0x34 ./Core/Src/system_stm32f4xx.o
 .ARM.attributes
                0x000000000000032a       0x34 ./Core/Src/tim.o
 .ARM.attributes
                0x000000000000035e       0x21 ./Core/Startup/startup_stm32f405rgtx.o
 .ARM.attributes
                0x000000000000037f       0x34 ./Drivers/STM32F4xx_HAL_Driver/Src/stm32f4xx_hal.o
 .ARM.attributes
                0x00000000000003b3       0x34 ./Drivers/STM32F4xx_HAL_Driver/Src/stm32f4xx_hal_adc.o
 .ARM.attributes
                0x00000000000003e7       0x34 ./Drivers/STM32F4xx_HAL_Driver/Src/stm32f4xx_hal_can.o
 .ARM.attributes
                0x000000000000041b       0x34 ./Drivers/STM32F4xx_HAL_Driver/Src/stm32f4xx_hal_cortex.o
 .ARM.attributes
                0x000000000000044f       0x34 ./Drivers/STM32F4xx_HAL_Driver/Src/stm32f4xx_hal_crc.o
 .ARM.attributes
                0x0000000000000483       0x34 ./Drivers/STM32F4xx_HAL_Driver/Src/stm32f4xx_hal_dac.o
 .ARM.attributes
                0x00000000000004b7       0x34 ./Drivers/STM32F4xx_HAL_Driver/Src/stm32f4xx_hal_dma.o
 .ARM.attributes
                0x00000000000004eb       0x34 ./Drivers/STM32F4xx_HAL_Driver/Src/stm32f4xx_hal_gpio.o
 .ARM.attributes
                0x000000000000051f       0x34 ./Drivers/STM32F4xx_HAL_Driver/Src/stm32f4xx_hal_rcc.o
 .ARM.attributes
                0x0000000000000553       0x34 ./Drivers/STM32F4xx_HAL_Driver/Src/stm32f4xx_hal_tim.o
 .ARM.attributes
                0x0000000000000587       0x34 ./Drivers/STM32F4xx_HAL_Driver/Src/stm32f4xx_hal_tim_ex.o
 .ARM.attributes
                0x00000000000005bb       0x34 c:/st/stm32cubeide_1.5.1/stm32cubeide/plugins/com.st.stm32cube.ide.mcu.externaltools.gnu-tools-for-stm32.9-2020-q2-update.win32_2.0.0.202105311346/tools/bin/../lib/gcc/arm-none-eabi/9.3.1/../../../../arm-none-eabi/lib/thumb/v7e-m+fp/hard\libc_nano.a(lib_a-errno.o)
 .ARM.attributes
                0x00000000000005ef       0x32 c:/st/stm32cubeide_1.5.1/stm32cubeide/plugins/com.st.stm32cube.ide.mcu.externaltools.gnu-tools-for-stm32.9-2020-q2-update.win32_2.0.0.202105311346/tools/bin/../lib/gcc/arm-none-eabi/9.3.1/../../../../arm-none-eabi/lib/thumb/v7e-m+fp/hard\libc_nano.a(lib_a-impure.o)
 .ARM.attributes
                0x0000000000000621       0x34 c:/st/stm32cubeide_1.5.1/stm32cubeide/plugins/com.st.stm32cube.ide.mcu.externaltools.gnu-tools-for-stm32.9-2020-q2-update.win32_2.0.0.202105311346/tools/bin/../lib/gcc/arm-none-eabi/9.3.1/../../../../arm-none-eabi/lib/thumb/v7e-m+fp/hard\libc_nano.a(lib_a-init.o)
 .ARM.attributes
                0x0000000000000655       0x34 c:/st/stm32cubeide_1.5.1/stm32cubeide/plugins/com.st.stm32cube.ide.mcu.externaltools.gnu-tools-for-stm32.9-2020-q2-update.win32_2.0.0.202105311346/tools/bin/../lib/gcc/arm-none-eabi/9.3.1/../../../../arm-none-eabi/lib/thumb/v7e-m+fp/hard\libc_nano.a(lib_a-memset.o)
 .ARM.attributes
                0x0000000000000689       0x34 c:/st/stm32cubeide_1.5.1/stm32cubeide/plugins/com.st.stm32cube.ide.mcu.externaltools.gnu-tools-for-stm32.9-2020-q2-update.win32_2.0.0.202105311346/tools/bin/../lib/gcc/arm-none-eabi/9.3.1/../../../../arm-none-eabi/lib/thumb/v7e-m+fp/hard\libm.a(lib_a-s_cos.o)
 .ARM.attributes
                0x00000000000006bd       0x34 c:/st/stm32cubeide_1.5.1/stm32cubeide/plugins/com.st.stm32cube.ide.mcu.externaltools.gnu-tools-for-stm32.9-2020-q2-update.win32_2.0.0.202105311346/tools/bin/../lib/gcc/arm-none-eabi/9.3.1/../../../../arm-none-eabi/lib/thumb/v7e-m+fp/hard\libm.a(lib_a-s_sin.o)
 .ARM.attributes
                0x00000000000006f1       0x34 c:/st/stm32cubeide_1.5.1/stm32cubeide/plugins/com.st.stm32cube.ide.mcu.externaltools.gnu-tools-for-stm32.9-2020-q2-update.win32_2.0.0.202105311346/tools/bin/../lib/gcc/arm-none-eabi/9.3.1/../../../../arm-none-eabi/lib/thumb/v7e-m+fp/hard\libm.a(lib_a-w_pow.o)
 .ARM.attributes
                0x0000000000000725       0x34 c:/st/stm32cubeide_1.5.1/stm32cubeide/plugins/com.st.stm32cube.ide.mcu.externaltools.gnu-tools-for-stm32.9-2020-q2-update.win32_2.0.0.202105311346/tools/bin/../lib/gcc/arm-none-eabi/9.3.1/../../../../arm-none-eabi/lib/thumb/v7e-m+fp/hard\libm.a(lib_a-e_pow.o)
 .ARM.attributes
                0x0000000000000759       0x34 c:/st/stm32cubeide_1.5.1/stm32cubeide/plugins/com.st.stm32cube.ide.mcu.externaltools.gnu-tools-for-stm32.9-2020-q2-update.win32_2.0.0.202105311346/tools/bin/../lib/gcc/arm-none-eabi/9.3.1/../../../../arm-none-eabi/lib/thumb/v7e-m+fp/hard\libm.a(lib_a-e_rem_pio2.o)
 .ARM.attributes
                0x000000000000078d       0x34 c:/st/stm32cubeide_1.5.1/stm32cubeide/plugins/com.st.stm32cube.ide.mcu.externaltools.gnu-tools-for-stm32.9-2020-q2-update.win32_2.0.0.202105311346/tools/bin/../lib/gcc/arm-none-eabi/9.3.1/../../../../arm-none-eabi/lib/thumb/v7e-m+fp/hard\libm.a(lib_a-e_sqrt.o)
 .ARM.attributes
                0x00000000000007c1       0x34 c:/st/stm32cubeide_1.5.1/stm32cubeide/plugins/com.st.stm32cube.ide.mcu.externaltools.gnu-tools-for-stm32.9-2020-q2-update.win32_2.0.0.202105311346/tools/bin/../lib/gcc/arm-none-eabi/9.3.1/../../../../arm-none-eabi/lib/thumb/v7e-m+fp/hard\libm.a(lib_a-k_cos.o)
 .ARM.attributes
                0x00000000000007f5       0x34 c:/st/stm32cubeide_1.5.1/stm32cubeide/plugins/com.st.stm32cube.ide.mcu.externaltools.gnu-tools-for-stm32.9-2020-q2-update.win32_2.0.0.202105311346/tools/bin/../lib/gcc/arm-none-eabi/9.3.1/../../../../arm-none-eabi/lib/thumb/v7e-m+fp/hard\libm.a(lib_a-k_rem_pio2.o)
 .ARM.attributes
                0x0000000000000829       0x34 c:/st/stm32cubeide_1.5.1/stm32cubeide/plugins/com.st.stm32cube.ide.mcu.externaltools.gnu-tools-for-stm32.9-2020-q2-update.win32_2.0.0.202105311346/tools/bin/../lib/gcc/arm-none-eabi/9.3.1/../../../../arm-none-eabi/lib/thumb/v7e-m+fp/hard\libm.a(lib_a-k_sin.o)
 .ARM.attributes
                0x000000000000085d       0x34 c:/st/stm32cubeide_1.5.1/stm32cubeide/plugins/com.st.stm32cube.ide.mcu.externaltools.gnu-tools-for-stm32.9-2020-q2-update.win32_2.0.0.202105311346/tools/bin/../lib/gcc/arm-none-eabi/9.3.1/../../../../arm-none-eabi/lib/thumb/v7e-m+fp/hard\libm.a(lib_a-s_fabs.o)
 .ARM.attributes
                0x0000000000000891       0x34 c:/st/stm32cubeide_1.5.1/stm32cubeide/plugins/com.st.stm32cube.ide.mcu.externaltools.gnu-tools-for-stm32.9-2020-q2-update.win32_2.0.0.202105311346/tools/bin/../lib/gcc/arm-none-eabi/9.3.1/../../../../arm-none-eabi/lib/thumb/v7e-m+fp/hard\libm.a(lib_a-s_finite.o)
 .ARM.attributes
                0x00000000000008c5       0x34 c:/st/stm32cubeide_1.5.1/stm32cubeide/plugins/com.st.stm32cube.ide.mcu.externaltools.gnu-tools-for-stm32.9-2020-q2-update.win32_2.0.0.202105311346/tools/bin/../lib/gcc/arm-none-eabi/9.3.1/../../../../arm-none-eabi/lib/thumb/v7e-m+fp/hard\libm.a(lib_a-s_floor.o)
 .ARM.attributes
                0x00000000000008f9       0x32 c:/st/stm32cubeide_1.5.1/stm32cubeide/plugins/com.st.stm32cube.ide.mcu.externaltools.gnu-tools-for-stm32.9-2020-q2-update.win32_2.0.0.202105311346/tools/bin/../lib/gcc/arm-none-eabi/9.3.1/../../../../arm-none-eabi/lib/thumb/v7e-m+fp/hard\libm.a(lib_a-s_lib_ver.o)
 .ARM.attributes
                0x000000000000092b       0x34 c:/st/stm32cubeide_1.5.1/stm32cubeide/plugins/com.st.stm32cube.ide.mcu.externaltools.gnu-tools-for-stm32.9-2020-q2-update.win32_2.0.0.202105311346/tools/bin/../lib/gcc/arm-none-eabi/9.3.1/../../../../arm-none-eabi/lib/thumb/v7e-m+fp/hard\libm.a(lib_a-s_nan.o)
 .ARM.attributes
                0x000000000000095f       0x34 c:/st/stm32cubeide_1.5.1/stm32cubeide/plugins/com.st.stm32cube.ide.mcu.externaltools.gnu-tools-for-stm32.9-2020-q2-update.win32_2.0.0.202105311346/tools/bin/../lib/gcc/arm-none-eabi/9.3.1/../../../../arm-none-eabi/lib/thumb/v7e-m+fp/hard\libm.a(lib_a-s_rint.o)
 .ARM.attributes
                0x0000000000000993       0x34 c:/st/stm32cubeide_1.5.1/stm32cubeide/plugins/com.st.stm32cube.ide.mcu.externaltools.gnu-tools-for-stm32.9-2020-q2-update.win32_2.0.0.202105311346/tools/bin/../lib/gcc/arm-none-eabi/9.3.1/../../../../arm-none-eabi/lib/thumb/v7e-m+fp/hard\libm.a(lib_a-s_scalbn.o)
 .ARM.attributes
                0x00000000000009c7       0x1e c:/st/stm32cubeide_1.5.1/stm32cubeide/plugins/com.st.stm32cube.ide.mcu.externaltools.gnu-tools-for-stm32.9-2020-q2-update.win32_2.0.0.202105311346/tools/bin/../lib/gcc/arm-none-eabi/9.3.1/thumb/v7e-m+fp/hard\libgcc.a(_arm_addsubdf3.o)
 .ARM.attributes
                0x00000000000009e5       0x1e c:/st/stm32cubeide_1.5.1/stm32cubeide/plugins/com.st.stm32cube.ide.mcu.externaltools.gnu-tools-for-stm32.9-2020-q2-update.win32_2.0.0.202105311346/tools/bin/../lib/gcc/arm-none-eabi/9.3.1/thumb/v7e-m+fp/hard\libgcc.a(_arm_muldivdf3.o)
 .ARM.attributes
                0x0000000000000a03       0x1e c:/st/stm32cubeide_1.5.1/stm32cubeide/plugins/com.st.stm32cube.ide.mcu.externaltools.gnu-tools-for-stm32.9-2020-q2-update.win32_2.0.0.202105311346/tools/bin/../lib/gcc/arm-none-eabi/9.3.1/thumb/v7e-m+fp/hard\libgcc.a(_arm_cmpdf2.o)
 .ARM.attributes
                0x0000000000000a21       0x1e c:/st/stm32cubeide_1.5.1/stm32cubeide/plugins/com.st.stm32cube.ide.mcu.externaltools.gnu-tools-for-stm32.9-2020-q2-update.win32_2.0.0.202105311346/tools/bin/../lib/gcc/arm-none-eabi/9.3.1/thumb/v7e-m+fp/hard\libgcc.a(_arm_unorddf2.o)
 .ARM.attributes
                0x0000000000000a3f       0x1e c:/st/stm32cubeide_1.5.1/stm32cubeide/plugins/com.st.stm32cube.ide.mcu.externaltools.gnu-tools-for-stm32.9-2020-q2-update.win32_2.0.0.202105311346/tools/bin/../lib/gcc/arm-none-eabi/9.3.1/thumb/v7e-m+fp/hard\libgcc.a(_arm_fixdfsi.o)
 .ARM.attributes
                0x0000000000000a5d       0x1e c:/st/stm32cubeide_1.5.1/stm32cubeide/plugins/com.st.stm32cube.ide.mcu.externaltools.gnu-tools-for-stm32.9-2020-q2-update.win32_2.0.0.202105311346/tools/bin/../lib/gcc/arm-none-eabi/9.3.1/thumb/v7e-m+fp/hard\libgcc.a(_arm_truncdfsf2.o)
 .ARM.attributes
                0x0000000000000a7b       0x1e c:/st/stm32cubeide_1.5.1/stm32cubeide/plugins/com.st.stm32cube.ide.mcu.externaltools.gnu-tools-for-stm32.9-2020-q2-update.win32_2.0.0.202105311346/tools/bin/../lib/gcc/arm-none-eabi/9.3.1/thumb/v7e-m+fp/hard\libgcc.a(_aeabi_uldivmod.o)
 .ARM.attributes
                0x0000000000000a99       0x34 c:/st/stm32cubeide_1.5.1/stm32cubeide/plugins/com.st.stm32cube.ide.mcu.externaltools.gnu-tools-for-stm32.9-2020-q2-update.win32_2.0.0.202105311346/tools/bin/../lib/gcc/arm-none-eabi/9.3.1/thumb/v7e-m+fp/hard\libgcc.a(_udivmoddi4.o)
 .ARM.attributes
                0x0000000000000acd       0x1e c:/st/stm32cubeide_1.5.1/stm32cubeide/plugins/com.st.stm32cube.ide.mcu.externaltools.gnu-tools-for-stm32.9-2020-q2-update.win32_2.0.0.202105311346/tools/bin/../lib/gcc/arm-none-eabi/9.3.1/thumb/v7e-m+fp/hard\libgcc.a(_dvmd_tls.o)
 .ARM.attributes
                0x0000000000000aeb       0x1e c:/st/stm32cubeide_1.5.1/stm32cubeide/plugins/com.st.stm32cube.ide.mcu.externaltools.gnu-tools-for-stm32.9-2020-q2-update.win32_2.0.0.202105311346/tools/bin/../lib/gcc/arm-none-eabi/9.3.1/thumb/v7e-m+fp/hard/crtn.o
OUTPUT(SUBMCU.elf elf32-littlearm)
LOAD linker stubs
LOAD c:/st/stm32cubeide_1.5.1/stm32cubeide/plugins/com.st.stm32cube.ide.mcu.externaltools.gnu-tools-for-stm32.9-2020-q2-update.win32_2.0.0.202105311346/tools/bin/../lib/gcc/arm-none-eabi/9.3.1/../../../../arm-none-eabi/lib/thumb/v7e-m+fp/hard\libc.a
LOAD c:/st/stm32cubeide_1.5.1/stm32cubeide/plugins/com.st.stm32cube.ide.mcu.externaltools.gnu-tools-for-stm32.9-2020-q2-update.win32_2.0.0.202105311346/tools/bin/../lib/gcc/arm-none-eabi/9.3.1/../../../../arm-none-eabi/lib/thumb/v7e-m+fp/hard\libm.a
LOAD c:/st/stm32cubeide_1.5.1/stm32cubeide/plugins/com.st.stm32cube.ide.mcu.externaltools.gnu-tools-for-stm32.9-2020-q2-update.win32_2.0.0.202105311346/tools/bin/../lib/gcc/arm-none-eabi/9.3.1/thumb/v7e-m+fp/hard\libgcc.a

.debug_info     0x0000000000000000    0x16694
 .debug_info    0x0000000000000000     0x1686 ./Core/Src/GAS_Can.o
 .debug_info    0x0000000000001686     0x1161 ./Core/Src/GAS_PWM.o
 .debug_info    0x00000000000027e7     0x1edc ./Core/Src/GAS_Scheduler.o
 .debug_info    0x00000000000046c3     0x1ac8 ./Core/Src/GAS_Shock.o
 .debug_info    0x000000000000618b      0xc0c ./Core/Src/adc.o
 .debug_info    0x0000000000006d97      0xb59 ./Core/Src/can.o
 .debug_info    0x00000000000078f0      0x52a ./Core/Src/crc.o
 .debug_info    0x0000000000007e1a      0x98e ./Core/Src/dac.o
 .debug_info    0x00000000000087a8      0x58a ./Core/Src/dma.o
 .debug_info    0x0000000000008d32      0x52f ./Core/Src/gpio.o
 .debug_info    0x0000000000009261     0x13e9 ./Core/Src/main.o
 .debug_info    0x000000000000a64a      0x394 ./Core/Src/stm32f4xx_hal_msp.o
 .debug_info    0x000000000000a9de      0xbc0 ./Core/Src/stm32f4xx_it.o
 .debug_info    0x000000000000b59e      0x5a4 ./Core/Src/system_stm32f4xx.o
 .debug_info    0x000000000000bb42     0x1057 ./Core/Src/tim.o
 .debug_info    0x000000000000cb99       0x22 ./Core/Startup/startup_stm32f405rgtx.o
 .debug_info    0x000000000000cbbb      0x9a0 ./Drivers/STM32F4xx_HAL_Driver/Src/stm32f4xx_hal.o
 .debug_info    0x000000000000d55b      0xdbc ./Drivers/STM32F4xx_HAL_Driver/Src/stm32f4xx_hal_adc.o
 .debug_info    0x000000000000e317     0x1089 ./Drivers/STM32F4xx_HAL_Driver/Src/stm32f4xx_hal_can.o
 .debug_info    0x000000000000f3a0      0xec5 ./Drivers/STM32F4xx_HAL_Driver/Src/stm32f4xx_hal_cortex.o
 .debug_info    0x0000000000010265      0x47a ./Drivers/STM32F4xx_HAL_Driver/Src/stm32f4xx_hal_crc.o
 .debug_info    0x00000000000106df      0xad4 ./Drivers/STM32F4xx_HAL_Driver/Src/stm32f4xx_hal_dac.o
 .debug_info    0x00000000000111b3      0x9f1 ./Drivers/STM32F4xx_HAL_Driver/Src/stm32f4xx_hal_dma.o
 .debug_info    0x0000000000011ba4      0x82e ./Drivers/STM32F4xx_HAL_Driver/Src/stm32f4xx_hal_gpio.o
 .debug_info    0x00000000000123d2      0x996 ./Drivers/STM32F4xx_HAL_Driver/Src/stm32f4xx_hal_rcc.o
 .debug_info    0x0000000000012d68     0x26cd ./Drivers/STM32F4xx_HAL_Driver/Src/stm32f4xx_hal_tim.o
 .debug_info    0x0000000000015435     0x125f ./Drivers/STM32F4xx_HAL_Driver/Src/stm32f4xx_hal_tim_ex.o

.debug_abbrev   0x0000000000000000     0x3673
 .debug_abbrev  0x0000000000000000      0x2bf ./Core/Src/GAS_Can.o
 .debug_abbrev  0x00000000000002bf      0x28c ./Core/Src/GAS_PWM.o
 .debug_abbrev  0x000000000000054b      0x318 ./Core/Src/GAS_Scheduler.o
 .debug_abbrev  0x0000000000000863      0x314 ./Core/Src/GAS_Shock.o
 .debug_abbrev  0x0000000000000b77      0x1fb ./Core/Src/adc.o
 .debug_abbrev  0x0000000000000d72      0x1de ./Core/Src/can.o
 .debug_abbrev  0x0000000000000f50      0x177 ./Core/Src/crc.o
 .debug_abbrev  0x00000000000010c7      0x1bb ./Core/Src/dac.o
 .debug_abbrev  0x0000000000001282      0x11b ./Core/Src/dma.o
 .debug_abbrev  0x000000000000139d      0x14e ./Core/Src/gpio.o
 .debug_abbrev  0x00000000000014eb      0x24e ./Core/Src/main.o
 .debug_abbrev  0x0000000000001739      0x11d ./Core/Src/stm32f4xx_hal_msp.o
 .debug_abbrev  0x0000000000001856      0x1d2 ./Core/Src/stm32f4xx_it.o
 .debug_abbrev  0x0000000000001a28      0x145 ./Core/Src/system_stm32f4xx.o
 .debug_abbrev  0x0000000000001b6d      0x204 ./Core/Src/tim.o
 .debug_abbrev  0x0000000000001d71       0x12 ./Core/Startup/startup_stm32f405rgtx.o
 .debug_abbrev  0x0000000000001d83      0x1ed ./Drivers/STM32F4xx_HAL_Driver/Src/stm32f4xx_hal.o
 .debug_abbrev  0x0000000000001f70      0x22f ./Drivers/STM32F4xx_HAL_Driver/Src/stm32f4xx_hal_adc.o
 .debug_abbrev  0x000000000000219f      0x246 ./Drivers/STM32F4xx_HAL_Driver/Src/stm32f4xx_hal_can.o
 .debug_abbrev  0x00000000000023e5      0x33c ./Drivers/STM32F4xx_HAL_Driver/Src/stm32f4xx_hal_cortex.o
 .debug_abbrev  0x0000000000002721      0x1dd ./Drivers/STM32F4xx_HAL_Driver/Src/stm32f4xx_hal_crc.o
 .debug_abbrev  0x00000000000028fe      0x20c ./Drivers/STM32F4xx_HAL_Driver/Src/stm32f4xx_hal_dac.o
 .debug_abbrev  0x0000000000002b0a      0x259 ./Drivers/STM32F4xx_HAL_Driver/Src/stm32f4xx_hal_dma.o
 .debug_abbrev  0x0000000000002d63      0x1f1 ./Drivers/STM32F4xx_HAL_Driver/Src/stm32f4xx_hal_gpio.o
 .debug_abbrev  0x0000000000002f54      0x275 ./Drivers/STM32F4xx_HAL_Driver/Src/stm32f4xx_hal_rcc.o
 .debug_abbrev  0x00000000000031c9      0x25e ./Drivers/STM32F4xx_HAL_Driver/Src/stm32f4xx_hal_tim.o
 .debug_abbrev  0x0000000000003427      0x24c ./Drivers/STM32F4xx_HAL_Driver/Src/stm32f4xx_hal_tim_ex.o

.debug_aranges  0x0000000000000000      0xf50
 .debug_aranges
                0x0000000000000000       0x40 ./Core/Src/GAS_Can.o
 .debug_aranges
                0x0000000000000040       0x48 ./Core/Src/GAS_PWM.o
 .debug_aranges
                0x0000000000000088       0x60 ./Core/Src/GAS_Scheduler.o
 .debug_aranges
                0x00000000000000e8       0x38 ./Core/Src/GAS_Shock.o
 .debug_aranges
                0x0000000000000120       0x40 ./Core/Src/adc.o
 .debug_aranges
                0x0000000000000160       0x30 ./Core/Src/can.o
 .debug_aranges
                0x0000000000000190       0x30 ./Core/Src/crc.o
 .debug_aranges
                0x00000000000001c0       0x30 ./Core/Src/dac.o
 .debug_aranges
                0x00000000000001f0       0x20 ./Core/Src/dma.o
 .debug_aranges
                0x0000000000000210       0x20 ./Core/Src/gpio.o
 .debug_aranges
                0x0000000000000230       0x30 ./Core/Src/main.o
 .debug_aranges
                0x0000000000000260       0x20 ./Core/Src/stm32f4xx_hal_msp.o
 .debug_aranges
                0x0000000000000280       0x90 ./Core/Src/stm32f4xx_it.o
 .debug_aranges
                0x0000000000000310       0x28 ./Core/Src/system_stm32f4xx.o
 .debug_aranges
                0x0000000000000338       0x50 ./Core/Src/tim.o
 .debug_aranges
                0x0000000000000388       0x28 ./Core/Startup/startup_stm32f405rgtx.o
 .debug_aranges
                0x00000000000003b0       0xf0 ./Drivers/STM32F4xx_HAL_Driver/Src/stm32f4xx_hal.o
 .debug_aranges
                0x00000000000004a0       0xe8 ./Drivers/STM32F4xx_HAL_Driver/Src/stm32f4xx_hal_adc.o
 .debug_aranges
                0x0000000000000588      0x138 ./Drivers/STM32F4xx_HAL_Driver/Src/stm32f4xx_hal_can.o
 .debug_aranges
                0x00000000000006c0      0x118 ./Drivers/STM32F4xx_HAL_Driver/Src/stm32f4xx_hal_cortex.o
 .debug_aranges
                0x00000000000007d8       0x50 ./Drivers/STM32F4xx_HAL_Driver/Src/stm32f4xx_hal_crc.o
 .debug_aranges
                0x0000000000000828       0xc0 ./Drivers/STM32F4xx_HAL_Driver/Src/stm32f4xx_hal_dac.o
 .debug_aranges
                0x00000000000008e8       0x90 ./Drivers/STM32F4xx_HAL_Driver/Src/stm32f4xx_hal_dma.o
 .debug_aranges
                0x0000000000000978       0x58 ./Drivers/STM32F4xx_HAL_Driver/Src/stm32f4xx_hal_gpio.o
 .debug_aranges
                0x00000000000009d0       0x88 ./Drivers/STM32F4xx_HAL_Driver/Src/stm32f4xx_hal_rcc.o
 .debug_aranges
                0x0000000000000a58      0x3a8 ./Drivers/STM32F4xx_HAL_Driver/Src/stm32f4xx_hal_tim.o
 .debug_aranges
                0x0000000000000e00      0x150 ./Drivers/STM32F4xx_HAL_Driver/Src/stm32f4xx_hal_tim_ex.o

.debug_ranges   0x0000000000000000      0xda8
 .debug_ranges  0x0000000000000000       0x30 ./Core/Src/GAS_Can.o
 .debug_ranges  0x0000000000000030       0x38 ./Core/Src/GAS_PWM.o
 .debug_ranges  0x0000000000000068       0x50 ./Core/Src/GAS_Scheduler.o
 .debug_ranges  0x00000000000000b8       0x28 ./Core/Src/GAS_Shock.o
 .debug_ranges  0x00000000000000e0       0x30 ./Core/Src/adc.o
 .debug_ranges  0x0000000000000110       0x20 ./Core/Src/can.o
 .debug_ranges  0x0000000000000130       0x20 ./Core/Src/crc.o
 .debug_ranges  0x0000000000000150       0x20 ./Core/Src/dac.o
 .debug_ranges  0x0000000000000170       0x10 ./Core/Src/dma.o
 .debug_ranges  0x0000000000000180       0x10 ./Core/Src/gpio.o
 .debug_ranges  0x0000000000000190       0x20 ./Core/Src/main.o
 .debug_ranges  0x00000000000001b0       0x10 ./Core/Src/stm32f4xx_hal_msp.o
 .debug_ranges  0x00000000000001c0       0x80 ./Core/Src/stm32f4xx_it.o
 .debug_ranges  0x0000000000000240       0x18 ./Core/Src/system_stm32f4xx.o
 .debug_ranges  0x0000000000000258       0x40 ./Core/Src/tim.o
 .debug_ranges  0x0000000000000298       0x20 ./Core/Startup/startup_stm32f405rgtx.o
 .debug_ranges  0x00000000000002b8       0xe0 ./Drivers/STM32F4xx_HAL_Driver/Src/stm32f4xx_hal.o
 .debug_ranges  0x0000000000000398       0xd8 ./Drivers/STM32F4xx_HAL_Driver/Src/stm32f4xx_hal_adc.o
 .debug_ranges  0x0000000000000470      0x128 ./Drivers/STM32F4xx_HAL_Driver/Src/stm32f4xx_hal_can.o
 .debug_ranges  0x0000000000000598      0x108 ./Drivers/STM32F4xx_HAL_Driver/Src/stm32f4xx_hal_cortex.o
 .debug_ranges  0x00000000000006a0       0x40 ./Drivers/STM32F4xx_HAL_Driver/Src/stm32f4xx_hal_crc.o
 .debug_ranges  0x00000000000006e0       0xb0 ./Drivers/STM32F4xx_HAL_Driver/Src/stm32f4xx_hal_dac.o
 .debug_ranges  0x0000000000000790       0x80 ./Drivers/STM32F4xx_HAL_Driver/Src/stm32f4xx_hal_dma.o
 .debug_ranges  0x0000000000000810       0x48 ./Drivers/STM32F4xx_HAL_Driver/Src/stm32f4xx_hal_gpio.o
 .debug_ranges  0x0000000000000858       0x78 ./Drivers/STM32F4xx_HAL_Driver/Src/stm32f4xx_hal_rcc.o
 .debug_ranges  0x00000000000008d0      0x398 ./Drivers/STM32F4xx_HAL_Driver/Src/stm32f4xx_hal_tim.o
 .debug_ranges  0x0000000000000c68      0x140 ./Drivers/STM32F4xx_HAL_Driver/Src/stm32f4xx_hal_tim_ex.o

.debug_macro    0x0000000000000000    0x2259b
 .debug_macro   0x0000000000000000      0x3e3 ./Core/Src/GAS_Can.o
 .debug_macro   0x00000000000003e3      0xaa8 ./Core/Src/GAS_Can.o
 .debug_macro   0x0000000000000e8b       0x2e ./Core/Src/GAS_Can.o
 .debug_macro   0x0000000000000eb9       0x2f ./Core/Src/GAS_Can.o
 .debug_macro   0x0000000000000ee8       0x22 ./Core/Src/GAS_Can.o
 .debug_macro   0x0000000000000f0a       0x8e ./Core/Src/GAS_Can.o
 .debug_macro   0x0000000000000f98       0x51 ./Core/Src/GAS_Can.o
 .debug_macro   0x0000000000000fe9      0x103 ./Core/Src/GAS_Can.o
 .debug_macro   0x00000000000010ec       0x6a ./Core/Src/GAS_Can.o
 .debug_macro   0x0000000000001156      0x1df ./Core/Src/GAS_Can.o
 .debug_macro   0x0000000000001335       0x1c ./Core/Src/GAS_Can.o
 .debug_macro   0x0000000000001351       0x22 ./Core/Src/GAS_Can.o
 .debug_macro   0x0000000000001373       0xdf ./Core/Src/GAS_Can.o
 .debug_macro   0x0000000000001452     0x102d ./Core/Src/GAS_Can.o
 .debug_macro   0x000000000000247f      0x11f ./Core/Src/GAS_Can.o
 .debug_macro   0x000000000000259e    0x14251 ./Core/Src/GAS_Can.o
 .debug_macro   0x00000000000167ef       0x43 ./Core/Src/GAS_Can.o
 .debug_macro   0x0000000000016832      0x2a8 ./Core/Src/GAS_Can.o
 .debug_macro   0x0000000000016ada      0x8a7 ./Core/Src/GAS_Can.o
 .debug_macro   0x0000000000017381      0x9fe ./Core/Src/GAS_Can.o
 .debug_macro   0x0000000000017d7f      0x117 ./Core/Src/GAS_Can.o
 .debug_macro   0x0000000000017e96      0x130 ./Core/Src/GAS_Can.o
 .debug_macro   0x0000000000017fc6       0x27 ./Core/Src/GAS_Can.o
 .debug_macro   0x0000000000017fed      0x174 ./Core/Src/GAS_Can.o
 .debug_macro   0x0000000000018161      0x287 ./Core/Src/GAS_Can.o
 .debug_macro   0x00000000000183e8       0x5f ./Core/Src/GAS_Can.o
 .debug_macro   0x0000000000018447      0x236 ./Core/Src/GAS_Can.o
 .debug_macro   0x000000000001867d      0x391 ./Core/Src/GAS_Can.o
 .debug_macro   0x0000000000018a0e      0x176 ./Core/Src/GAS_Can.o
 .debug_macro   0x0000000000018b84       0xf9 ./Core/Src/GAS_Can.o
 .debug_macro   0x0000000000018c7d       0x22 ./Core/Src/GAS_Can.o
 .debug_macro   0x0000000000018c9f       0xea ./Core/Src/GAS_Can.o
 .debug_macro   0x0000000000018d89       0xa0 ./Core/Src/GAS_Can.o
 .debug_macro   0x0000000000018e29       0x3c ./Core/Src/GAS_Can.o
 .debug_macro   0x0000000000018e65      0x12c ./Core/Src/GAS_Can.o
 .debug_macro   0x0000000000018f91      0x21e ./Core/Src/GAS_Can.o
 .debug_macro   0x00000000000191af       0x2e ./Core/Src/GAS_Can.o
 .debug_macro   0x00000000000191dd      0x11a ./Core/Src/GAS_Can.o
 .debug_macro   0x00000000000192f7       0x7e ./Core/Src/GAS_Can.o
 .debug_macro   0x0000000000019375       0x89 ./Core/Src/GAS_Can.o
 .debug_macro   0x00000000000193fe      0x8a0 ./Core/Src/GAS_Can.o
 .debug_macro   0x0000000000019c9e       0x47 ./Core/Src/GAS_Can.o
 .debug_macro   0x0000000000019ce5      0x12d ./Core/Src/GAS_Can.o
 .debug_macro   0x0000000000019e12     0x3659 ./Core/Src/GAS_Can.o
 .debug_macro   0x000000000001d46b      0x174 ./Core/Src/GAS_Can.o
 .debug_macro   0x000000000001d5df       0x5a ./Core/Src/GAS_Can.o
 .debug_macro   0x000000000001d639      0x409 ./Core/Src/GAS_Can.o
 .debug_macro   0x000000000001da42       0x52 ./Core/Src/GAS_Can.o
 .debug_macro   0x000000000001da94       0x18 ./Core/Src/GAS_Can.o
 .debug_macro   0x000000000001daac       0x3c ./Core/Src/GAS_Can.o
 .debug_macro   0x000000000001dae8       0x34 ./Core/Src/GAS_Can.o
 .debug_macro   0x000000000001db1c       0x16 ./Core/Src/GAS_Can.o
 .debug_macro   0x000000000001db32       0x35 ./Core/Src/GAS_Can.o
 .debug_macro   0x000000000001db67      0x333 ./Core/Src/GAS_Can.o
 .debug_macro   0x000000000001de9a       0x10 ./Core/Src/GAS_Can.o
 .debug_macro   0x000000000001deaa       0x16 ./Core/Src/GAS_Can.o
 .debug_macro   0x000000000001dec0       0x43 ./Core/Src/GAS_Can.o
 .debug_macro   0x000000000001df03       0x34 ./Core/Src/GAS_Can.o
 .debug_macro   0x000000000001df37       0x10 ./Core/Src/GAS_Can.o
 .debug_macro   0x000000000001df47       0x58 ./Core/Src/GAS_Can.o
 .debug_macro   0x000000000001df9f       0x71 ./Core/Src/GAS_Can.o
 .debug_macro   0x000000000001e010       0x1c ./Core/Src/GAS_Can.o
 .debug_macro   0x000000000001e02c      0x12a ./Core/Src/GAS_Can.o
 .debug_macro   0x000000000001e156       0x10 ./Core/Src/GAS_Can.o
 .debug_macro   0x000000000001e166       0x1c ./Core/Src/GAS_Can.o
 .debug_macro   0x000000000001e182       0x52 ./Core/Src/GAS_Can.o
 .debug_macro   0x000000000001e1d4       0x22 ./Core/Src/GAS_Can.o
 .debug_macro   0x000000000001e1f6       0x10 ./Core/Src/GAS_Can.o
 .debug_macro   0x000000000001e206       0x40 ./Core/Src/GAS_Can.o
 .debug_macro   0x000000000001e246       0xd5 ./Core/Src/GAS_Can.o
 .debug_macro   0x000000000001e31b       0x1c ./Core/Src/GAS_Can.o
 .debug_macro   0x000000000001e337       0x3d ./Core/Src/GAS_Can.o
 .debug_macro   0x000000000001e374       0x16 ./Core/Src/GAS_Can.o
 .debug_macro   0x000000000001e38a      0x145 ./Core/Src/GAS_Can.o
 .debug_macro   0x000000000001e4cf       0x16 ./Core/Src/GAS_Can.o
 .debug_macro   0x000000000001e4e5       0x16 ./Core/Src/GAS_Can.o
 .debug_macro   0x000000000001e4fb       0x29 ./Core/Src/GAS_Can.o
 .debug_macro   0x000000000001e524      0x39f ./Core/Src/GAS_PWM.o
 .debug_macro   0x000000000001e8c3      0x40f ./Core/Src/GAS_PWM.o
 .debug_macro   0x000000000001ecd2      0x41f ./Core/Src/GAS_Scheduler.o
 .debug_macro   0x000000000001f0f1      0x456 ./Core/Src/GAS_Shock.o
 .debug_macro   0x000000000001f547      0x1a9 ./Core/Src/GAS_Shock.o
 .debug_macro   0x000000000001f6f0      0x21e ./Core/Src/adc.o
 .debug_macro   0x000000000001f90e      0x21e ./Core/Src/can.o
 .debug_macro   0x000000000001fb2c      0x21e ./Core/Src/crc.o
 .debug_macro   0x000000000001fd4a      0x21e ./Core/Src/dac.o
 .debug_macro   0x000000000001ff68      0x21e ./Core/Src/dma.o
 .debug_macro   0x0000000000020186      0x21e ./Core/Src/gpio.o
 .debug_macro   0x00000000000203a4      0x25e ./Core/Src/main.o
 .debug_macro   0x0000000000020602      0x214 ./Core/Src/stm32f4xx_hal_msp.o
 .debug_macro   0x0000000000020816      0x21e ./Core/Src/stm32f4xx_it.o
 .debug_macro   0x0000000000020a34      0x210 ./Core/Src/system_stm32f4xx.o
 .debug_macro   0x0000000000020c44      0x21e ./Core/Src/tim.o
 .debug_macro   0x0000000000020e62      0x26a ./Drivers/STM32F4xx_HAL_Driver/Src/stm32f4xx_hal.o
 .debug_macro   0x00000000000210cc      0x20b ./Drivers/STM32F4xx_HAL_Driver/Src/stm32f4xx_hal_adc.o
 .debug_macro   0x00000000000212d7      0x212 ./Drivers/STM32F4xx_HAL_Driver/Src/stm32f4xx_hal_can.o
 .debug_macro   0x00000000000214e9      0x20a ./Drivers/STM32F4xx_HAL_Driver/Src/stm32f4xx_hal_cortex.o
 .debug_macro   0x00000000000216f3      0x20a ./Drivers/STM32F4xx_HAL_Driver/Src/stm32f4xx_hal_crc.o
 .debug_macro   0x00000000000218fd      0x20b ./Drivers/STM32F4xx_HAL_Driver/Src/stm32f4xx_hal_dac.o
 .debug_macro   0x0000000000021b08      0x210 ./Drivers/STM32F4xx_HAL_Driver/Src/stm32f4xx_hal_dma.o
 .debug_macro   0x0000000000021d18      0x240 ./Drivers/STM32F4xx_HAL_Driver/Src/stm32f4xx_hal_gpio.o
 .debug_macro   0x0000000000021f58      0x22e ./Drivers/STM32F4xx_HAL_Driver/Src/stm32f4xx_hal_rcc.o