Archive member included to satisfy reference by file (symbol)

c:/st/stm32cubeide_1.5.1/stm32cubeide/plugins/com.st.stm32cube.ide.mcu.externaltools.gnu-tools-for-stm32.7-2018-q2-update.win32_1.5.0.202011040924/tools/bin/../lib/gcc/arm-none-eabi/7.3.1/../../../../arm-none-eabi/lib/thumb/v7e-m/fpv4-sp/hard\libc_nano.a(lib_a-errno.o)
                              Core/Src/syscalls.o (__errno)
c:/st/stm32cubeide_1.5.1/stm32cubeide/plugins/com.st.stm32cube.ide.mcu.externaltools.gnu-tools-for-stm32.7-2018-q2-update.win32_1.5.0.202011040924/tools/bin/../lib/gcc/arm-none-eabi/7.3.1/../../../../arm-none-eabi/lib/thumb/v7e-m/fpv4-sp/hard\libc_nano.a(lib_a-exit.o)
                              c:/st/stm32cubeide_1.5.1/stm32cubeide/plugins/com.st.stm32cube.ide.mcu.externaltools.gnu-tools-for-stm32.7-2018-q2-update.win32_1.5.0.202011040924/tools/bin/../lib/gcc/arm-none-eabi/7.3.1/../../../../arm-none-eabi/lib/thumb/v7e-m/fpv4-sp/hard/crt0.o (exit)
c:/st/stm32cubeide_1.5.1/stm32cubeide/plugins/com.st.stm32cube.ide.mcu.externaltools.gnu-tools-for-stm32.7-2018-q2-update.win32_1.5.0.202011040924/tools/bin/../lib/gcc/arm-none-eabi/7.3.1/../../../../arm-none-eabi/lib/thumb/v7e-m/fpv4-sp/hard\libc_nano.a(lib_a-impure.o)
                              c:/st/stm32cubeide_1.5.1/stm32cubeide/plugins/com.st.stm32cube.ide.mcu.externaltools.gnu-tools-for-stm32.7-2018-q2-update.win32_1.5.0.202011040924/tools/bin/../lib/gcc/arm-none-eabi/7.3.1/../../../../arm-none-eabi/lib/thumb/v7e-m/fpv4-sp/hard\libc_nano.a(lib_a-exit.o) (_global_impure_ptr)
c:/st/stm32cubeide_1.5.1/stm32cubeide/plugins/com.st.stm32cube.ide.mcu.externaltools.gnu-tools-for-stm32.7-2018-q2-update.win32_1.5.0.202011040924/tools/bin/../lib/gcc/arm-none-eabi/7.3.1/../../../../arm-none-eabi/lib/thumb/v7e-m/fpv4-sp/hard\libc_nano.a(lib_a-init.o)
                              c:/st/stm32cubeide_1.5.1/stm32cubeide/plugins/com.st.stm32cube.ide.mcu.externaltools.gnu-tools-for-stm32.7-2018-q2-update.win32_1.5.0.202011040924/tools/bin/../lib/gcc/arm-none-eabi/7.3.1/../../../../arm-none-eabi/lib/thumb/v7e-m/fpv4-sp/hard/crt0.o (__libc_init_array)
c:/st/stm32cubeide_1.5.1/stm32cubeide/plugins/com.st.stm32cube.ide.mcu.externaltools.gnu-tools-for-stm32.7-2018-q2-update.win32_1.5.0.202011040924/tools/bin/../lib/gcc/arm-none-eabi/7.3.1/../../../../arm-none-eabi/lib/thumb/v7e-m/fpv4-sp/hard\libc_nano.a(lib_a-memset.o)
                              c:/st/stm32cubeide_1.5.1/stm32cubeide/plugins/com.st.stm32cube.ide.mcu.externaltools.gnu-tools-for-stm32.7-2018-q2-update.win32_1.5.0.202011040924/tools/bin/../lib/gcc/arm-none-eabi/7.3.1/../../../../arm-none-eabi/lib/thumb/v7e-m/fpv4-sp/hard/crt0.o (memset)
c:/st/stm32cubeide_1.5.1/stm32cubeide/plugins/com.st.stm32cube.ide.mcu.externaltools.gnu-tools-for-stm32.7-2018-q2-update.win32_1.5.0.202011040924/tools/bin/../lib/gcc/arm-none-eabi/7.3.1/thumb/v7e-m/fpv4-sp/hard\libgcc.a(_aeabi_uldivmod.o)
                              Drivers/STM32F4xx_HAL_Driver/Src/stm32f4xx_hal_rcc.o (__aeabi_uldivmod)
c:/st/stm32cubeide_1.5.1/stm32cubeide/plugins/com.st.stm32cube.ide.mcu.externaltools.gnu-tools-for-stm32.7-2018-q2-update.win32_1.5.0.202011040924/tools/bin/../lib/gcc/arm-none-eabi/7.3.1/thumb/v7e-m/fpv4-sp/hard\libgcc.a(_udivmoddi4.o)
                              c:/st/stm32cubeide_1.5.1/stm32cubeide/plugins/com.st.stm32cube.ide.mcu.externaltools.gnu-tools-for-stm32.7-2018-q2-update.win32_1.5.0.202011040924/tools/bin/../lib/gcc/arm-none-eabi/7.3.1/thumb/v7e-m/fpv4-sp/hard\libgcc.a(_aeabi_uldivmod.o) (__udivmoddi4)
c:/st/stm32cubeide_1.5.1/stm32cubeide/plugins/com.st.stm32cube.ide.mcu.externaltools.gnu-tools-for-stm32.7-2018-q2-update.win32_1.5.0.202011040924/tools/bin/../lib/gcc/arm-none-eabi/7.3.1/thumb/v7e-m/fpv4-sp/hard\libgcc.a(_dvmd_tls.o)
                              c:/st/stm32cubeide_1.5.1/stm32cubeide/plugins/com.st.stm32cube.ide.mcu.externaltools.gnu-tools-for-stm32.7-2018-q2-update.win32_1.5.0.202011040924/tools/bin/../lib/gcc/arm-none-eabi/7.3.1/thumb/v7e-m/fpv4-sp/hard\libgcc.a(_aeabi_uldivmod.o) (__aeabi_ldiv0)

Allocating common symbols
Common symbol       size              file

sFilterConfig       0x28              Core/Src/GAS_Can.o
gTask               0x4               Core/Src/GAS_Scheduler.o
ValueOfADC          0x18              Core/Src/GAS_Vadc.o
htim8               0x40              Core/Src/tim.o
canTxHeader         0x18              Core/Src/GAS_Can.o
htim4               0x40              Core/Src/tim.o
hadc2               0x48              Core/Src/adc.o
hcrc                0x8               Core/Src/crc.o
stm32_1             0x8               Core/Src/GAS_Can.o
TC237               0x8               Core/Src/GAS_Can.o
TxMailBox           0x4               Core/Src/GAS_Can.o
pin_state           0x1               Core/Src/GAS_Scheduler.o
uwTick              0x4               Drivers/STM32F4xx_HAL_Driver/Src/stm32f4xx_hal.o
pFlash              0x20              Drivers/STM32F4xx_HAL_Driver/Src/stm32f4xx_hal_flash.o
[...]
Memory Configuration

Name             Origin             Length             Attributes
CCMRAM           0x0000000010000000 0x0000000000010000 xrw
RAM              0x0000000020000000 0x0000000000020000 xrw
FLASH            0x0000000008000000 0x0000000000100000 xr
*default*        0x0000000000000000 0xffffffffffffffff

Linker script and memory map

LOAD c:/st/stm32cubeide_1.5.1/stm32cubeide/plugins/com.st.stm32cube.ide.mcu.externaltools.gnu-tools-for-stm32.7-2018-q2-update.win32_1.5.0.202011040924/tools/bin/../lib/gcc/arm-none-eabi/7.3.1/thumb/v7e-m/fpv4-sp/hard/crti.o
LOAD c:/st/stm32cubeide_1.5.1/stm32cubeide/plugins/com.st.stm32cube.ide.mcu.externaltools.gnu-tools-for-stm32.7-2018-q2-update.win32_1.5.0.202011040924/tools/bin/../lib/gcc/arm-none-eabi/7.3.1/thumb/v7e-m/fpv4-sp/hard/crtbegin.o
LOAD c:/st/stm32cubeide_1.5.1/stm32cubeide/plugins/com.st.stm32cube.ide.mcu.externaltools.gnu-tools-for-stm32.7-2018-q2-update.win32_1.5.0.202011040924/tools/bin/../lib/gcc/arm-none-eabi/7.3.1/../../../../arm-none-eabi/lib/thumb/v7e-m/fpv4-sp/hard/crt0.o
LOAD Core/Src/GAS_Can.o
LOAD Core/Src/GAS_PWM.o
LOAD Core/Src/GAS_Scheduler.o
LOAD Core/Src/GAS_Vadc.o
LOAD Core/Src/adc.o
LOAD Core/Src/can.o
LOAD Core/Src/crc.o
LOAD Core/Src/dac.o
LOAD Core/Src/dma.o
LOAD Core/Src/gpio.o
LOAD Core/Src/main.o
LOAD Core/Src/stm32f4xx_hal_msp.o
LOAD Core/Src/stm32f4xx_it.o
LOAD Core/Src/syscalls.o
LOAD Core/Src/sysmem.o
LOAD Core/Src/system_stm32f4xx.o
LOAD Core/Src/tim.o
LOAD Core/Startup/startup_stm32f405rgtx.o
LOAD Drivers/STM32F4xx_HAL_Driver/Src/stm32f4xx_hal.o
LOAD Drivers/STM32F4xx_HAL_Driver/Src/stm32f4xx_hal_adc.o
LOAD Drivers/STM32F4xx_HAL_Driver/Src/stm32f4xx_hal_adc_ex.o
LOAD Drivers/STM32F4xx_HAL_Driver/Src/stm32f4xx_hal_can.o
LOAD Drivers/STM32F4xx_HAL_Driver/Src/stm32f4xx_hal_cortex.o
LOAD Drivers/STM32F4xx_HAL_Driver/Src/stm32f4xx_hal_crc.o
LOAD Drivers/STM32F4xx_HAL_Driver/Src/stm32f4xx_hal_dac.o
LOAD Drivers/STM32F4xx_HAL_Driver/Src/stm32f4xx_hal_dac_ex.o
LOAD Drivers/STM32F4xx_HAL_Driver/Src/stm32f4xx_hal_dma.o
LOAD Drivers/STM32F4xx_HAL_Driver/Src/stm32f4xx_hal_dma_ex.o
LOAD Drivers/STM32F4xx_HAL_Driver/Src/stm32f4xx_hal_exti.o
LOAD Drivers/STM32F4xx_HAL_Driver/Src/stm32f4xx_hal_flash.o
LOAD Drivers/STM32F4xx_HAL_Driver/Src/stm32f4xx_hal_flash_ex.o
LOAD Drivers/STM32F4xx_HAL_Driver/Src/stm32f4xx_hal_flash_ramfunc.o
LOAD Drivers/STM32F4xx_HAL_Driver/Src/stm32f4xx_hal_gpio.o
LOAD Drivers/STM32F4xx_HAL_Driver/Src/stm32f4xx_hal_pwr.o
LOAD Drivers/STM32F4xx_HAL_Driver/Src/stm32f4xx_hal_pwr_ex.o
LOAD Drivers/STM32F4xx_HAL_Driver/Src/stm32f4xx_hal_rcc.o
LOAD Drivers/STM32F4xx_HAL_Driver/Src/stm32f4xx_hal_rcc_ex.o
LOAD Drivers/STM32F4xx_HAL_Driver/Src/stm32f4xx_hal_tim.o
LOAD Drivers/STM32F4xx_HAL_Driver/Src/stm32f4xx_hal_tim_ex.o
START GROUP
LOAD c:/st/stm32cubeide_1.5.1/stm32cubeide/plugins/com.st.stm32cube.ide.mcu.externaltools.gnu-tools-for-stm32.7-2018-q2-update.win32_1.5.0.202011040924/tools/bin/../lib/gcc/arm-none-eabi/7.3.1/../../../../arm-none-eabi/lib/thumb/v7e-m/fpv4-sp/hard\libc_nano.a
LOAD c:/st/stm32cubeide_1.5.1/stm32cubeide/plugins/com.st.stm32cube.ide.mcu.externaltools.gnu-tools-for-stm32.7-2018-q2-update.win32_1.5.0.202011040924/tools/bin/../lib/gcc/arm-none-eabi/7.3.1/../../../../arm-none-eabi/lib/thumb/v7e-m/fpv4-sp/hard\libm.a
END GROUP
START GROUP
LOAD c:/st/stm32cubeide_1.5.1/stm32cubeide/plugins/com.st.stm32cube.ide.mcu.externaltools.gnu-tools-for-stm32.7-2018-q2-update.win32_1.5.0.202011040924/tools/bin/../lib/gcc/arm-none-eabi/7.3.1/thumb/v7e-m/fpv4-sp/hard\libgcc.a
LOAD c:/st/stm32cubeide_1.5.1/stm32cubeide/plugins/com.st.stm32cube.ide.mcu.externaltools.gnu-tools-for-stm32.7-2018-q2-update.win32_1.5.0.202011040924/tools/bin/../lib/gcc/arm-none-eabi/7.3.1/../../../../arm-none-eabi/lib/thumb/v7e-m/fpv4-sp/hard\libc_nano.a
END GROUP
START GROUP
LOAD c:/st/stm32cubeide_1.5.1/stm32cubeide/plugins/com.st.stm32cube.ide.mcu.externaltools.gnu-tools-for-stm32.7-2018-q2-update.win32_1.5.0.202011040924/tools/bin/../lib/gcc/arm-none-eabi/7.3.1/thumb/v7e-m/fpv4-sp/hard\libgcc.a
LOAD c:/st/stm32cubeide_1.5.1/stm32cubeide/plugins/com.st.stm32cube.ide.mcu.externaltools.gnu-tools-for-stm32.7-2018-q2-update.win32_1.5.0.202011040924/tools/bin/../lib/gcc/arm-none-eabi/7.3.1/../../../../arm-none-eabi/lib/thumb/v7e-m/fpv4-sp/hard\libc_nano.a
LOAD c:/st/stm32cubeide_1.5.1/stm32cubeide/plugins/com.st.stm32cube.ide.mcu.externaltools.gnu-tools-for-stm32.7-2018-q2-update.win32_1.5.0.202011040924/tools/bin/../lib/gcc/arm-none-eabi/7.3.1/../../../../arm-none-eabi/lib/thumb/v7e-m/fpv4-sp/hard\libnosys.a
END GROUP
START GROUP
LOAD c:/st/stm32cubeide_1.5.1/stm32cubeide/plugins/com.st.stm32cube.ide.mcu.externaltools.gnu-tools-for-stm32.7-2018-q2-update.win32_1.5.0.202011040924/tools/bin/../lib/gcc/arm-none-eabi/7.3.1/thumb/v7e-m/fpv4-sp/hard\libgcc.a
LOAD c:/st/stm32cubeide_1.5.1/stm32cubeide/plugins/com.st.stm32cube.ide.mcu.externaltools.gnu-tools-for-stm32.7-2018-q2-update.win32_1.5.0.202011040924/tools/bin/../lib/gcc/arm-none-eabi/7.3.1/../../../../arm-none-eabi/lib/thumb/v7e-m/fpv4-sp/hard\libc_nano.a
LOAD c:/st/stm32cubeide_1.5.1/stm32cubeide/plugins/com.st.stm32cube.ide.mcu.externaltools.gnu-tools-for-stm32.7-2018-q2-update.win32_1.5.0.202011040924/tools/bin/../lib/gcc/arm-none-eabi/7.3.1/../../../../arm-none-eabi/lib/thumb/v7e-m/fpv4-sp/hard\libnosys.a
END GROUP
LOAD c:/st/stm32cubeide_1.5.1/stm32cubeide/plugins/com.st.stm32cube.ide.mcu.externaltools.gnu-tools-for-stm32.7-2018-q2-update.win32_1.5.0.202011040924/tools/bin/../lib/gcc/arm-none-eabi/7.3.1/thumb/v7e-m/fpv4-sp/hard/crtend.o
LOAD c:/st/stm32cubeide_1.5.1/stm32cubeide/plugins/com.st.stm32cube.ide.mcu.externaltools.gnu-tools-for-stm32.7-2018-q2-update.win32_1.5.0.202011040924/tools/bin/../lib/gcc/arm-none-eabi/7.3.1/thumb/v7e-m/fpv4-sp/hard/crtn.o
                0x0000000020020000                _estack = (ORIGIN (RAM) + LENGTH (RAM))
                0x0000000000000200                _Min_Heap_Size = 0x200
                0x0000000000000400                _Min_Stack_Size = 0x400

.isr_vector     0x0000000008000000      0x188
                0x0000000008000000                . = ALIGN (0x4)
 *(.isr_vector)
 .isr_vector    0x0000000008000000      0x188 Core/Startup/startup_stm32f405rgtx.o
                0x0000000008000000                g_pfnVectors
                0x0000000008000188                . = ALIGN (0x4)

.text           0x0000000008000188     0x54dc
                0x0000000008000188                . = ALIGN (0x4)
 *(.text)
 .text          0x0000000008000188       0x40 c:/st/stm32cubeide_1.5.1/stm32cubeide/plugins/com.st.stm32cube.ide.mcu.externaltools.gnu-tools-for-stm32.7-2018-q2-update.win32_1.5.0.202011040924/tools/bin/../lib/gcc/arm-none-eabi/7.3.1/thumb/v7e-m/fpv4-sp/hard/crtbegin.o
 .text          0x00000000080001c8       0x30 c:/st/stm32cubeide_1.5.1/stm32cubeide/plugins/com.st.stm32cube.ide.mcu.externaltools.gnu-tools-for-stm32.7-2018-q2-update.win32_1.5.0.202011040924/tools/bin/../lib/gcc/arm-none-eabi/7.3.1/thumb/v7e-m/fpv4-sp/hard\libgcc.a(_aeabi_uldivmod.o)
                0x00000000080001c8                __aeabi_uldivmod
 .text          0x00000000080001f8      0x2cc c:/st/stm32cubeide_1.5.1/stm32cubeide/plugins/com.st.stm32cube.ide.mcu.externaltools.gnu-tools-for-stm32.7-2018-q2-update.win32_1.5.0.202011040924/tools/bin/../lib/gcc/arm-none-eabi/7.3.1/thumb/v7e-m/fpv4-sp/hard\libgcc.a(_udivmoddi4.o)
                0x00000000080001f8                __udivmoddi4
 .text          0x00000000080004c4        0x4 c:/st/stm32cubeide_1.5.1/stm32cubeide/plugins/com.st.stm32cube.ide.mcu.externaltools.gnu-tools-for-stm32.7-2018-q2-update.win32_1.5.0.202011040924/tools/bin/../lib/gcc/arm-none-eabi/7.3.1/thumb/v7e-m/fpv4-sp/hard\libgcc.a(_dvmd_tls.o)
                0x00000000080004c4                __aeabi_idiv0
                0x00000000080004c4                __aeabi_ldiv0
 *(.text*)
 .text.GAS_Can_txSetting
                0x00000000080004c8       0x30 Core/Src/GAS_Can.o
                0x00000000080004c8                GAS_Can_txSetting
 .text.GAS_Can_rxSetting
                0x00000000080004f8       0xcc Core/Src/GAS_Can.o
                0x00000000080004f8                GAS_Can_rxSetting
 .text.GAS_Can_init
                0x00000000080005c4       0x40 Core/Src/GAS_Can.o
                0x00000000080005c4                GAS_Can_init
 .text.GAS_Can_sendMessage
                0x0000000008000604       0x98 Core/Src/GAS_Can.o
                0x0000000008000604                GAS_Can_sendMessage
 .text.HAL_CAN_RxFifo0MsgPendingCallback
                0x000000000800069c       0x34 Core/Src/GAS_Can.o
                0x000000000800069c                HAL_CAN_RxFifo0MsgPendingCallback
 .text.HAL_CAN_RxFifo1MsgPendingCallback
                0x00000000080006d0       0x34 Core/Src/GAS_Can.o
                0x00000000080006d0                HAL_CAN_RxFifo1MsgPendingCallback
 .text.GAS_PWM_inputInit
                0x0000000008000704       0x44 Core/Src/GAS_PWM.o
                0x0000000008000704                GAS_PWM_inputInit
 .text.HAL_TIM_IC_CaptureCallback
                0x0000000008000748       0x74 Core/Src/GAS_PWM.o
                0x0000000008000748                HAL_TIM_IC_CaptureCallback
 .text.GAS_PWM_Check
                0x00000000080007bc       0x90 Core/Src/GAS_PWM.o
                0x00000000080007bc                GAS_PWM_Check
 .text.GAS_PWM_Check2
                0x000000000800084c       0x94 Core/Src/GAS_PWM.o
                0x000000000800084c                GAS_PWM_Check2
 .text.__NVIC_SetPriority
                0x00000000080008e0       0x54 Core/Src/GAS_Scheduler.o
 .text.SysTick_Config
                0x0000000008000934       0x44 Core/Src/GAS_Scheduler.o
 .text.GAS_Scheduler_init
                0x0000000008000978       0x40 Core/Src/GAS_Scheduler.o
                0x0000000008000978                GAS_Scheduler_init
 .text.GAS_Scheduler_taskCounter_1ms
                0x00000000080009b8        0xe Core/Src/GAS_Scheduler.o
                0x00000000080009b8                GAS_Scheduler_taskCounter_1ms
 *fill*         0x00000000080009c6        0x2 
 .text.GAS_Scheduler_taskCounter_10ms
                0x00000000080009c8       0x38 Core/Src/GAS_Scheduler.o
                0x00000000080009c8                GAS_Scheduler_taskCounter_10ms
 .text.GAS_Scheduler_taskCounter_100ms
                0x0000000008000a00        0xe Core/Src/GAS_Scheduler.o
                0x0000000008000a00                GAS_Scheduler_taskCounter_100ms
 .text.GAS_Scheduler_taskCounter_1000ms
                0x0000000008000a0e        0xe Core/Src/GAS_Scheduler.o
                0x0000000008000a0e                GAS_Scheduler_taskCounter_1000ms
 .text.HAL_SYSTICK_Callback
                0x0000000008000a1c       0x8c Core/Src/GAS_Scheduler.o
                0x0000000008000a1c                HAL_SYSTICK_Callback
 .text.GAS_Scheduler
                0x0000000008000aa8       0x5c Core/Src/GAS_Scheduler.o
                0x0000000008000aa8                GAS_Scheduler
 .text.MX_ADC1_Init
                0x0000000008000b04       0xa4 Core/Src/adc.o
                0x0000000008000b04                MX_ADC1_Init
 .text.MX_ADC2_Init
                0x0000000008000ba8       0xa4 Core/Src/adc.o
                0x0000000008000ba8                MX_ADC2_Init
 .text.MX_ADC3_Init
                0x0000000008000c4c       0xa4 Core/Src/adc.o
                0x0000000008000c4c                MX_ADC3_Init
 .text.HAL_ADC_MspInit
                0x0000000008000cf0      0x288 Core/Src/adc.o
                0x0000000008000cf0                HAL_ADC_MspInit
 .text.MX_CAN2_Init
                0x0000000008000f78       0x6c Core/Src/can.o
                0x0000000008000f78                MX_CAN2_Init
 .text.HAL_CAN_MspInit
                0x0000000008000fe4       0xcc Core/Src/can.o
                0x0000000008000fe4                HAL_CAN_MspInit
 .text.MX_CRC_Init
                0x00000000080010b0       0x28 Core/Src/crc.o
                0x00000000080010b0                MX_CRC_Init
 .text.HAL_CRC_MspInit
                0x00000000080010d8       0x44 Core/Src/crc.o
                0x00000000080010d8                HAL_CRC_MspInit
 .text.MX_DAC_Init
                0x000000000800111c       0x54 Core/Src/dac.o
                0x000000000800111c                MX_DAC_Init
 .text.HAL_DAC_MspInit
                0x0000000008001170       0x88 Core/Src/dac.o
                0x0000000008001170                HAL_DAC_MspInit
 .text.MX_DMA_Init
                0x00000000080011f8       0x40 Core/Src/dma.o
                0x00000000080011f8                MX_DMA_Init
 .text.MX_GPIO_Init
                0x0000000008001238      0x198 Core/Src/gpio.o
                0x0000000008001238                MX_GPIO_Init
 .text.main     0x00000000080013d0       0x4a Core/Src/main.o
                0x00000000080013d0                main
 *fill*         0x000000000800141a        0x2 
 .text.SystemClock_Config
                0x000000000800141c       0xd8 Core/Src/main.o
                0x000000000800141c                SystemClock_Config
 .text.Error_Handler
                0x00000000080014f4        0x8 Core/Src/main.o
                0x00000000080014f4                Error_Handler
 .text.HAL_MspInit
                0x00000000080014fc       0x50 Core/Src/stm32f4xx_hal_msp.o
                0x00000000080014fc                HAL_MspInit
 .text.NMI_Handler
                0x000000000800154c        0xa Core/Src/stm32f4xx_it.o
                0x000000000800154c                NMI_Handler
 .text.HardFault_Handler
                0x0000000008001556        0x6 Core/Src/stm32f4xx_it.o
                0x0000000008001556                HardFault_Handler
 .text.MemManage_Handler
                0x000000000800155c        0x6 Core/Src/stm32f4xx_it.o
                0x000000000800155c                MemManage_Handler
 .text.BusFault_Handler
                0x0000000008001562        0x6 Core/Src/stm32f4xx_it.o
                0x0000000008001562                BusFault_Handler
 .text.UsageFault_Handler
                0x0000000008001568        0x6 Core/Src/stm32f4xx_it.o
                0x0000000008001568                UsageFault_Handler
 .text.SVC_Handler
                0x000000000800156e        0xe Core/Src/stm32f4xx_it.o
                0x000000000800156e                SVC_Handler
 .text.DebugMon_Handler
                0x000000000800157c        0xe Core/Src/stm32f4xx_it.o
                0x000000000800157c                DebugMon_Handler
 .text.PendSV_Handler
                0x000000000800158a        0xe Core/Src/stm32f4xx_it.o
                0x000000000800158a                PendSV_Handler
 .text.SysTick_Handler
                0x0000000008001598       0x10 Core/Src/stm32f4xx_it.o
                0x0000000008001598                SysTick_Handler
 .text.TIM1_CC_IRQHandler
                0x00000000080015a8       0x14 Core/Src/stm32f4xx_it.o
                0x00000000080015a8                TIM1_CC_IRQHandler
 .text.TIM4_IRQHandler
                0x00000000080015bc       0x14 Core/Src/stm32f4xx_it.o
                0x00000000080015bc                TIM4_IRQHandler
 .text.TIM8_CC_IRQHandler
                0x00000000080015d0       0x14 Core/Src/stm32f4xx_it.o
                0x00000000080015d0                TIM8_CC_IRQHandler
 .text.DMA2_Stream0_IRQHandler
                0x00000000080015e4       0x14 Core/Src/stm32f4xx_it.o
                0x00000000080015e4                DMA2_Stream0_IRQHandler
 .text.CAN2_RX0_IRQHandler
                0x00000000080015f8       0x14 Core/Src/stm32f4xx_it.o
                0x00000000080015f8                CAN2_RX0_IRQHandler
 .text.CAN2_RX1_IRQHandler
                0x000000000800160c       0x14 Core/Src/stm32f4xx_it.o
                0x000000000800160c                CAN2_RX1_IRQHandler
 .text.SystemInit
                0x0000000008001620       0x2c Core/Src/system_stm32f4xx.o
                0x0000000008001620                SystemInit
 .text.MX_TIM1_Init
                0x000000000800164c      0x140 Core/Src/tim.o
                0x000000000800164c                MX_TIM1_Init
 .text.MX_TIM3_Init
                0x000000000800178c      0x114 Core/Src/tim.o
                0x000000000800178c                MX_TIM3_Init
 .text.MX_TIM4_Init
                0x00000000080018a0      0x138 Core/Src/tim.o
                0x00000000080018a0                MX_TIM4_Init
 .text.MX_TIM8_Init
                0x00000000080019d8      0x140 Core/Src/tim.o
                0x00000000080019d8                MX_TIM8_Init
 .text.MX_TIM12_Init
                0x0000000008001b18      0x110 Core/Src/tim.o
                0x0000000008001b18                MX_TIM12_Init
 .text.HAL_TIM_Base_MspInit
                0x0000000008001c28      0x26c Core/Src/tim.o
                0x0000000008001c28                HAL_TIM_Base_MspInit
 .text.Reset_Handler
                0x0000000008001e94       0x50 Core/Startup/startup_stm32f405rgtx.o
                0x0000000008001e94                Reset_Handler
 .text.Default_Handler
                0x0000000008001ee4        0x2 Core/Startup/startup_stm32f405rgtx.o
                0x0000000008001ee4                RTC_Alarm_IRQHandler
                0x0000000008001ee4                HASH_RNG_IRQHandler
                0x0000000008001ee4                EXTI2_IRQHandler
                0x0000000008001ee4                DMA2_Stream5_IRQHandler
                0x0000000008001ee4                DMA1_Stream5_IRQHandler
                0x0000000008001ee4                PVD_IRQHandler
                0x0000000008001ee4                SDIO_IRQHandler
                0x0000000008001ee4                TAMP_STAMP_IRQHandler
                0x0000000008001ee4                EXTI3_IRQHandler
                0x0000000008001ee4                TIM8_TRG_COM_TIM14_IRQHandler
                0x0000000008001ee4                TIM1_UP_TIM10_IRQHandler
                0x0000000008001ee4                TIM8_UP_TIM13_IRQHandler
                0x0000000008001ee4                I2C3_ER_IRQHandler
                0x0000000008001ee4                EXTI0_IRQHandler
                0x0000000008001ee4                I2C2_EV_IRQHandler
                0x0000000008001ee4                DMA1_Stream2_IRQHandler
                0x0000000008001ee4                CAN1_RX0_IRQHandler
                0x0000000008001ee4                FPU_IRQHandler
                0x0000000008001ee4                OTG_HS_WKUP_IRQHandler
                0x0000000008001ee4                CAN2_SCE_IRQHandler
                0x0000000008001ee4                DMA2_Stream2_IRQHandler
                0x0000000008001ee4                SPI1_IRQHandler
                0x0000000008001ee4                TIM6_DAC_IRQHandler
                0x0000000008001ee4                TIM1_BRK_TIM9_IRQHandler
                0x0000000008001ee4                DMA2_Stream3_IRQHandler
                0x0000000008001ee4                USART6_IRQHandler
                0x0000000008001ee4                USART3_IRQHandler
                0x0000000008001ee4                CAN1_RX1_IRQHandler
                0x0000000008001ee4                UART5_IRQHandler
                0x0000000008001ee4                I2C1_EV_IRQHandler
                0x0000000008001ee4                DMA1_Stream6_IRQHandler
                0x0000000008001ee4                DMA1_Stream1_IRQHandler
                0x0000000008001ee4                UART4_IRQHandler
                0x0000000008001ee4                TIM3_IRQHandler
                0x0000000008001ee4                RCC_IRQHandler
                0x0000000008001ee4                TIM8_BRK_TIM12_IRQHandler
                0x0000000008001ee4                Default_Handler
                0x0000000008001ee4                EXTI15_10_IRQHandler
                0x0000000008001ee4                ADC_IRQHandler
                0x0000000008001ee4                DMA1_Stream7_IRQHandler
                0x0000000008001ee4                TIM7_IRQHandler
                0x0000000008001ee4                CAN2_TX_IRQHandler
                0x0000000008001ee4                TIM5_IRQHandler
                0x0000000008001ee4                DMA2_Stream7_IRQHandler
                0x0000000008001ee4                I2C3_EV_IRQHandler
                0x0000000008001ee4                EXTI9_5_IRQHandler
                0x0000000008001ee4                RTC_WKUP_IRQHandler
                0x0000000008001ee4                SPI2_IRQHandler
                0x0000000008001ee4                OTG_HS_EP1_IN_IRQHandler
                0x0000000008001ee4                DMA1_Stream0_IRQHandler
                0x0000000008001ee4                CAN1_TX_IRQHandler
                0x0000000008001ee4                EXTI4_IRQHandler
                0x0000000008001ee4                FSMC_IRQHandler
                0x0000000008001ee4                OTG_HS_EP1_OUT_IRQHandler
                0x0000000008001ee4                WWDG_IRQHandler
                0x0000000008001ee4                TIM2_IRQHandler
                0x0000000008001ee4                OTG_FS_WKUP_IRQHandler
                0x0000000008001ee4                TIM1_TRG_COM_TIM11_IRQHandler
                0x0000000008001ee4                OTG_HS_IRQHandler
                0x0000000008001ee4                EXTI1_IRQHandler
                0x0000000008001ee4                USART2_IRQHandler
                0x0000000008001ee4                I2C2_ER_IRQHandler
                0x0000000008001ee4                DMA2_Stream1_IRQHandler
                0x0000000008001ee4                CAN1_SCE_IRQHandler
                0x0000000008001ee4                FLASH_IRQHandler
                0x0000000008001ee4                DMA2_Stream4_IRQHandler
                0x0000000008001ee4                USART1_IRQHandler
                0x0000000008001ee4                OTG_FS_IRQHandler
                0x0000000008001ee4                SPI3_IRQHandler
                0x0000000008001ee4                DMA1_Stream4_IRQHandler
                0x0000000008001ee4                I2C1_ER_IRQHandler
                0x0000000008001ee4                DMA2_Stream6_IRQHandler
                0x0000000008001ee4                DMA1_Stream3_IRQHandler
 *fill*         0x0000000008001ee6        0x2 
 .text.HAL_Init
                0x0000000008001ee8       0x44 Drivers/STM32F4xx_HAL_Driver/Src/stm32f4xx_hal.o
                0x0000000008001ee8                HAL_Init
 .text.HAL_InitTick
                0x0000000008001f2c       0x60 Drivers/STM32F4xx_HAL_Driver/Src/stm32f4xx_hal.o
                0x0000000008001f2c                HAL_InitTick
 .text.HAL_IncTick
                0x0000000008001f8c       0x28 Drivers/STM32F4xx_HAL_Driver/Src/stm32f4xx_hal.o
                0x0000000008001f8c                HAL_IncTick
 .text.HAL_GetTick
                0x0000000008001fb4       0x18 Drivers/STM32F4xx_HAL_Driver/Src/stm32f4xx_hal.o
                0x0000000008001fb4                HAL_GetTick
 .text.HAL_ADC_Init
                0x0000000008001fcc       0x86 Drivers/STM32F4xx_HAL_Driver/Src/stm32f4xx_hal_adc.o
                0x0000000008001fcc                HAL_ADC_Init
 *fill*         0x0000000008002052        0x2 
 .text.HAL_ADC_ConfigChannel
                0x0000000008002054      0x244 Drivers/STM32F4xx_HAL_Driver/Src/stm32f4xx_hal_adc.o
                0x0000000008002054                HAL_ADC_ConfigChannel
 .text.ADC_Init
                0x0000000008002298      0x1f8 Drivers/STM32F4xx_HAL_Driver/Src/stm32f4xx_hal_adc.o
 .text.HAL_CAN_Init
                0x0000000008002490      0x1f6 Drivers/STM32F4xx_HAL_Driver/Src/stm32f4xx_hal_can.o
                0x0000000008002490                HAL_CAN_Init
 *fill*         0x0000000008002686        0x2 
 .text.HAL_CAN_ConfigFilter
                0x0000000008002688      0x1c0 Drivers/STM32F4xx_HAL_Driver/Src/stm32f4xx_hal_can.o
                0x0000000008002688                HAL_CAN_ConfigFilter
 .text.HAL_CAN_Start
                0x0000000008002848       0x88 Drivers/STM32F4xx_HAL_Driver/Src/stm32f4xx_hal_can.o
                0x0000000008002848                HAL_CAN_Start
 .text.HAL_CAN_AddTxMessage
                0x00000000080028d0      0x1b6 Drivers/STM32F4xx_HAL_Driver/Src/stm32f4xx_hal_can.o
                0x00000000080028d0                HAL_CAN_AddTxMessage
 .text.HAL_CAN_GetTxMailboxesFreeLevel
                0x0000000008002a86       0x6a Drivers/STM32F4xx_HAL_Driver/Src/stm32f4xx_hal_can.o
                0x0000000008002a86                HAL_CAN_GetTxMailboxesFreeLevel
 .text.HAL_CAN_GetRxMessage
                0x0000000008002af0      0x224 Drivers/STM32F4xx_HAL_Driver/Src/stm32f4xx_hal_can.o
                0x0000000008002af0                HAL_CAN_GetRxMessage
 .text.HAL_CAN_ActivateNotification
                0x0000000008002d14       0x4c Drivers/STM32F4xx_HAL_Driver/Src/stm32f4xx_hal_can.o
                0x0000000008002d14                HAL_CAN_ActivateNotification
 .text.HAL_CAN_IRQHandler
                0x0000000008002d60      0x362 Drivers/STM32F4xx_HAL_Driver/Src/stm32f4xx_hal_can.o
                0x0000000008002d60                HAL_CAN_IRQHandler
 .text.HAL_CAN_TxMailbox0CompleteCallback
                0x00000000080030c2       0x14 Drivers/STM32F4xx_HAL_Driver/Src/stm32f4xx_hal_can.o
                0x00000000080030c2                HAL_CAN_TxMailbox0CompleteCallback
 .text.HAL_CAN_TxMailbox1CompleteCallback
                0x00000000080030d6       0x14 Drivers/STM32F4xx_HAL_Driver/Src/stm32f4xx_hal_can.o
                0x00000000080030d6                HAL_CAN_TxMailbox1CompleteCallback
 .text.HAL_CAN_TxMailbox2CompleteCallback
                0x00000000080030ea       0x14 Drivers/STM32F4xx_HAL_Driver/Src/stm32f4xx_hal_can.o
                0x00000000080030ea                HAL_CAN_TxMailbox2CompleteCallback
 .text.HAL_CAN_TxMailbox0AbortCallback
                0x00000000080030fe       0x14 Drivers/STM32F4xx_HAL_Driver/Src/stm32f4xx_hal_can.o
                0x00000000080030fe                HAL_CAN_TxMailbox0AbortCallback
 .text.HAL_CAN_TxMailbox1AbortCallback
                0x0000000008003112       0x14 Drivers/STM32F4xx_HAL_Driver/Src/stm32f4xx_hal_can.o
                0x0000000008003112                HAL_CAN_TxMailbox1AbortCallback
 .text.HAL_CAN_TxMailbox2AbortCallback
                0x0000000008003126       0x14 Drivers/STM32F4xx_HAL_Driver/Src/stm32f4xx_hal_can.o
                0x0000000008003126                HAL_CAN_TxMailbox2AbortCallback
 .text.HAL_CAN_RxFifo0FullCallback
                0x000000000800313a       0x14 Drivers/STM32F4xx_HAL_Driver/Src/stm32f4xx_hal_can.o
                0x000000000800313a                HAL_CAN_RxFifo0FullCallback
 .text.HAL_CAN_RxFifo1FullCallback
                0x000000000800314e       0x14 Drivers/STM32F4xx_HAL_Driver/Src/stm32f4xx_hal_can.o
                0x000000000800314e                HAL_CAN_RxFifo1FullCallback
 .text.HAL_CAN_SleepCallback
                0x0000000008003162       0x14 Drivers/STM32F4xx_HAL_Driver/Src/stm32f4xx_hal_can.o
                0x0000000008003162                HAL_CAN_SleepCallback
 .text.HAL_CAN_WakeUpFromRxMsgCallback
                0x0000000008003176       0x14 Drivers/STM32F4xx_HAL_Driver/Src/stm32f4xx_hal_can.o
                0x0000000008003176                HAL_CAN_WakeUpFromRxMsgCallback
 .text.HAL_CAN_ErrorCallback
                0x000000000800318a       0x14 Drivers/STM32F4xx_HAL_Driver/Src/stm32f4xx_hal_can.o
                0x000000000800318a                HAL_CAN_ErrorCallback
 *fill*         0x000000000800319e        0x2 
 .text.__NVIC_SetPriorityGrouping
                0x00000000080031a0       0x48 Drivers/STM32F4xx_HAL_Driver/Src/stm32f4xx_hal_cortex.o
 .text.__NVIC_GetPriorityGrouping
                0x00000000080031e8       0x1c Drivers/STM32F4xx_HAL_Driver/Src/stm32f4xx_hal_cortex.o
 .text.__NVIC_EnableIRQ
                0x0000000008003204       0x3c Drivers/STM32F4xx_HAL_Driver/Src/stm32f4xx_hal_cortex.o
 .text.__NVIC_SetPriority
                0x0000000008003240       0x54 Drivers/STM32F4xx_HAL_Driver/Src/stm32f4xx_hal_cortex.o
 .text.NVIC_EncodePriority
                0x0000000008003294       0x66 Drivers/STM32F4xx_HAL_Driver/Src/stm32f4xx_hal_cortex.o
 *fill*         0x00000000080032fa        0x2 
 .text.SysTick_Config
                0x00000000080032fc       0x44 Drivers/STM32F4xx_HAL_Driver/Src/stm32f4xx_hal_cortex.o
 .text.HAL_NVIC_SetPriorityGrouping
                0x0000000008003340       0x16 Drivers/STM32F4xx_HAL_Driver/Src/stm32f4xx_hal_cortex.o
                0x0000000008003340                HAL_NVIC_SetPriorityGrouping
 .text.HAL_NVIC_SetPriority
                0x0000000008003356       0x38 Drivers/STM32F4xx_HAL_Driver/Src/stm32f4xx_hal_cortex.o
                0x0000000008003356                HAL_NVIC_SetPriority
 .text.HAL_NVIC_EnableIRQ
                0x000000000800338e       0x1c Drivers/STM32F4xx_HAL_Driver/Src/stm32f4xx_hal_cortex.o
                0x000000000800338e                HAL_NVIC_EnableIRQ
 .text.HAL_SYSTICK_Config
                0x00000000080033aa       0x18 Drivers/STM32F4xx_HAL_Driver/Src/stm32f4xx_hal_cortex.o
                0x00000000080033aa                HAL_SYSTICK_Config
 .text.HAL_SYSTICK_IRQHandler
                0x00000000080033c2        0xc Drivers/STM32F4xx_HAL_Driver/Src/stm32f4xx_hal_cortex.o
                0x00000000080033c2                HAL_SYSTICK_IRQHandler
 .text.HAL_CRC_Init
                0x00000000080033ce       0x38 Drivers/STM32F4xx_HAL_Driver/Src/stm32f4xx_hal_crc.o
                0x00000000080033ce                HAL_CRC_Init
 .text.HAL_DAC_Init
                0x0000000008003406       0x44 Drivers/STM32F4xx_HAL_Driver/Src/stm32f4xx_hal_dac.o
                0x0000000008003406                HAL_DAC_Init
 .text.HAL_DAC_ConfigChannel
                0x000000000800344a       0x9a Drivers/STM32F4xx_HAL_Driver/Src/stm32f4xx_hal_dac.o
                0x000000000800344a                HAL_DAC_ConfigChannel
 .text.HAL_DMA_Init
                0x00000000080034e4      0x15c Drivers/STM32F4xx_HAL_Driver/Src/stm32f4xx_hal_dma.o
                0x00000000080034e4                HAL_DMA_Init
 .text.HAL_DMA_IRQHandler
                0x0000000008003640      0x314 Drivers/STM32F4xx_HAL_Driver/Src/stm32f4xx_hal_dma.o
                0x0000000008003640                HAL_DMA_IRQHandler
 .text.DMA_CalcBaseAndBitshift
                0x0000000008003954       0x6c Drivers/STM32F4xx_HAL_Driver/Src/stm32f4xx_hal_dma.o
 .text.DMA_CheckFifoParam
                0x00000000080039c0       0xf4 Drivers/STM32F4xx_HAL_Driver/Src/stm32f4xx_hal_dma.o
 .text.HAL_GPIO_Init
                0x0000000008003ab4      0x334 Drivers/STM32F4xx_HAL_Driver/Src/stm32f4xx_hal_gpio.o
                0x0000000008003ab4                HAL_GPIO_Init
 .text.HAL_GPIO_WritePin
                0x0000000008003de8       0x32 Drivers/STM32F4xx_HAL_Driver/Src/stm32f4xx_hal_gpio.o
                0x0000000008003de8                HAL_GPIO_WritePin
 *fill*         0x0000000008003e1a        0x2 
 .text.HAL_RCC_OscConfig
                0x0000000008003e1c      0x4e0 Drivers/STM32F4xx_HAL_Driver/Src/stm32f4xx_hal_rcc.o
                0x0000000008003e1c                HAL_RCC_OscConfig
 .text.HAL_RCC_ClockConfig
                0x00000000080042fc      0x1cc Drivers/STM32F4xx_HAL_Driver/Src/stm32f4xx_hal_rcc.o
                0x00000000080042fc                HAL_RCC_ClockConfig
 .text.HAL_RCC_EnableCSS
                0x00000000080044c8       0x18 Drivers/STM32F4xx_HAL_Driver/Src/stm32f4xx_hal_rcc.o
                0x00000000080044c8                HAL_RCC_EnableCSS
 .text.HAL_RCC_GetSysClockFreq
                0x00000000080044e0      0x1b0 Drivers/STM32F4xx_HAL_Driver/Src/stm32f4xx_hal_rcc.o
                0x00000000080044e0                HAL_RCC_GetSysClockFreq
 .text.HAL_RCC_NMI_IRQHandler
                0x0000000008004690       0x28 Drivers/STM32F4xx_HAL_Driver/Src/stm32f4xx_hal_rcc.o
                0x0000000008004690                HAL_RCC_NMI_IRQHandler
 .text.HAL_RCC_CSSCallback
                0x00000000080046b8        0xe Drivers/STM32F4xx_HAL_Driver/Src/stm32f4xx_hal_rcc.o
                0x00000000080046b8                HAL_RCC_CSSCallback
 .text.HAL_TIM_Base_Init
                0x00000000080046c6       0x56 Drivers/STM32F4xx_HAL_Driver/Src/stm32f4xx_hal_tim.o
                0x00000000080046c6                HAL_TIM_Base_Init
 .text.HAL_TIM_Base_Start_IT
                0x000000000800471c       0x48 Drivers/STM32F4xx_HAL_Driver/Src/stm32f4xx_hal_tim.o
                0x000000000800471c                HAL_TIM_Base_Start_IT
 .text.HAL_TIM_IC_Init
                0x0000000008004764       0x56 Drivers/STM32F4xx_HAL_Driver/Src/stm32f4xx_hal_tim.o
                0x0000000008004764                HAL_TIM_IC_Init
 .text.HAL_TIM_IC_MspInit
                0x00000000080047ba       0x14 Drivers/STM32F4xx_HAL_Driver/Src/stm32f4xx_hal_tim.o
                0x00000000080047ba                HAL_TIM_IC_MspInit
 *fill*         0x00000000080047ce        0x2 
 .text.HAL_TIM_IC_Start_IT
                0x00000000080047d0       0xd0 Drivers/STM32F4xx_HAL_Driver/Src/stm32f4xx_hal_tim.o
                0x00000000080047d0                HAL_TIM_IC_Start_IT
 .text.HAL_TIM_IRQHandler
                0x00000000080048a0      0x210 Drivers/STM32F4xx_HAL_Driver/Src/stm32f4xx_hal_tim.o
                0x00000000080048a0                HAL_TIM_IRQHandler
 .text.HAL_TIM_IC_ConfigChannel
                0x0000000008004ab0      0x138 Drivers/STM32F4xx_HAL_Driver/Src/stm32f4xx_hal_tim.o
                0x0000000008004ab0                HAL_TIM_IC_ConfigChannel
 .text.HAL_TIM_ConfigClockSource
                0x0000000008004be8      0x16e Drivers/STM32F4xx_HAL_Driver/Src/stm32f4xx_hal_tim.o
                0x0000000008004be8                HAL_TIM_ConfigClockSource
 .text.HAL_TIM_SlaveConfigSynchro
                0x0000000008004d56       0x84 Drivers/STM32F4xx_HAL_Driver/Src/stm32f4xx_hal_tim.o
                0x0000000008004d56                HAL_TIM_SlaveConfigSynchro
 *fill*         0x0000000008004dda        0x2 
 .text.HAL_TIM_ReadCapturedValue
                0x0000000008004ddc       0x88 Drivers/STM32F4xx_HAL_Driver/Src/stm32f4xx_hal_tim.o
                0x0000000008004ddc                HAL_TIM_ReadCapturedValue
 .text.HAL_TIM_PeriodElapsedCallback
                0x0000000008004e64       0x14 Drivers/STM32F4xx_HAL_Driver/Src/stm32f4xx_hal_tim.o
                0x0000000008004e64                HAL_TIM_PeriodElapsedCallback
 .text.HAL_TIM_OC_DelayElapsedCallback
                0x0000000008004e78       0x14 Drivers/STM32F4xx_HAL_Driver/Src/stm32f4xx_hal_tim.o
                0x0000000008004e78                HAL_TIM_OC_DelayElapsedCallback
 .text.HAL_TIM_PWM_PulseFinishedCallback
                0x0000000008004e8c       0x14 Drivers/STM32F4xx_HAL_Driver/Src/stm32f4xx_hal_tim.o
                0x0000000008004e8c                HAL_TIM_PWM_PulseFinishedCallback
 .text.HAL_TIM_TriggerCallback
                0x0000000008004ea0       0x14 Drivers/STM32F4xx_HAL_Driver/Src/stm32f4xx_hal_tim.o
                0x0000000008004ea0                HAL_TIM_TriggerCallback
 .text.TIM_Base_SetConfig
                0x0000000008004eb4      0x140 Drivers/STM32F4xx_HAL_Driver/Src/stm32f4xx_hal_tim.o
                0x0000000008004eb4                TIM_Base_SetConfig
 .text.TIM_SlaveTimer_SetConfig
                0x0000000008004ff4      0x10c Drivers/STM32F4xx_HAL_Driver/Src/stm32f4xx_hal_tim.o
 .text.TIM_TI1_SetConfig
                0x0000000008005100       0xe8 Drivers/STM32F4xx_HAL_Driver/Src/stm32f4xx_hal_tim.o
                0x0000000008005100                TIM_TI1_SetConfig
 .text.TIM_TI1_ConfigInputStage
                0x00000000080051e8       0x5e Drivers/STM32F4xx_HAL_Driver/Src/stm32f4xx_hal_tim.o
 .text.TIM_TI2_SetConfig
                0x0000000008005246       0x7a Drivers/STM32F4xx_HAL_Driver/Src/stm32f4xx_hal_tim.o
 .text.TIM_TI2_ConfigInputStage
                0x00000000080052c0       0x60 Drivers/STM32F4xx_HAL_Driver/Src/stm32f4xx_hal_tim.o
 .text.TIM_TI3_SetConfig
                0x0000000008005320       0x78 Drivers/STM32F4xx_HAL_Driver/Src/stm32f4xx_hal_tim.o
 .text.TIM_TI4_SetConfig
                0x0000000008005398       0x7a Drivers/STM32F4xx_HAL_Driver/Src/stm32f4xx_hal_tim.o
 .text.TIM_ITRx_SetConfig
                0x0000000008005412       0x36 Drivers/STM32F4xx_HAL_Driver/Src/stm32f4xx_hal_tim.o
 .text.TIM_ETR_SetConfig
                0x0000000008005448       0x40 Drivers/STM32F4xx_HAL_Driver/Src/stm32f4xx_hal_tim.o
                0x0000000008005448                TIM_ETR_SetConfig
 .text.TIM_CCxChannelCmd
                0x0000000008005488       0x4a Drivers/STM32F4xx_HAL_Driver/Src/stm32f4xx_hal_tim.o
                0x0000000008005488                TIM_CCxChannelCmd
 *fill*         0x00000000080054d2        0x2 
 .text.HAL_TIMEx_MasterConfigSynchronization
                0x00000000080054d4       0xf8 Drivers/STM32F4xx_HAL_Driver/Src/stm32f4xx_hal_tim_ex.o
                0x00000000080054d4                HAL_TIMEx_MasterConfigSynchronization
 .text.HAL_TIMEx_CommutCallback
                0x00000000080055cc       0x14 Drivers/STM32F4xx_HAL_Driver/Src/stm32f4xx_hal_tim_ex.o
                0x00000000080055cc                HAL_TIMEx_CommutCallback
 .text.HAL_TIMEx_BreakCallback
                0x00000000080055e0       0x14 Drivers/STM32F4xx_HAL_Driver/Src/stm32f4xx_hal_tim_ex.o
                0x00000000080055e0                HAL_TIMEx_BreakCallback
 .text.__libc_init_array
                0x00000000080055f4       0x48 c:/st/stm32cubeide_1.5.1/stm32cubeide/plugins/com.st.stm32cube.ide.mcu.externaltools.gnu-tools-for-stm32.7-2018-q2-update.win32_1.5.0.202011040924/tools/bin/../lib/gcc/arm-none-eabi/7.3.1/../../../../arm-none-eabi/lib/thumb/v7e-m/fpv4-sp/hard\libc_nano.a(lib_a-init.o)
                0x00000000080055f4                __libc_init_array
 .text.memset   0x000000000800563c       0x10 c:/st/stm32cubeide_1.5.1/stm32cubeide/plugins/com.st.stm32cube.ide.mcu.externaltools.gnu-tools-for-stm32.7-2018-q2-update.win32_1.5.0.202011040924/tools/bin/../lib/gcc/arm-none-eabi/7.3.1/../../../../arm-none-eabi/lib/thumb/v7e-m/fpv4-sp/hard\libc_nano.a(lib_a-memset.o)
                0x000000000800563c                memset
 *(.glue_7)
 .glue_7        0x000000000800564c        0x0 linker stubs
 *(.glue_7t)
 .glue_7t       0x000000000800564c        0x0 linker stubs
 *(.eh_frame)
 .eh_frame      0x000000000800564c        0x0 c:/st/stm32cubeide_1.5.1/stm32cubeide/plugins/com.st.stm32cube.ide.mcu.externaltools.gnu-tools-for-stm32.7-2018-q2-update.win32_1.5.0.202011040924/tools/bin/../lib/gcc/arm-none-eabi/7.3.1/thumb/v7e-m/fpv4-sp/hard/crtbegin.o
 *(.init)
 .init          0x000000000800564c        0x4 c:/st/stm32cubeide_1.5.1/stm32cubeide/plugins/com.st.stm32cube.ide.mcu.externaltools.gnu-tools-for-stm32.7-2018-q2-update.win32_1.5.0.202011040924/tools/bin/../lib/gcc/arm-none-eabi/7.3.1/thumb/v7e-m/fpv4-sp/hard/crti.o
                0x000000000800564c                _init
 .init          0x0000000008005650        0x8 c:/st/stm32cubeide_1.5.1/stm32cubeide/plugins/com.st.stm32cube.ide.mcu.externaltools.gnu-tools-for-stm32.7-2018-q2-update.win32_1.5.0.202011040924/tools/bin/../lib/gcc/arm-none-eabi/7.3.1/thumb/v7e-m/fpv4-sp/hard/crtn.o
 *(.fini)
 .fini          0x0000000008005658        0x4 c:/st/stm32cubeide_1.5.1/stm32cubeide/plugins/com.st.stm32cube.ide.mcu.externaltools.gnu-tools-for-stm32.7-2018-q2-update.win32_1.5.0.202011040924/tools/bin/../lib/gcc/arm-none-eabi/7.3.1/thumb/v7e-m/fpv4-sp/hard/crti.o
                0x0000000008005658                _fini
 .fini          0x000000000800565c        0x8 c:/st/stm32cubeide_1.5.1/stm32cubeide/plugins/com.st.stm32cube.ide.mcu.externaltools.gnu-tools-for-stm32.7-2018-q2-update.win32_1.5.0.202011040924/tools/bin/../lib/gcc/arm-none-eabi/7.3.1/thumb/v7e-m/fpv4-sp/hard/crtn.o
                0x0000000008005664                . = ALIGN (0x4)
                0x0000000008005664                _etext = .

.vfp11_veneer   0x0000000008005664        0x0
 .vfp11_veneer  0x0000000008005664        0x0 linker stubs

.v4_bx          0x0000000008005664        0x0
 .v4_bx         0x0000000008005664        0x0 linker stubs

.iplt           0x0000000008005664        0x0
 .iplt          0x0000000008005664        0x0 c:/st/stm32cubeide_1.5.1/stm32cubeide/plugins/com.st.stm32cube.ide.mcu.externaltools.gnu-tools-for-stm32.7-2018-q2-update.win32_1.5.0.202011040924/tools/bin/../lib/gcc/arm-none-eabi/7.3.1/thumb/v7e-m/fpv4-sp/hard/crtbegin.o

.rodata         0x0000000008005664       0x18
                0x0000000008005664                . = ALIGN (0x4)
 *(.rodata)
 *(.rodata*)
 .rodata.AHBPrescTable
                0x0000000008005664       0x10 Core/Src/system_stm32f4xx.o
                0x0000000008005664                AHBPrescTable
 .rodata.flagBitshiftOffset.8308
                0x0000000008005674        0x8 Drivers/STM32F4xx_HAL_Driver/Src/stm32f4xx_hal_dma.o
                0x000000000800567c                . = ALIGN (0x4)

.ARM.extab      0x000000000800567c        0x0
                0x000000000800567c                . = ALIGN (0x4)
 *(.ARM.extab* .gnu.linkonce.armextab.*)
                0x000000000800567c                . = ALIGN (0x4)

.ARM            0x000000000800567c        0x8
                0x000000000800567c                . = ALIGN (0x4)
                0x000000000800567c                __exidx_start = .
 *(.ARM.exidx*)
 .ARM.exidx     0x000000000800567c        0x8 c:/st/stm32cubeide_1.5.1/stm32cubeide/plugins/com.st.stm32cube.ide.mcu.externaltools.gnu-tools-for-stm32.7-2018-q2-update.win32_1.5.0.202011040924/tools/bin/../lib/gcc/arm-none-eabi/7.3.1/thumb/v7e-m/fpv4-sp/hard\libgcc.a(_udivmoddi4.o)
                0x0000000008005684                __exidx_end = .
                0x0000000008005684                . = ALIGN (0x4)

.rel.dyn        0x0000000008005684        0x0
 .rel.iplt      0x0000000008005684        0x0 c:/st/stm32cubeide_1.5.1/stm32cubeide/plugins/com.st.stm32cube.ide.mcu.externaltools.gnu-tools-for-stm32.7-2018-q2-update.win32_1.5.0.202011040924/tools/bin/../lib/gcc/arm-none-eabi/7.3.1/thumb/v7e-m/fpv4-sp/hard/crtbegin.o

.preinit_array  0x0000000008005684        0x0
                0x0000000008005684                . = ALIGN (0x4)
                0x0000000008005684                PROVIDE (__preinit_array_start = .)
 *(.preinit_array*)
                0x0000000008005684                PROVIDE (__preinit_array_end = .)
                0x0000000008005684                . = ALIGN (0x4)

.init_array     0x0000000008005684        0x4
                0x0000000008005684                . = ALIGN (0x4)
                0x0000000008005684                PROVIDE (__init_array_start = .)
 *(SORT_BY_NAME(.init_array.*))
 *(.init_array*)
 .init_array    0x0000000008005684        0x4 c:/st/stm32cubeide_1.5.1/stm32cubeide/plugins/com.st.stm32cube.ide.mcu.externaltools.gnu-tools-for-stm32.7-2018-q2-update.win32_1.5.0.202011040924/tools/bin/../lib/gcc/arm-none-eabi/7.3.1/thumb/v7e-m/fpv4-sp/hard/crtbegin.o
                0x0000000008005688                PROVIDE (__init_array_end = .)
                0x0000000008005688                . = ALIGN (0x4)

.fini_array     0x0000000008005688        0x4
                0x0000000008005688                . = ALIGN (0x4)
                [!provide]                        PROVIDE (__fini_array_start = .)
 *(SORT_BY_NAME(.fini_array.*))
 *(.fini_array*)
 .fini_array    0x0000000008005688        0x4 c:/st/stm32cubeide_1.5.1/stm32cubeide/plugins/com.st.stm32cube.ide.mcu.externaltools.gnu-tools-for-stm32.7-2018-q2-update.win32_1.5.0.202011040924/tools/bin/../lib/gcc/arm-none-eabi/7.3.1/thumb/v7e-m/fpv4-sp/hard/crtbegin.o
                [!provide]                        PROVIDE (__fini_array_end = .)
                0x000000000800568c                . = ALIGN (0x4)
                0x000000000800568c                _sidata = LOADADDR (.data)

.data           0x0000000020000000       0x14 load address 0x000000000800568c
                0x0000000020000000                . = ALIGN (0x4)
                0x0000000020000000                _sdata = .
 *(.data)
 *(.data*)
 .data.STM32_ID
                0x0000000020000000        0x4 Core/Src/GAS_Can.o
                0x0000000020000000                STM32_ID
 .data.STM32_ID2
                0x0000000020000004        0x4 Core/Src/GAS_Can.o
                0x0000000020000004                STM32_ID2
 .data.SystemCoreClock
                0x0000000020000008        0x4 Core/Src/system_stm32f4xx.o
                0x0000000020000008                SystemCoreClock
 .data.uwTickPrio
                0x000000002000000c        0x4 Drivers/STM32F4xx_HAL_Driver/Src/stm32f4xx_hal.o
                0x000000002000000c                uwTickPrio
 .data.uwTickFreq
                0x0000000020000010        0x1 Drivers/STM32F4xx_HAL_Driver/Src/stm32f4xx_hal.o
                0x0000000020000010                uwTickFreq
 *(.RamFunc)
 *(.RamFunc*)
                0x0000000020000014                . = ALIGN (0x4)
 *fill*         0x0000000020000011        0x3 
                0x0000000020000014                _edata = .

.igot.plt       0x0000000020000014        0x0 load address 0x00000000080056a0
 .igot.plt      0x0000000020000014        0x0 c:/st/stm32cubeide_1.5.1/stm32cubeide/plugins/com.st.stm32cube.ide.mcu.externaltools.gnu-tools-for-stm32.7-2018-q2-update.win32_1.5.0.202011040924/tools/bin/../lib/gcc/arm-none-eabi/7.3.1/thumb/v7e-m/fpv4-sp/hard/crtbegin.o
                0x0000000020000014                . = ALIGN (0x4)

.bss            0x0000000020000014      0x3e8 load address 0x00000000080056a0
                0x0000000020000014                _sbss = .
                0x0000000020000014                __bss_start__ = _sbss
 *(.bss)
 .bss           0x0000000020000014       0x1c c:/st/stm32cubeide_1.5.1/stm32cubeide/plugins/com.st.stm32cube.ide.mcu.externaltools.gnu-tools-for-stm32.7-2018-q2-update.win32_1.5.0.202011040924/tools/bin/../lib/gcc/arm-none-eabi/7.3.1/thumb/v7e-m/fpv4-sp/hard/crtbegin.o
 *(.bss*)
 .bss.pwmChangeFlag
                0x0000000020000030        0x1 Core/Src/GAS_PWM.o
                0x0000000020000030                pwmChangeFlag
 *(COMMON)
 *fill*         0x0000000020000031        0x3 
 COMMON         0x0000000020000034       0xa8 Core/Src/GAS_Can.o
                0x0000000020000034                sFilterConfig
                0x000000002000005c                canTxHeader
                0x0000000020000074                stm32_1
                0x000000002000007c                TC237
                0x0000000020000084                TxMailBox
                0x0000000020000088                canRx0Data
                0x0000000020000090                canRxHeader
                0x00000000200000ac                stm32_2
                0x00000000200000b4                sFilterConfig2
 COMMON         0x00000000200000dc       0x54 Core/Src/GAS_PWM.o
                0x00000000200000dc                pwmIn1
                0x00000000200000f8                pwmIn3
                0x0000000020000114                pwmIn2
 COMMON         0x0000000020000130        0xc Core/Src/GAS_Scheduler.o
                0x0000000020000130                gTask
                0x0000000020000134                pin_state
                0x0000000020000138                gTimerCnt
 COMMON         0x000000002000013c      0x138 Core/Src/adc.o
                0x000000002000013c                hadc2
                0x0000000020000184                hadc1
                0x00000000200001cc                hadc3
                0x0000000020000214                hdma_adc1
 COMMON         0x0000000020000274       0x28 Core/Src/can.o
                0x0000000020000274                hcan2
 COMMON         0x000000002000029c        0x8 Core/Src/crc.o
                0x000000002000029c                hcrc
 COMMON         0x00000000200002a4       0x14 Core/Src/dac.o
                0x00000000200002a4                hdac
 COMMON         0x00000000200002b8      0x140 Core/Src/tim.o
                0x00000000200002b8                htim8
                0x00000000200002f8                htim4
                0x0000000020000338                htim3
                0x0000000020000378                htim1
                0x00000000200003b8                htim12
 COMMON         0x00000000200003f8        0x4 Drivers/STM32F4xx_HAL_Driver/Src/stm32f4xx_hal.o
                0x00000000200003f8                uwTick
                0x00000000200003fc                . = ALIGN (0x4)
                0x00000000200003fc                _ebss = .
                0x00000000200003fc                __bss_end__ = _ebss

._user_heap_stack
                0x00000000200003fc      0x604 load address 0x00000000080056a0
                0x0000000020000400                . = ALIGN (0x8)
 *fill*         0x00000000200003fc        0x4 
                [!provide]                        PROVIDE (end = .)
                0x0000000020000400                PROVIDE (_end = .)
                0x0000000020000600                . = (. + _Min_Heap_Size)
 *fill*         0x0000000020000400      0x200 
                0x0000000020000a00                . = (. + _Min_Stack_Size)
 *fill*         0x0000000020000600      0x400 
                0x0000000020000a00                . = ALIGN (0x8)

/DISCARD/
 libc.a(*)
 libm.a(*)
 libgcc.a(*)

.ARM.attributes
                0x0000000000000000       0x30
 *(.ARM.attributes)
 .ARM.attributes
                0x0000000000000000       0x22 c:/st/stm32cubeide_1.5.1/stm32cubeide/plugins/com.st.stm32cube.ide.mcu.externaltools.gnu-tools-for-stm32.7-2018-q2-update.win32_1.5.0.202011040924/tools/bin/../lib/gcc/arm-none-eabi/7.3.1/thumb/v7e-m/fpv4-sp/hard/crti.o
 .ARM.attributes
                0x0000000000000022       0x34 c:/st/stm32cubeide_1.5.1/stm32cubeide/plugins/com.st.stm32cube.ide.mcu.externaltools.gnu-tools-for-stm32.7-2018-q2-update.win32_1.5.0.202011040924/tools/bin/../lib/gcc/arm-none-eabi/7.3.1/thumb/v7e-m/fpv4-sp/hard/crtbegin.o
 .ARM.attributes
                0x0000000000000056       0x39 Core/Src/GAS_Can.o
 .ARM.attributes
                0x000000000000008f       0x39 Core/Src/GAS_PWM.o
 .ARM.attributes
                0x00000000000000c8       0x39 Core/Src/GAS_Scheduler.o
 .ARM.attributes
                0x0000000000000101       0x39 Core/Src/adc.o
 .ARM.attributes
                0x000000000000013a       0x39 Core/Src/can.o
 .ARM.attributes
                0x0000000000000173       0x39 Core/Src/crc.o
 .ARM.attributes
                0x00000000000001ac       0x39 Core/Src/dac.o
 .ARM.attributes
                0x00000000000001e5       0x39 Core/Src/dma.o
 .ARM.attributes
                0x000000000000021e       0x39 Core/Src/gpio.o
 .ARM.attributes
                0x0000000000000257       0x39 Core/Src/main.o
 .ARM.attributes
                0x0000000000000290       0x39 Core/Src/stm32f4xx_hal_msp.o
 .ARM.attributes
                0x00000000000002c9       0x39 Core/Src/stm32f4xx_it.o
 .ARM.attributes
                0x0000000000000302       0x39 Core/Src/system_stm32f4xx.o
 .ARM.attributes
                0x000000000000033b       0x39 Core/Src/tim.o
 .ARM.attributes
                0x0000000000000374       0x21 Core/Startup/startup_stm32f405rgtx.o
 .ARM.attributes
                0x0000000000000395       0x39 Drivers/STM32F4xx_HAL_Driver/Src/stm32f4xx_hal.o
 .ARM.attributes
                0x00000000000003ce       0x39 Drivers/STM32F4xx_HAL_Driver/Src/stm32f4xx_hal_adc.o
 .ARM.attributes
                0x0000000000000407       0x39 Drivers/STM32F4xx_HAL_Driver/Src/stm32f4xx_hal_can.o
 .ARM.attributes
                0x0000000000000440       0x39 Drivers/STM32F4xx_HAL_Driver/Src/stm32f4xx_hal_cortex.o
 .ARM.attributes
                0x0000000000000479       0x39 Drivers/STM32F4xx_HAL_Driver/Src/stm32f4xx_hal_crc.o
 .ARM.attributes
                0x00000000000004b2       0x39 Drivers/STM32F4xx_HAL_Driver/Src/stm32f4xx_hal_dac.o
 .ARM.attributes
                0x00000000000004eb       0x39 Drivers/STM32F4xx_HAL_Driver/Src/stm32f4xx_hal_dma.o
 .ARM.attributes
                0x0000000000000524       0x39 Drivers/STM32F4xx_HAL_Driver/Src/stm32f4xx_hal_gpio.o
 .ARM.attributes
                0x000000000000055d       0x39 Drivers/STM32F4xx_HAL_Driver/Src/stm32f4xx_hal_rcc.o
 .ARM.attributes
                0x0000000000000596       0x39 Drivers/STM32F4xx_HAL_Driver/Src/stm32f4xx_hal_tim.o
 .ARM.attributes
                0x00000000000005cf       0x39 Drivers/STM32F4xx_HAL_Driver/Src/stm32f4xx_hal_tim_ex.o
 .ARM.attributes
                0x0000000000000608       0x34 c:/st/stm32cubeide_1.5.1/stm32cubeide/plugins/com.st.stm32cube.ide.mcu.externaltools.gnu-tools-for-stm32.7-2018-q2-update.win32_1.5.0.202011040924/tools/bin/../lib/gcc/arm-none-eabi/7.3.1/../../../../arm-none-eabi/lib/thumb/v7e-m/fpv4-sp/hard\libc_nano.a(lib_a-init.o)
 .ARM.attributes
                0x000000000000063c       0x34 c:/st/stm32cubeide_1.5.1/stm32cubeide/plugins/com.st.stm32cube.ide.mcu.externaltools.gnu-tools-for-stm32.7-2018-q2-update.win32_1.5.0.202011040924/tools/bin/../lib/gcc/arm-none-eabi/7.3.1/../../../../arm-none-eabi/lib/thumb/v7e-m/fpv4-sp/hard\libc_nano.a(lib_a-memset.o)
 .ARM.attributes
                0x0000000000000670       0x22 c:/st/stm32cubeide_1.5.1/stm32cubeide/plugins/com.st.stm32cube.ide.mcu.externaltools.gnu-tools-for-stm32.7-2018-q2-update.win32_1.5.0.202011040924/tools/bin/../lib/gcc/arm-none-eabi/7.3.1/thumb/v7e-m/fpv4-sp/hard\libgcc.a(_aeabi_uldivmod.o)
 .ARM.attributes
                0x0000000000000692       0x34 c:/st/stm32cubeide_1.5.1/stm32cubeide/plugins/com.st.stm32cube.ide.mcu.externaltools.gnu-tools-for-stm32.7-2018-q2-update.win32_1.5.0.202011040924/tools/bin/../lib/gcc/arm-none-eabi/7.3.1/thumb/v7e-m/fpv4-sp/hard\libgcc.a(_udivmoddi4.o)
 .ARM.attributes
                0x00000000000006c6       0x22 c:/st/stm32cubeide_1.5.1/stm32cubeide/plugins/com.st.stm32cube.ide.mcu.externaltools.gnu-tools-for-stm32.7-2018-q2-update.win32_1.5.0.202011040924/tools/bin/../lib/gcc/arm-none-eabi/7.3.1/thumb/v7e-m/fpv4-sp/hard\libgcc.a(_dvmd_tls.o)
 .ARM.attributes
                0x00000000000006e8       0x22 c:/st/stm32cubeide_1.5.1/stm32cubeide/plugins/com.st.stm32cube.ide.mcu.externaltools.gnu-tools-for-stm32.7-2018-q2-update.win32_1.5.0.202011040924/tools/bin/../lib/gcc/arm-none-eabi/7.3.1/thumb/v7e-m/fpv4-sp/hard/crtn.o
OUTPUT(SUBMCU.elf elf32-littlearm)

.debug_info     0x0000000000000000    0x13931
 .debug_info    0x0000000000000000     0x1576 Core/Src/GAS_Can.o
 .debug_info    0x0000000000001576     0x104a Core/Src/GAS_PWM.o
 .debug_info    0x00000000000025c0     0x1cb7 Core/Src/GAS_Scheduler.o
 .debug_info    0x0000000000004277      0xb4d Core/Src/adc.o
 .debug_info    0x0000000000004dc4      0xaca Core/Src/can.o
 .debug_info    0x000000000000588e      0x4e0 Core/Src/crc.o
 .debug_info    0x0000000000005d6e      0x8f7 Core/Src/dac.o
 .debug_info    0x0000000000006665      0x558 Core/Src/dma.o
 .debug_info    0x0000000000006bbd      0x4e4 Core/Src/gpio.o
 .debug_info    0x00000000000070a1     0x129c Core/Src/main.o
 .debug_info    0x000000000000833d      0x362 Core/Src/stm32f4xx_hal_msp.o
 .debug_info    0x000000000000869f      0xb09 Core/Src/stm32f4xx_it.o
 .debug_info    0x00000000000091a8      0x554 Core/Src/system_stm32f4xx.o
 .debug_info    0x00000000000096fc      0xf99 Core/Src/tim.o
 .debug_info    0x000000000000a695       0x22 Core/Startup/startup_stm32f405rgtx.o
 .debug_info    0x000000000000a6b7      0x933 Drivers/STM32F4xx_HAL_Driver/Src/stm32f4xx_hal.o
 .debug_info    0x000000000000afea      0xcee Drivers/STM32F4xx_HAL_Driver/Src/stm32f4xx_hal_adc.o
 .debug_info    0x000000000000bcd8      0xfa7 Drivers/STM32F4xx_HAL_Driver/Src/stm32f4xx_hal_can.o
 .debug_info    0x000000000000cc7f      0xe16 Drivers/STM32F4xx_HAL_Driver/Src/stm32f4xx_hal_cortex.o
 .debug_info    0x000000000000da95      0x441 Drivers/STM32F4xx_HAL_Driver/Src/stm32f4xx_hal_crc.o
 .debug_info    0x000000000000ded6      0xa3a Drivers/STM32F4xx_HAL_Driver/Src/stm32f4xx_hal_dac.o
 .debug_info    0x000000000000e910      0x968 Drivers/STM32F4xx_HAL_Driver/Src/stm32f4xx_hal_dma.o
 .debug_info    0x000000000000f278      0x7b5 Drivers/STM32F4xx_HAL_Driver/Src/stm32f4xx_hal_gpio.o
 .debug_info    0x000000000000fa2d      0x904 Drivers/STM32F4xx_HAL_Driver/Src/stm32f4xx_hal_rcc.o
 .debug_info    0x0000000000010331     0x24a9 Drivers/STM32F4xx_HAL_Driver/Src/stm32f4xx_hal_tim.o
 .debug_info    0x00000000000127da     0x1157 Drivers/STM32F4xx_HAL_Driver/Src/stm32f4xx_hal_tim_ex.o

.debug_abbrev   0x0000000000000000     0x2f4a
 .debug_abbrev  0x0000000000000000      0x296 Core/Src/GAS_Can.o
 .debug_abbrev  0x0000000000000296      0x233 Core/Src/GAS_PWM.o
 .debug_abbrev  0x00000000000004c9      0x2dc Core/Src/GAS_Scheduler.o
 .debug_abbrev  0x00000000000007a5      0x1d3 Core/Src/adc.o
 .debug_abbrev  0x0000000000000978      0x1b6 Core/Src/can.o
 .debug_abbrev  0x0000000000000b2e      0x159 Core/Src/crc.o
 .debug_abbrev  0x0000000000000c87      0x199 Core/Src/dac.o
 .debug_abbrev  0x0000000000000e20      0x107 Core/Src/dma.o
 .debug_abbrev  0x0000000000000f27      0x134 Core/Src/gpio.o
 .debug_abbrev  0x000000000000105b      0x21e Core/Src/main.o
 .debug_abbrev  0x0000000000001279      0x109 Core/Src/stm32f4xx_hal_msp.o
 .debug_abbrev  0x0000000000001382      0x1ac Core/Src/stm32f4xx_it.o
 .debug_abbrev  0x000000000000152e      0x12b Core/Src/system_stm32f4xx.o
 .debug_abbrev  0x0000000000001659      0x1dc Core/Src/tim.o
 .debug_abbrev  0x0000000000001835       0x12 Core/Startup/startup_stm32f405rgtx.o
 .debug_abbrev  0x0000000000001847      0x1c7 Drivers/STM32F4xx_HAL_Driver/Src/stm32f4xx_hal.o
 .debug_abbrev  0x0000000000001a0e      0x205 Drivers/STM32F4xx_HAL_Driver/Src/stm32f4xx_hal_adc.o
 .debug_abbrev  0x0000000000001c13      0x21d Drivers/STM32F4xx_HAL_Driver/Src/stm32f4xx_hal_can.o
 .debug_abbrev  0x0000000000001e30      0x2fa Drivers/STM32F4xx_HAL_Driver/Src/stm32f4xx_hal_cortex.o
 .debug_abbrev  0x000000000000212a      0x1b7 Drivers/STM32F4xx_HAL_Driver/Src/stm32f4xx_hal_crc.o
 .debug_abbrev  0x00000000000022e1      0x1e4 Drivers/STM32F4xx_HAL_Driver/Src/stm32f4xx_hal_dac.o
 .debug_abbrev  0x00000000000024c5      0x229 Drivers/STM32F4xx_HAL_Driver/Src/stm32f4xx_hal_dma.o
 .debug_abbrev  0x00000000000026ee      0x1c9 Drivers/STM32F4xx_HAL_Driver/Src/stm32f4xx_hal_gpio.o
 .debug_abbrev  0x00000000000028b7      0x245 Drivers/STM32F4xx_HAL_Driver/Src/stm32f4xx_hal_rcc.o
 .debug_abbrev  0x0000000000002afc      0x230 Drivers/STM32F4xx_HAL_Driver/Src/stm32f4xx_hal_tim.o
 .debug_abbrev  0x0000000000002d2c      0x21e Drivers/STM32F4xx_HAL_Driver/Src/stm32f4xx_hal_tim_ex.o

.debug_aranges  0x0000000000000000      0xf20
 .debug_aranges
                0x0000000000000000       0x48 Core/Src/GAS_Can.o
 .debug_aranges
                0x0000000000000048       0x48 Core/Src/GAS_PWM.o
 .debug_aranges
                0x0000000000000090       0x60 Core/Src/GAS_Scheduler.o
 .debug_aranges
                0x00000000000000f0       0x40 Core/Src/adc.o
 .debug_aranges
                0x0000000000000130       0x30 Core/Src/can.o
 .debug_aranges
                0x0000000000000160       0x30 Core/Src/crc.o
 .debug_aranges
                0x0000000000000190       0x30 Core/Src/dac.o
 .debug_aranges
                0x00000000000001c0       0x20 Core/Src/dma.o
 .debug_aranges
                0x00000000000001e0       0x20 Core/Src/gpio.o
 .debug_aranges
                0x0000000000000200       0x30 Core/Src/main.o
 .debug_aranges
                0x0000000000000230       0x20 Core/Src/stm32f4xx_hal_msp.o
 .debug_aranges
                0x0000000000000250       0x90 Core/Src/stm32f4xx_it.o
 .debug_aranges
                0x00000000000002e0       0x28 Core/Src/system_stm32f4xx.o
 .debug_aranges
                0x0000000000000308       0x50 Core/Src/tim.o
 .debug_aranges
                0x0000000000000358       0x28 Core/Startup/startup_stm32f405rgtx.o
 .debug_aranges
                0x0000000000000380       0xf0 Drivers/STM32F4xx_HAL_Driver/Src/stm32f4xx_hal.o
 .debug_aranges
                0x0000000000000470       0xe8 Drivers/STM32F4xx_HAL_Driver/Src/stm32f4xx_hal_adc.o
 .debug_aranges
                0x0000000000000558      0x138 Drivers/STM32F4xx_HAL_Driver/Src/stm32f4xx_hal_can.o
 .debug_aranges
                0x0000000000000690      0x118 Drivers/STM32F4xx_HAL_Driver/Src/stm32f4xx_hal_cortex.o
 .debug_aranges
                0x00000000000007a8       0x50 Drivers/STM32F4xx_HAL_Driver/Src/stm32f4xx_hal_crc.o
 .debug_aranges
                0x00000000000007f8       0xc0 Drivers/STM32F4xx_HAL_Driver/Src/stm32f4xx_hal_dac.o
 .debug_aranges
                0x00000000000008b8       0x90 Drivers/STM32F4xx_HAL_Driver/Src/stm32f4xx_hal_dma.o
 .debug_aranges
                0x0000000000000948       0x58 Drivers/STM32F4xx_HAL_Driver/Src/stm32f4xx_hal_gpio.o
 .debug_aranges
                0x00000000000009a0       0x88 Drivers/STM32F4xx_HAL_Driver/Src/stm32f4xx_hal_rcc.o
 .debug_aranges
                0x0000000000000a28      0x3a8 Drivers/STM32F4xx_HAL_Driver/Src/stm32f4xx_hal_tim.o
 .debug_aranges
                0x0000000000000dd0      0x150 Drivers/STM32F4xx_HAL_Driver/Src/stm32f4xx_hal_tim_ex.o

.debug_ranges   0x0000000000000000      0xd88
 .debug_ranges  0x0000000000000000       0x38 Core/Src/GAS_Can.o
 .debug_ranges  0x0000000000000038       0x38 Core/Src/GAS_PWM.o
 .debug_ranges  0x0000000000000070       0x50 Core/Src/GAS_Scheduler.o
 .debug_ranges  0x00000000000000c0       0x30 Core/Src/adc.o
 .debug_ranges  0x00000000000000f0       0x20 Core/Src/can.o
 .debug_ranges  0x0000000000000110       0x20 Core/Src/crc.o
 .debug_ranges  0x0000000000000130       0x20 Core/Src/dac.o
 .debug_ranges  0x0000000000000150       0x10 Core/Src/dma.o
 .debug_ranges  0x0000000000000160       0x10 Core/Src/gpio.o
 .debug_ranges  0x0000000000000170       0x20 Core/Src/main.o
 .debug_ranges  0x0000000000000190       0x10 Core/Src/stm32f4xx_hal_msp.o
 .debug_ranges  0x00000000000001a0       0x80 Core/Src/stm32f4xx_it.o
 .debug_ranges  0x0000000000000220       0x18 Core/Src/system_stm32f4xx.o
 .debug_ranges  0x0000000000000238       0x40 Core/Src/tim.o
 .debug_ranges  0x0000000000000278       0x20 Core/Startup/startup_stm32f405rgtx.o
 .debug_ranges  0x0000000000000298       0xe0 Drivers/STM32F4xx_HAL_Driver/Src/stm32f4xx_hal.o
 .debug_ranges  0x0000000000000378       0xd8 Drivers/STM32F4xx_HAL_Driver/Src/stm32f4xx_hal_adc.o
 .debug_ranges  0x0000000000000450      0x128 Drivers/STM32F4xx_HAL_Driver/Src/stm32f4xx_hal_can.o
 .debug_ranges  0x0000000000000578      0x108 Drivers/STM32F4xx_HAL_Driver/Src/stm32f4xx_hal_cortex.o
 .debug_ranges  0x0000000000000680       0x40 Drivers/STM32F4xx_HAL_Driver/Src/stm32f4xx_hal_crc.o
 .debug_ranges  0x00000000000006c0       0xb0 Drivers/STM32F4xx_HAL_Driver/Src/stm32f4xx_hal_dac.o
 .debug_ranges  0x0000000000000770       0x80 Drivers/STM32F4xx_HAL_Driver/Src/stm32f4xx_hal_dma.o
 .debug_ranges  0x00000000000007f0       0x48 Drivers/STM32F4xx_HAL_Driver/Src/stm32f4xx_hal_gpio.o
 .debug_ranges  0x0000000000000838       0x78 Drivers/STM32F4xx_HAL_Driver/Src/stm32f4xx_hal_rcc.o
 .debug_ranges  0x00000000000008b0      0x398 Drivers/STM32F4xx_HAL_Driver/Src/stm32f4xx_hal_tim.o
 .debug_ranges  0x0000000000000c48      0x140 Drivers/STM32F4xx_HAL_Driver/Src/stm32f4xx_hal_tim_ex.o

.debug_macro    0x0000000000000000    0x21ee7
 .debug_macro   0x0000000000000000      0x3da Core/Src/GAS_Can.o
 .debug_macro   0x00000000000003da      0xa5a Core/Src/GAS_Can.o
 .debug_macro   0x0000000000000e34       0x2e Core/Src/GAS_Can.o
 .debug_macro   0x0000000000000e62       0x2f Core/Src/GAS_Can.o
 .debug_macro   0x0000000000000e91       0x22 Core/Src/GAS_Can.o
 .debug_macro   0x0000000000000eb3       0x8e Core/Src/GAS_Can.o
 .debug_macro   0x0000000000000f41       0x51 Core/Src/GAS_Can.o
 .debug_macro   0x0000000000000f92       0xef Core/Src/GAS_Can.o
 .debug_macro   0x0000000000001081       0x6a Core/Src/GAS_Can.o
 .debug_macro   0x00000000000010eb      0x1df Core/Src/GAS_Can.o
 .debug_macro   0x00000000000012ca       0x1c Core/Src/GAS_Can.o
 .debug_macro   0x00000000000012e6       0x22 Core/Src/GAS_Can.o
 .debug_macro   0x0000000000001308       0xdf Core/Src/GAS_Can.o
 .debug_macro   0x00000000000013e7     0x102d Core/Src/GAS_Can.o
 .debug_macro   0x0000000000002414      0x11f Core/Src/GAS_Can.o
 .debug_macro   0x0000000000002533    0x14251 Core/Src/GAS_Can.o
 .debug_macro   0x0000000000016784       0x43 Core/Src/GAS_Can.o
 .debug_macro   0x00000000000167c7      0x2a8 Core/Src/GAS_Can.o
 .debug_macro   0x0000000000016a6f      0x8a7 Core/Src/GAS_Can.o
 .debug_macro   0x0000000000017316      0x9fe Core/Src/GAS_Can.o
 .debug_macro   0x0000000000017d14      0x117 Core/Src/GAS_Can.o
 .debug_macro   0x0000000000017e2b      0x130 Core/Src/GAS_Can.o
 .debug_macro   0x0000000000017f5b       0x27 Core/Src/GAS_Can.o
 .debug_macro   0x0000000000017f82      0x174 Core/Src/GAS_Can.o
 .debug_macro   0x00000000000180f6      0x287 Core/Src/GAS_Can.o
 .debug_macro   0x000000000001837d       0x5f Core/Src/GAS_Can.o
 .debug_macro   0x00000000000183dc      0x236 Core/Src/GAS_Can.o
 .debug_macro   0x0000000000018612      0x391 Core/Src/GAS_Can.o
 .debug_macro   0x00000000000189a3      0x176 Core/Src/GAS_Can.o
 .debug_macro   0x0000000000018b19       0xf9 Core/Src/GAS_Can.o
 .debug_macro   0x0000000000018c12       0x22 Core/Src/GAS_Can.o
 .debug_macro   0x0000000000018c34       0xea Core/Src/GAS_Can.o
 .debug_macro   0x0000000000018d1e       0xa0 Core/Src/GAS_Can.o
 .debug_macro   0x0000000000018dbe       0x3c Core/Src/GAS_Can.o
 .debug_macro   0x0000000000018dfa      0x12c Core/Src/GAS_Can.o
 .debug_macro   0x0000000000018f26      0x21e Core/Src/GAS_Can.o
 .debug_macro   0x0000000000019144       0x2e Core/Src/GAS_Can.o
 .debug_macro   0x0000000000019172      0x11a Core/Src/GAS_Can.o
 .debug_macro   0x000000000001928c       0x7e Core/Src/GAS_Can.o
 .debug_macro   0x000000000001930a       0x89 Core/Src/GAS_Can.o
 .debug_macro   0x0000000000019393      0x8a0 Core/Src/GAS_Can.o
 .debug_macro   0x0000000000019c33       0x47 Core/Src/GAS_Can.o
 .debug_macro   0x0000000000019c7a      0x12d Core/Src/GAS_Can.o
 .debug_macro   0x0000000000019da7     0x3659 Core/Src/GAS_Can.o
 .debug_macro   0x000000000001d400      0x174 Core/Src/GAS_Can.o
 .debug_macro   0x000000000001d574       0x5a Core/Src/GAS_Can.o
 .debug_macro   0x000000000001d5ce      0x409 Core/Src/GAS_Can.o
 .debug_macro   0x000000000001d9d7       0x46 Core/Src/GAS_Can.o
 .debug_macro   0x000000000001da1d       0x18 Core/Src/GAS_Can.o
 .debug_macro   0x000000000001da35       0x3c Core/Src/GAS_Can.o
 .debug_macro   0x000000000001da71       0x34 Core/Src/GAS_Can.o
 .debug_macro   0x000000000001daa5       0x16 Core/Src/GAS_Can.o
 .debug_macro   0x000000000001dabb       0x35 Core/Src/GAS_Can.o
 .debug_macro   0x000000000001daf0      0x32a Core/Src/GAS_Can.o
 .debug_macro   0x000000000001de1a       0x10 Core/Src/GAS_Can.o
 .debug_macro   0x000000000001de2a       0x52 Core/Src/GAS_Can.o
 .debug_macro   0x000000000001de7c       0x1f Core/Src/GAS_Can.o
 .debug_macro   0x000000000001de9b       0x43 Core/Src/GAS_Can.o
 .debug_macro   0x000000000001dede       0x20 Core/Src/GAS_Can.o
 .debug_macro   0x000000000001defe      0x1a3 Core/Src/GAS_Can.o
 .debug_macro   0x000000000001e0a1       0x10 Core/Src/GAS_Can.o
 .debug_macro   0x000000000001e0b1       0x1c Core/Src/GAS_Can.o
 .debug_macro   0x000000000001e0cd       0x52 Core/Src/GAS_Can.o
 .debug_macro   0x000000000001e11f       0x40 Core/Src/GAS_Can.o
 .debug_macro   0x000000000001e15f       0x10 Core/Src/GAS_Can.o
 .debug_macro   0x000000000001e16f       0x40 Core/Src/GAS_Can.o
 .debug_macro   0x000000000001e1af       0xd7 Core/Src/GAS_Can.o
 .debug_macro   0x000000000001e286       0x1c Core/Src/GAS_Can.o
 .debug_macro   0x000000000001e2a2       0x3d Core/Src/GAS_Can.o
 .debug_macro   0x000000000001e2df       0x16 Core/Src/GAS_Can.o
 .debug_macro   0x000000000001e2f5      0x145 Core/Src/GAS_Can.o
 .debug_macro   0x000000000001e43a       0x16 Core/Src/GAS_Can.o
 .debug_macro   0x000000000001e450       0x16 Core/Src/GAS_Can.o
 .debug_macro   0x000000000001e466       0x29 Core/Src/GAS_Can.o
 .debug_macro   0x000000000001e48f      0x396 Core/Src/GAS_PWM.o
 .debug_macro   0x000000000001e825      0x40f Core/Src/GAS_PWM.o
 .debug_macro   0x000000000001ec34      0x408 Core/Src/GAS_Scheduler.o
 .debug_macro   0x000000000001f03c      0x21e Core/Src/adc.o
 .debug_macro   0x000000000001f25a      0x21e Core/Src/can.o
 .debug_macro   0x000000000001f478      0x21e Core/Src/crc.o
 .debug_macro   0x000000000001f696      0x21e Core/Src/dac.o
 .debug_macro   0x000000000001f8b4      0x21e Core/Src/dma.o
 .debug_macro   0x000000000001fad2      0x21e Core/Src/gpio.o
 .debug_macro   0x000000000001fcf0      0x25e Core/Src/main.o
 .debug_macro   0x000000000001ff4e      0x214 Core/Src/stm32f4xx_hal_msp.o
 .debug_macro   0x0000000000020162      0x21e Core/Src/stm32f4xx_it.o
 .debug_macro   0x0000000000020380      0x210 Core/Src/system_stm32f4xx.o
 .debug_macro   0x0000000000020590      0x21e Core/Src/tim.o
 .debug_macro   0x00000000000207ae      0x26a Drivers/STM32F4xx_HAL_Driver/Src/stm32f4xx_hal.o
 .debug_macro   0x0000000000020a18      0x20b Drivers/STM32F4xx_HAL_Driver/Src/stm32f4xx_hal_adc.o
 .debug_macro   0x0000000000020c23      0x212 Drivers/STM32F4xx_HAL_Driver/Src/stm32f4xx_hal_can.o
 .debug_macro   0x0000000000020e35      0x20a Drivers/STM32F4xx_HAL_Driver/Src/stm32f4xx_hal_cortex.o
 .debug_macro   0x000000000002103f      0x20a Drivers/STM32F4xx_HAL_Driver/Src/stm32f4xx_hal_crc.o
 .debug_macro   0x0000000000021249      0x20b Drivers/STM32F4xx_HAL_Driver/Src/stm32f4xx_hal_dac.o
 .debug_macro   0x0000000000021454      0x210 Drivers/STM32F4xx_HAL_Driver/Src/stm32f4xx_hal_dma.o
 .debug_macro   0x0000000000021664      0x240 Drivers/STM32F4xx_HAL_Driver/Src/stm32f4xx_hal_gpio.o
 .debug_macro   0x00000000000218a4      0x22e Drivers/STM32F4xx_HAL_Driver/Src/stm32f4xx_hal_rcc.o
 .debug_macro   0x0000000000021ad2      0x20b Drivers/STM32F4xx_HAL_Driver/Src/stm32f4xx_hal_tim.o
 .debug_macro   0x0000000000021cdd      0x20a Drivers/STM32F4xx_HAL_Driver/Src/stm32f4xx_hal_tim_ex.o

.debug_line     0x0000000000000000     0xf303
 .debug_line    0x0000000000000000      0x9dc Core/Src/GAS_Can.o
 .debug_line    0x00000000000009dc      0x9a7 Core/Src/GAS_PWM.o
 .debug_line    0x0000000000001383      0xa46 Core/Src/GAS_Scheduler.o
 .debug_line    0x0000000000001dc9      0x818 Core/Src/adc.o
 .debug_line    0x00000000000025e1      0x775 Core/Src/can.o
 .debug_line    0x0000000000002d56      0x758 Core/Src/crc.o
 .debug_line    0x00000000000034ae      0x765 Core/Src/dac.o
 .debug_line    0x0000000000003c13      0x734 Core/Src/dma.o
 .debug_line    0x0000000000004347      0x75d Core/Src/gpio.o
 .debug_line    0x0000000000004aa4      0x7ca Core/Src/main.o
 .debug_line    0x000000000000526e      0x739 Core/Src/stm32f4xx_hal_msp.o
 .debug_line    0x00000000000059a7      0x84f Core/Src/stm32f4xx_it.o
 .debug_line    0x00000000000061f6      0x754 Core/Src/system_stm32f4xx.o
 .debug_line    0x000000000000694a      0x8c1 Core/Src/tim.o
 .debug_line    0x000000000000720b       0x85 Core/Startup/startup_stm32f405rgtx.o
 .debug_line    0x0000000000007290      0x93e Drivers/STM32F4xx_HAL_Driver/Src/stm32f4xx_hal.o
 .debug_line    0x0000000000007bce      0xba3 Drivers/STM32F4xx_HAL_Driver/Src/stm32f4xx_hal_adc.o
 .debug_line    0x0000000000008771      0xbe7 Drivers/STM32F4xx_HAL_Driver/Src/stm32f4xx_hal_can.o
 .debug_line    0x0000000000009358      0xa62 Drivers/STM32F4xx_HAL_Driver/Src/stm32f4xx_hal_cortex.o
 .debug_line    0x0000000000009dba      0x7ed Drivers/STM32F4xx_HAL_Driver/Src/stm32f4xx_hal_crc.o
 .debug_line    0x000000000000a5a7      0x992 Drivers/STM32F4xx_HAL_Driver/Src/stm32f4xx_hal_dac.o
 .debug_line    0x000000000000af39      0xa0c Drivers/STM32F4xx_HAL_Driver/Src/stm32f4xx_hal_dma.o
 .debug_line    0x000000000000b945      0x91d Drivers/STM32F4xx_HAL_Driver/Src/stm32f4xx_hal_gpio.o
 .debug_line    0x000000000000c262      0x996 Drivers/STM32F4xx_HAL_Driver/Src/stm32f4xx_hal_rcc.o
 .debug_line    0x000000000000cbf8     0x19b7 Drivers/STM32F4xx_HAL_Driver/Src/stm32f4xx_hal_tim.o
 .debug_line    0x000000000000e5af      0xd54 Drivers/STM32F4xx_HAL_Driver/Src/stm32f4xx_hal_tim_ex.o

.debug_str      0x0000000000000000    0xc5dfb
 .debug_str     0x0000000000000000    0xc1fc4 Core/Src/GAS_Can.o
                                      0xc2364 (size before relaxing)
 .debug_str     0x00000000000c1fc4      0x319 Core/Src/GAS_PWM.o
                                      0xc1ef1 (size before relaxing)
 .debug_str     0x00000000000c22dd      0x6c8 Core/Src/GAS_Scheduler.o
                                      0xc2aa4 (size before relaxing)
 .debug_str     0x00000000000c29a5      0x1c5 Core/Src/adc.o
                                      0xbdea0 (size before relaxing)
 .debug_str     0x00000000000c2b6a       0x4b Core/Src/can.o
                                      0xbe191 (size before relaxing)
 .debug_str     0x00000000000c2bb5       0xf2 Core/Src/crc.o
                                      0xbdad0 (size before relaxing)
 .debug_str     0x00000000000c2ca7      0x195 Core/Src/dac.o
                                      0xbddf3 (size before relaxing)
 .debug_str     0x00000000000c2e3c       0x1e Core/Src/dma.o
                                      0xbde5e (size before relaxing)
 .debug_str     0x00000000000c2e5a       0x48 Core/Src/gpio.o
                                      0xbda31 (size before relaxing)
 .debug_str     0x00000000000c2ea2      0x15c Core/Src/main.o
                                      0xbe509 (size before relaxing)
 .debug_str     0x00000000000c2ffe       0x2c Core/Src/stm32f4xx_hal_msp.o
                                      0xbd994 (size before relaxing)
 .debug_str     0x00000000000c302a      0x133 Core/Src/stm32f4xx_it.o
                                      0xbe046 (size before relaxing)
 .debug_str     0x00000000000c315d       0x70 Core/Src/system_stm32f4xx.o
                                      0xbda1b (size before relaxing)
 .debug_str     0x00000000000c31cd      0x1a6 Core/Src/tim.o
                                      0xbe50b (size before relaxing)
 .debug_str     0x00000000000c3373       0x36 Core/Startup/startup_stm32f405rgtx.o
                                         0x62 (size before relaxing)
 .debug_str     0x00000000000c33a9      0x575 Drivers/STM32F4xx_HAL_Driver/Src/stm32f4xx_hal.o
                                      0xbe4c7 (size before relaxing)
 .debug_str     0x00000000000c391e      0x2aa Drivers/STM32F4xx_HAL_Driver/Src/stm32f4xx_hal_adc.o
                                      0xbdfb2 (size before relaxing)
 .debug_str     0x00000000000c3bc8      0x426 Drivers/STM32F4xx_HAL_Driver/Src/stm32f4xx_hal_can.o
                                      0xbe112 (size before relaxing)
 .debug_str     0x00000000000c3fee      0x329 Drivers/STM32F4xx_HAL_Driver/Src/stm32f4xx_hal_cortex.o
                                      0xbe2b6 (size before relaxing)
 .debug_str     0x00000000000c4317       0xaa Drivers/STM32F4xx_HAL_Driver/Src/stm32f4xx_hal_crc.o
                                      0xbda60 (size before relaxing)
 .debug_str     0x00000000000c43c1      0x1bd Drivers/STM32F4xx_HAL_Driver/Src/stm32f4xx_hal_dac.o
                                      0xbde3f (size before relaxing)
 .debug_str     0x00000000000c457e      0x315 Drivers/STM32F4xx_HAL_Driver/Src/stm32f4xx_hal_dma.o
                                      0xbde30 (size before relaxing)
 .debug_str     0x00000000000c4893      0x207 Drivers/STM32F4xx_HAL_Driver/Src/stm32f4xx_hal_gpio.o
                                      0xbdc5a (size before relaxing)
 .debug_str     0x00000000000c4a9a      0x259 Drivers/STM32F4xx_HAL_Driver/Src/stm32f4xx_hal_rcc.o
                                      0xbde08 (size before relaxing)
 .debug_str     0x00000000000c4cf3      0xc66 Drivers/STM32F4xx_HAL_Driver/Src/stm32f4xx_hal_tim.o
                                      0xbeb27 (size before relaxing)
 .debug_str     0x00000000000c5959      0x4a2 Drivers/STM32F4xx_HAL_Driver/Src/stm32f4xx_hal_tim_ex.o
                                      0xbe327 (size before relaxing)

.comment        0x0000000000000000       0x7b
 .comment       0x0000000000000000       0x7b Core/Src/GAS_Can.o
                                         0x7c (size before relaxing)
 .comment       0x000000000000007b       0x7c Core/Src/GAS_PWM.o
 .comment       0x000000000000007b       0x7c Core/Src/GAS_Scheduler.o
 .comment       0x000000000000007b       0x7c Core/Src/adc.o
 .comment       0x000000000000007b       0x7c Core/Src/can.o
 .comment       0x000000000000007b       0x7c Core/Src/crc.o
 .comment       0x000000000000007b       0x7c Core/Src/dac.o
 .comment       0x000000000000007b       0x7c Core/Src/dma.o
 .comment       0x000000000000007b       0x7c Core/Src/gpio.o
 .comment       0x000000000000007b       0x7c Core/Src/main.o
 .comment       0x000000000000007b       0x7c Core/Src/stm32f4xx_hal_msp.o
 .comment       0x000000000000007b       0x7c Core/Src/stm32f4xx_it.o
 .comment       0x000000000000007b       0x7c Core/Src/system_stm32f4xx.o
 .comment       0x000000000000007b       0x7c Core/Src/tim.o
 .comment       0x000000000000007b       0x7c Drivers/STM32F4xx_HAL_Driver/Src/stm32f4xx_hal.o
 .comment       0x000000000000007b       0x7c Drivers/STM32F4xx_HAL_Driver/Src/stm32f4xx_hal_adc.o
 .comment       0x000000000000007b       0x7c Drivers/STM32F4xx_HAL_Driver/Src/stm32f4xx_hal_can.o
 .comment       0x000000000000007b       0x7c Drivers/STM32F4xx_HAL_Driver/Src/stm32f4xx_hal_cortex.o
 .comment       0x000000000000007b       0x7c Drivers/STM32F4xx_HAL_Driver/Src/stm32f4xx_hal_crc.o
 .comment       0x000000000000007b       0x7c Drivers/STM32F4xx_HAL_Driver/Src/stm32f4xx_hal_dac.o
 .comment       0x000000000000007b       0x7c Drivers/STM32F4xx_HAL_Driver/Src/stm32f4xx_hal_dma.o
 .comment       0x000000000000007b       0x7c Drivers/STM32F4xx_HAL_Driver/Src/stm32f4xx_hal_gpio.o
 .comment       0x000000000000007b       0x7c Drivers/STM32F4xx_HAL_Driver/Src/stm32f4xx_hal_rcc.o
 .comment       0x000000000000007b       0x7c Drivers/STM32F4xx_HAL_Driver/Src/stm32f4xx_hal_tim.o
 .comment       0x000000000000007b       0x7c Drivers/STM32F4xx_HAL_Driver/Src/stm32f4xx_hal_tim_ex.o

.debug_frame    0x0000000000000000     0x3c20
 .debug_frame   0x0000000000000000       0xd8 Core/Src/GAS_Can.o
 .debug_frame   0x00000000000000d8       0xdc Core/Src/GAS_PWM.o
 .debug_frame   0x00000000000001b4      0x130 Core/Src/GAS_Scheduler.o
 .debug_frame   0x00000000000002e4       0xc8 Core/Src/adc.o
 .debug_frame   0x00000000000003ac       0x74 Core/Src/can.o
 .debug_frame   0x0000000000000420       0x7c Core/Src/crc.o
 .debug_frame   0x000000000000049c       0x7c Core/Src/dac.o
 .debug_frame   0x0000000000000518       0x34 Core/Src/dma.o
 .debug_frame   0x000000000000054c       0x34 Core/Src/gpio.o
 .debug_frame   0x0000000000000580       0x68 Core/Src/main.o
 .debug_frame   0x00000000000005e8       0x38 Core/Src/stm32f4xx_hal_msp.o
 .debug_frame   0x0000000000000620      0x1b0 Core/Src/stm32f4xx_it.o
 .debug_frame   0x00000000000007d0       0x58 Core/Src/system_stm32f4xx.o
 .debug_frame   0x0000000000000828      0x110 Core/Src/tim.o
 .debug_frame   0x0000000000000938      0x374 Drivers/STM32F4xx_HAL_Driver/Src/stm32f4xx_hal.o
 .debug_frame   0x0000000000000cac      0x3fc Drivers/STM32F4xx_HAL_Driver/Src/stm32f4xx_hal_adc.o
 .debug_frame   0x00000000000010a8      0x5a0 Drivers/STM32F4xx_HAL_Driver/Src/stm32f4xx_hal_can.o
 .debug_frame   0x0000000000001648      0x498 Drivers/STM32F4xx_HAL_Driver/Src/stm32f4xx_hal_cortex.o
 .debug_frame   0x0000000000001ae0      0x120 Drivers/STM32F4xx_HAL_Driver/Src/stm32f4xx_hal_crc.o
 .debug_frame   0x0000000000001c00      0x338 Drivers/STM32F4xx_HAL_Driver/Src/stm32f4xx_hal_dac.o
 .debug_frame   0x0000000000001f38      0x250 Drivers/STM32F4xx_HAL_Driver/Src/stm32f4xx_hal_dma.o
 .debug_frame   0x0000000000002188      0x14c Drivers/STM32F4xx_HAL_Driver/Src/stm32f4xx_hal_gpio.o
 .debug_frame   0x00000000000022d4      0x1f0 Drivers/STM32F4xx_HAL_Driver/Src/stm32f4xx_hal_rcc.o
 .debug_frame   0x00000000000024c4     0x10f0 Drivers/STM32F4xx_HAL_Driver/Src/stm32f4xx_hal_tim.o
 .debug_frame   0x00000000000035b4      0x5c0 Drivers/STM32F4xx_HAL_Driver/Src/stm32f4xx_hal_tim_ex.o
 .debug_frame   0x0000000000003b74       0x2c c:/st/stm32cubeide_1.5.1/stm32cubeide/plugins/com.st.stm32cube.ide.mcu.externaltools.gnu-tools-for-stm32.7-2018-q2-update.win32_1.5.0.202011040924/tools/bin/../lib/gcc/arm-none-eabi/7.3.1/../../../../arm-none-eabi/lib/thumb/v7e-m/fpv4-sp/hard\libc_nano.a(lib_a-init.o)
 .debug_frame   0x0000000000003ba0       0x20 c:/st/stm32cubeide_1.5.1/stm32cubeide/plugins/com.st.stm32cube.ide.mcu.externaltools.gnu-tools-for-stm32.7-2018-q2-update.win32_1.5.0.202011040924/tools/bin/../lib/gcc/arm-none-eabi/7.3.1/../../../../arm-none-eabi/lib/thumb/v7e-m/fpv4-sp/hard\libc_nano.a(lib_a-memset.o)
 .debug_frame   0x0000000000003bc0       0x2c c:/st/stm32cubeide_1.5.1/stm32cubeide/plugins/com.st.stm32cube.ide.mcu.externaltools.gnu-tools-for-stm32.7-2018-q2-update.win32_1.5.0.202011040924/tools/bin/../lib/gcc/arm-none-eabi/7.3.1/thumb/v7e-m/fpv4-sp/hard\libgcc.a(_aeabi_uldivmod.o)
 .debug_frame   0x0000000000003bec       0x34 c:/st/stm32cubeide_1.5.1/stm32cubeide/plugins/com.st.stm32cube.ide.mcu.externaltools.gnu-tools-for-stm32.7-2018-q2-update.win32_1.5.0.202011040924/tools/bin/../lib/gcc/arm-none-eabi/7.3.1/thumb/v7e-m/fpv4-sp/hard\libgcc.a(_udivmoddi4.o)
